---
source: tests/formats.rs
expression: "common::explore(&display_name(&path), &data)"
---
▾ cell.roi — ImageJ ROI v228, polygon (10, 5)–(30, 15), 4 point(s), "cell 1"  [0x0+0x9c]
  ▾ Header  [0x0+0x40]
      Magic: "Iout"  [0x0+0x4]
      Version: 228  [0x4+0x2]
      Type: polygon (0x0)  [0x6+0x1]
      Padding: 0  [0x7+0x1]
      Top: 5  [0x8+0x2]
      Left: 10  [0xa+0x2]
      Bottom: 15  [0xc+0x2]
      Right: 30  [0xe+0x2]
      Coordinates: 4  [0x10+0x2]
      X1: 0  [0x12+0x4]
      Y1: 0  [0x16+0x4]
      X2: 0  [0x1a+0x4]
      Y2: 0  [0x1e+0x4]
      Stroke width: 1  [0x22+0x2]
      Shape ROI size: 0  [0x24+0x4]
      Stroke color: 0xffff0000  [0x28+0x4]
      Fill color: 0x0  [0x2c+0x4]
      Subtype: 0  [0x30+0x2]
      Options: 0x0  [0x32+0x2]
      Arrow style / aspect ratio: 0  [0x34+0x1]
      Point type: 0  [0x35+0x1]
      Arrow head size / arc size: 0  [0x36+0x2]
      Position: 0  [0x38+0x4]
      Header 2 offset: 0x50  [0x3c+0x4]
  ▾ Coordinates: 4  [0x40+0x10]
      Point 0: "(10, 5)"
      Point 1: "(30, 5)"
      Point 2: "(30, 15)"
      Point 3: "(10, 15)"
    Header 2 — C 1, Z 2, T 3  [0x50+0x40]
    Name: "cell 1"  [0x90+0xc]
