---
source: tests/formats.rs
expression: "common::explore(&display_name(&path), &data)"
---
▾ tune.stm — STM 2.21 (!Scream!), 1 patterns — fillyfoal stm  [0x0+0x8a0]
  ▾ Header  [0x0+0x30]
      Song name: "fillyfoal stm"  [0x0+0x14]
      Tracker: "!Scream!"  [0x14+0x8]
      EOF marker: 0x1a  [0x1c+0x1]
      Type: 2  [0x1d+0x1]
      Version (major): 2  [0x1e+0x1]
      Version (minor): 21  [0x1f+0x1]
      Tempo: 96  [0x20+0x1]
      Patterns: 1  [0x21+0x1]
      Global volume: 64  [0x22+0x1]
      Reserved: 00 00 00 00 00 00 00 00 00 00 00 00 00  |.............|  [0x23+0xd]
  ▾ Samples — 31 entries  [0x30+0x3e0]
    ▾ Sample 0 — beep.smp, 16 bytes  [0x30+0x20]
        File name: "beep.smp"  [0x30+0xc]
        Reserved: 0  [0x3c+0x1]
        Instrument disk: 0  [0x3d+0x1]
        Data offset: 0  [0x3e+0x2]
        Length: 16  [0x40+0x2]
        Loop start: 0  [0x42+0x2]
        Loop end: 65535  [0x44+0x2]
        Volume: 64  [0x46+0x1]
        Reserved: 0  [0x47+0x1]
        C-3 speed: 8363  [0x48+0x2]
        Reserved: 00 00 00 00 00 00  |......|  [0x4a+0x6]
    ▾ Sample 1 — (unnamed), 0 bytes  [0x50+0x20]
        File name: ""  [0x50+0xc]
        Reserved: 0  [0x5c+0x1]
        Instrument disk: 0  [0x5d+0x1]
        Data offset: 0  [0x5e+0x2]
        Length: 0  [0x60+0x2]
        Loop start: 0  [0x62+0x2]
        Loop end: 65535  [0x64+0x2]
        Volume: 0  [0x66+0x1]
        Reserved: 0  [0x67+0x1]
        C-3 speed: 8363  [0x68+0x2]
        Reserved: 00 00 00 00 00 00  |......|  [0x6a+0x6]
    ▾ Sample 2 — (unnamed), 0 bytes  [0x70+0x20]
        File name: ""  [0x70+0xc]
        Reserved: 0  [0x7c+0x1]
        Instrument disk: 0  [0x7d+0x1]
        Data offset: 0  [0x7e+0x2]
        Length: 0  [0x80+0x2]
        Loop start: 0  [0x82+0x2]
        Loop end: 65535  [0x84+0x2]
        Volume: 0  [0x86+0x1]
        Reserved: 0  [0x87+0x1]
        C-3 speed: 8363  [0x88+0x2]
        Reserved: 00 00 00 00 00 00  |......|  [0x8a+0x6]
    ▾ Sample 3 — (unnamed), 0 bytes  [0x90+0x20]
        File name: ""  [0x90+0xc]
        Reserved: 0  [0x9c+0x1]
        Instrument disk: 0  [0x9d+0x1]
        Data offset: 0  [0x9e+0x2]
        Length: 0  [0xa0+0x2]
        Loop start: 0  [0xa2+0x2]
        Loop end: 65535  [0xa4+0x2]
        Volume: 0  [0xa6+0x1]
        Reserved: 0  [0xa7+0x1]
        C-3 speed: 8363  [0xa8+0x2]
        Reserved: 00 00 00 00 00 00  |......|  [0xaa+0x6]
    ▾ Sample 4 — (unnamed), 0 bytes  [0xb0+0x20]
        File name: ""  [0xb0+0xc]
        Reserved: 0  [0xbc+0x1]
        Instrument disk: 0  [0xbd+0x1]
        Data offset: 0  [0xbe+0x2]
        Length: 0  [0xc0+0x2]
        Loop start: 0  [0xc2+0x2]
        Loop end: 65535  [0xc4+0x2]
        Volume: 0  [0xc6+0x1]
        Reserved: 0  [0xc7+0x1]
        C-3 speed: 8363  [0xc8+0x2]
        Reserved: 00 00 00 00 00 00  |......|  [0xca+0x6]
    ▾ Sample 5 — (unnamed), 0 bytes  [0xd0+0x20]
        File name: ""  [0xd0+0xc]
        Reserved: 0  [0xdc+0x1]
        Instrument disk: 0  [0xdd+0x1]
        Data offset: 0  [0xde+0x2]
        Length: 0  [0xe0+0x2]
        Loop start: 0  [0xe2+0x2]
        Loop end: 65535  [0xe4+0x2]
        Volume: 0  [0xe6+0x1]
        Reserved: 0  [0xe7+0x1]
        C-3 speed: 8363  [0xe8+0x2]
        Reserved: 00 00 00 00 00 00  |......|  [0xea+0x6]
    ▾ Sample 6 — (unnamed), 0 bytes  [0xf0+0x20]
        File name: ""  [0xf0+0xc]
        Reserved: 0  [0xfc+0x1]
        Instrument disk: 0  [0xfd+0x1]
        Data offset: 0  [0xfe+0x2]
        Length: 0  [0x100+0x2]
        Loop start: 0  [0x102+0x2]
        Loop end: 65535  [0x104+0x2]
        Volume: 0  [0x106+0x1]
        Reserved: 0  [0x107+0x1]
        C-3 speed: 8363  [0x108+0x2]
        Reserved: 00 00 00 00 00 00  |......|  [0x10a+0x6]
    ▾ Sample 7 — (unnamed), 0 bytes  [0x110+0x20]
        File name: ""  [0x110+0xc]
        Reserved: 0  [0x11c+0x1]
        Instrument disk: 0  [0x11d+0x1]
        Data offset: 0  [0x11e+0x2]
        Length: 0  [0x120+0x2]
        Loop start: 0  [0x122+0x2]
        Loop end: 65535  [0x124+0x2]
        Volume: 0  [0x126+0x1]
        Reserved: 0  [0x127+0x1]
        C-3 speed: 8363  [0x128+0x2]
        Reserved: 00 00 00 00 00 00  |......|  [0x12a+0x6]
    ▾ Sample 8 — (unnamed), 0 bytes  [0x130+0x20]
        File name: ""  [0x130+0xc]
        Reserved: 0  [0x13c+0x1]
        Instrument disk: 0  [0x13d+0x1]
        Data offset: 0  [0x13e+0x2]
        Length: 0  [0x140+0x2]
        Loop start: 0  [0x142+0x2]
        Loop end: 65535  [0x144+0x2]
        Volume: 0  [0x146+0x1]
        Reserved: 0  [0x147+0x1]
        C-3 speed: 8363  [0x148+0x2]
        Reserved: 00 00 00 00 00 00  |......|  [0x14a+0x6]
    ▾ Sample 9 — (unnamed), 0 bytes  [0x150+0x20]
        File name: ""  [0x150+0xc]
        Reserved: 0  [0x15c+0x1]
        Instrument disk: 0  [0x15d+0x1]
        Data offset: 0  [0x15e+0x2]
        Length: 0  [0x160+0x2]
        Loop start: 0  [0x162+0x2]
        Loop end: 65535  [0x164+0x2]
        Volume: 0  [0x166+0x1]
        Reserved: 0  [0x167+0x1]
        C-3 speed: 8363  [0x168+0x2]
        Reserved: 00 00 00 00 00 00  |......|  [0x16a+0x6]
    ▾ Sample 10 — (unnamed), 0 bytes  [0x170+0x20]
        File name: ""  [0x170+0xc]
        Reserved: 0  [0x17c+0x1]
        Instrument disk: 0  [0x17d+0x1]
        Data offset: 0  [0x17e+0x2]
        Length: 0  [0x180+0x2]
        Loop start: 0  [0x182+0x2]
        Loop end: 65535  [0x184+0x2]
        Volume: 0  [0x186+0x1]
        Reserved: 0  [0x187+0x1]
        C-3 speed: 8363  [0x188+0x2]
        Reserved: 00 00 00 00 00 00  |......|  [0x18a+0x6]
    ▾ Sample 11 — (unnamed), 0 bytes  [0x190+0x20]
        File name: ""  [0x190+0xc]
        Reserved: 0  [0x19c+0x1]
        Instrument disk: 0  [0x19d+0x1]
        Data offset: 0  [0x19e+0x2]
        Length: 0  [0x1a0+0x2]
        Loop start: 0  [0x1a2+0x2]
        Loop end: 65535  [0x1a4+0x2]
        Volume: 0  [0x1a6+0x1]
        Reserved: 0  [0x1a7+0x1]
        C-3 speed: 8363  [0x1a8+0x2]
        Reserved: 00 00 00 00 00 00  |......|  [0x1aa+0x6]
    ▾ Sample 12 — (unnamed), 0 bytes  [0x1b0+0x20]
        File name: ""  [0x1b0+0xc]
        Reserved: 0  [0x1bc+0x1]
        Instrument disk: 0  [0x1bd+0x1]
        Data offset: 0  [0x1be+0x2]
        Length: 0  [0x1c0+0x2]
        Loop start: 0  [0x1c2+0x2]
        Loop end: 65535  [0x1c4+0x2]
        Volume: 0  [0x1c6+0x1]
        Reserved: 0  [0x1c7+0x1]
        C-3 speed: 8363  [0x1c8+0x2]
        Reserved: 00 00 00 00 00 00  |......|  [0x1ca+0x6]
    ▾ Sample 13 — (unnamed), 0 bytes  [0x1d0+0x20]
        File name: ""  [0x1d0+0xc]
        Reserved: 0  [0x1dc+0x1]
        Instrument disk: 0  [0x1dd+0x1]
        Data offset: 0  [0x1de+0x2]
        Length: 0  [0x1e0+0x2]
        Loop start: 0  [0x1e2+0x2]
        Loop end: 65535  [0x1e4+0x2]
        Volume: 0  [0x1e6+0x1]
        Reserved: 0  [0x1e7+0x1]
        C-3 speed: 8363  [0x1e8+0x2]
        Reserved: 00 00 00 00 00 00  |......|  [0x1ea+0x6]
    ▾ Sample 14 — (unnamed), 0 bytes  [0x1f0+0x20]
        File name: ""  [0x1f0+0xc]
        Reserved: 0  [0x1fc+0x1]
        Instrument disk: 0  [0x1fd+0x1]
        Data offset: 0  [0x1fe+0x2]
        Length: 0  [0x200+0x2]
        Loop start: 0  [0x202+0x2]
        Loop end: 65535  [0x204+0x2]
        Volume: 0  [0x206+0x1]
        Reserved: 0  [0x207+0x1]
        C-3 speed: 8363  [0x208+0x2]
        Reserved: 00 00 00 00 00 00  |......|  [0x20a+0x6]
    ▾ Sample 15 — (unnamed), 0 bytes  [0x210+0x20]
        File name: ""  [0x210+0xc]
        Reserved: 0  [0x21c+0x1]
        Instrument disk: 0  [0x21d+0x1]
        Data offset: 0  [0x21e+0x2]
        Length: 0  [0x220+0x2]
        Loop start: 0  [0x222+0x2]
        Loop end: 65535  [0x224+0x2]
        Volume: 0  [0x226+0x1]
        Reserved: 0  [0x227+0x1]
        C-3 speed: 8363  [0x228+0x2]
        Reserved: 00 00 00 00 00 00  |......|  [0x22a+0x6]
    ▾ Sample 16 — (unnamed), 0 bytes  [0x230+0x20]
        File name: ""  [0x230+0xc]
        Reserved: 0  [0x23c+0x1]
        Instrument disk: 0  [0x23d+0x1]
        Data offset: 0  [0x23e+0x2]
        Length: 0  [0x240+0x2]
        Loop start: 0  [0x242+0x2]
        Loop end: 65535  [0x244+0x2]
        Volume: 0  [0x246+0x1]
        Reserved: 0  [0x247+0x1]
        C-3 speed: 8363  [0x248+0x2]
        Reserved: 00 00 00 00 00 00  |......|  [0x24a+0x6]
    ▾ Sample 17 — (unnamed), 0 bytes  [0x250+0x20]
        File name: ""  [0x250+0xc]
        Reserved: 0  [0x25c+0x1]
        Instrument disk: 0  [0x25d+0x1]
        Data offset: 0  [0x25e+0x2]
        Length: 0  [0x260+0x2]
        Loop start: 0  [0x262+0x2]
        Loop end: 65535  [0x264+0x2]
        Volume: 0  [0x266+0x1]
        Reserved: 0  [0x267+0x1]
        C-3 speed: 8363  [0x268+0x2]
        Reserved: 00 00 00 00 00 00  |......|  [0x26a+0x6]
    ▾ Sample 18 — (unnamed), 0 bytes  [0x270+0x20]
        File name: ""  [0x270+0xc]
        Reserved: 0  [0x27c+0x1]
        Instrument disk: 0  [0x27d+0x1]
        Data offset: 0  [0x27e+0x2]
        Length: 0  [0x280+0x2]
        Loop start: 0  [0x282+0x2]
        Loop end: 65535  [0x284+0x2]
        Volume: 0  [0x286+0x1]
        Reserved: 0  [0x287+0x1]
        C-3 speed: 8363  [0x288+0x2]
        Reserved: 00 00 00 00 00 00  |......|  [0x28a+0x6]
    ▾ Sample 19 — (unnamed), 0 bytes  [0x290+0x20]
        File name: ""  [0x290+0xc]
        Reserved: 0  [0x29c+0x1]
        Instrument disk: 0  [0x29d+0x1]
        Data offset: 0  [0x29e+0x2]
        Length: 0  [0x2a0+0x2]
        Loop start: 0  [0x2a2+0x2]
        Loop end: 65535  [0x2a4+0x2]
        Volume: 0  [0x2a6+0x1]
        Reserved: 0  [0x2a7+0x1]
        C-3 speed: 8363  [0x2a8+0x2]
        Reserved: 00 00 00 00 00 00  |......|  [0x2aa+0x6]
    ▾ Sample 20 — (unnamed), 0 bytes  [0x2b0+0x20]
        File name: ""  [0x2b0+0xc]
        Reserved: 0  [0x2bc+0x1]
        Instrument disk: 0  [0x2bd+0x1]
        Data offset: 0  [0x2be+0x2]
        Length: 0  [0x2c0+0x2]
        Loop start: 0  [0x2c2+0x2]
        Loop end: 65535  [0x2c4+0x2]
        Volume: 0  [0x2c6+0x1]
        Reserved: 0  [0x2c7+0x1]
        C-3 speed: 8363  [0x2c8+0x2]
        Reserved: 00 00 00 00 00 00  |......|  [0x2ca+0x6]
    ▾ Sample 21 — (unnamed), 0 bytes  [0x2d0+0x20]
        File name: ""  [0x2d0+0xc]
        Reserved: 0  [0x2dc+0x1]
        Instrument disk: 0  [0x2dd+0x1]
        Data offset: 0  [0x2de+0x2]
        Length: 0  [0x2e0+0x2]
        Loop start: 0  [0x2e2+0x2]
        Loop end: 65535  [0x2e4+0x2]
        Volume: 0  [0x2e6+0x1]
        Reserved: 0  [0x2e7+0x1]
        C-3 speed: 8363  [0x2e8+0x2]
        Reserved: 00 00 00 00 00 00  |......|  [0x2ea+0x6]
    ▾ Sample 22 — (unnamed), 0 bytes  [0x2f0+0x20]
        File name: ""  [0x2f0+0xc]
        Reserved: 0  [0x2fc+0x1]
        Instrument disk: 0  [0x2fd+0x1]
        Data offset: 0  [0x2fe+0x2]
        Length: 0  [0x300+0x2]
        Loop start: 0  [0x302+0x2]
        Loop end: 65535  [0x304+0x2]
        Volume: 0  [0x306+0x1]
        Reserved: 0  [0x307+0x1]
        C-3 speed: 8363  [0x308+0x2]
        Reserved: 00 00 00 00 00 00  |......|  [0x30a+0x6]
    ▾ Sample 23 — (unnamed), 0 bytes  [0x310+0x20]
        File name: ""  [0x310+0xc]
        Reserved: 0  [0x31c+0x1]
        Instrument disk: 0  [0x31d+0x1]
        Data offset: 0  [0x31e+0x2]
        Length: 0  [0x320+0x2]
        Loop start: 0  [0x322+0x2]
        Loop end: 65535  [0x324+0x2]
        Volume: 0  [0x326+0x1]
        Reserved: 0  [0x327+0x1]
        C-3 speed: 8363  [0x328+0x2]
        Reserved: 00 00 00 00 00 00  |......|  [0x32a+0x6]
    ▾ Sample 24 — (unnamed), 0 bytes  [0x330+0x20]
        File name: ""  [0x330+0xc]
        Reserved: 0  [0x33c+0x1]
        Instrument disk: 0  [0x33d+0x1]
        Data offset: 0  [0x33e+0x2]
        Length: 0  [0x340+0x2]
        Loop start: 0  [0x342+0x2]
        Loop end: 65535  [0x344+0x2]
        Volume: 0  [0x346+0x1]
        Reserved: 0  [0x347+0x1]
        C-3 speed: 8363  [0x348+0x2]
        Reserved: 00 00 00 00 00 00  |......|  [0x34a+0x6]
    ▾ Sample 25 — (unnamed), 0 bytes  [0x350+0x20]
        File name: ""  [0x350+0xc]
        Reserved: 0  [0x35c+0x1]
        Instrument disk: 0  [0x35d+0x1]
        Data offset: 0  [0x35e+0x2]
        Length: 0  [0x360+0x2]
        Loop start: 0  [0x362+0x2]
        Loop end: 65535  [0x364+0x2]
        Volume: 0  [0x366+0x1]
        Reserved: 0  [0x367+0x1]
        C-3 speed: 8363  [0x368+0x2]
        Reserved: 00 00 00 00 00 00  |......|  [0x36a+0x6]
    ▾ Sample 26 — (unnamed), 0 bytes  [0x370+0x20]
        File name: ""  [0x370+0xc]
        Reserved: 0  [0x37c+0x1]
        Instrument disk: 0  [0x37d+0x1]
        Data offset: 0  [0x37e+0x2]
        Length: 0  [0x380+0x2]
        Loop start: 0  [0x382+0x2]
        Loop end: 65535  [0x384+0x2]
        Volume: 0  [0x386+0x1]
        Reserved: 0  [0x387+0x1]
        C-3 speed: 8363  [0x388+0x2]
        Reserved: 00 00 00 00 00 00  |......|  [0x38a+0x6]
    ▾ Sample 27 — (unnamed), 0 bytes  [0x390+0x20]
        File name: ""  [0x390+0xc]
        Reserved: 0  [0x39c+0x1]
        Instrument disk: 0  [0x39d+0x1]
        Data offset: 0  [0x39e+0x2]
        Length: 0  [0x3a0+0x2]
        Loop start: 0  [0x3a2+0x2]
        Loop end: 65535  [0x3a4+0x2]
        Volume: 0  [0x3a6+0x1]
        Reserved: 0  [0x3a7+0x1]
        C-3 speed: 8363  [0x3a8+0x2]
        Reserved: 00 00 00 00 00 00  |......|  [0x3aa+0x6]
    ▾ Sample 28 — (unnamed), 0 bytes  [0x3b0+0x20]
        File name: ""  [0x3b0+0xc]
        Reserved: 0  [0x3bc+0x1]
        Instrument disk: 0  [0x3bd+0x1]
        Data offset: 0  [0x3be+0x2]
        Length: 0  [0x3c0+0x2]
        Loop start: 0  [0x3c2+0x2]
        Loop end: 65535  [0x3c4+0x2]
        Volume: 0  [0x3c6+0x1]
        Reserved: 0  [0x3c7+0x1]
        C-3 speed: 8363  [0x3c8+0x2]
        Reserved: 00 00 00 00 00 00  |......|  [0x3ca+0x6]
    ▾ Sample 29 — (unnamed), 0 bytes  [0x3d0+0x20]
        File name: ""  [0x3d0+0xc]
        Reserved: 0  [0x3dc+0x1]
        Instrument disk: 0  [0x3dd+0x1]
        Data offset: 0  [0x3de+0x2]
        Length: 0  [0x3e0+0x2]
        Loop start: 0  [0x3e2+0x2]
        Loop end: 65535  [0x3e4+0x2]
        Volume: 0  [0x3e6+0x1]
        Reserved: 0  [0x3e7+0x1]
        C-3 speed: 8363  [0x3e8+0x2]
        Reserved: 00 00 00 00 00 00  |......|  [0x3ea+0x6]
    ▾ Sample 30 — (unnamed), 0 bytes  [0x3f0+0x20]
        File name: ""  [0x3f0+0xc]
        Reserved: 0  [0x3fc+0x1]
        Instrument disk: 0  [0x3fd+0x1]
        Data offset: 0  [0x3fe+0x2]
        Length: 0  [0x400+0x2]
        Loop start: 0  [0x402+0x2]
        Loop end: 65535  [0x404+0x2]
        Volume: 0  [0x406+0x1]
        Reserved: 0  [0x407+0x1]
        C-3 speed: 8363  [0x408+0x2]
        Reserved: 00 00 00 00 00 00  |......|  [0x40a+0x6]
    Orders: "0" — 1 entries  [0x410+0x80]
    Patterns — 1 patterns of 64 rows × 4 channels  [0x490+0x400]
    Sample data  [0x890+0x10]
