---
source: tests/formats.rs
expression: "common::explore(&display_name(&path), &data)"
---
▾ arsenic.sit — StuffIt 5 archive, 3 files, 2.5 KiB uncompressed  [0x0+0x407]
  ▾ Archive header — StuffIt (c)1997-2002 Aladdin Systems, Inc., http://www.aladdinsys.com/StuffIt/  [0x0+0x64]
      Banner: "StuffIt (c)1997-2002 Aladdin Systems, Inc., http://www.aladdinsys.com/StuffIt/\r\n"  [0x0+0x50]
      Banner end: 1a 00  |..|  [0x50+0x2]
      Version: 5  [0x52+0x1]
      Flags: 0x0  [0x53+0x1]
      Total size: 1031 — 1.0 KiB  [0x54+0x4]
      Unknown: 100  [0x58+0x4]
      Root entries: 2  [0x5c+0x2]
      First entry offset: 0x64  [0x5e+0x4]
      Unknown: 00 00  |..|  [0x62+0x2]
  ▾ Folder/ — folder, 2 entries  [0x64+0x5a]
    ▾ Entry header  [0x64+0x5a]
        Magic: 0xa5a5a5a5  [0x64+0x4]
        Version: 1  [0x68+0x1]
        Unknown: 0  [0x69+0x1]
        Header size: 54  [0x6a+0x2]
        Unknown: 0  [0x6c+0x1]
        Flags: 0x40 — directory  [0x6d+0x1]
        Creation time: 2024-01-02 03:04:00 UTC  [0x6e+0x4]
        Modification time: 2024-01-02 03:04:00 UTC  [0x72+0x4]
        Previous entry: 0x0  [0x76+0x4]
        Next entry: 0x0  [0x7a+0x4]
        Parent directory: 0x0  [0x7e+0x4]
        Name length: 6  [0x82+0x2]
        Header CRC: 0xc334 — valid  [0x84+0x2]
        Data length: 0  [0x86+0x4]
        Data compressed length: 0  [0x8a+0x4]
        Data CRC-16: 0x0  [0x8e+0x2]
        Unknown: 0  [0x90+0x2]
        Number of entries: 2  [0x92+0x2]
        Name: "Folder"  [0x94+0x6]
        Flags 2: 0x0  [0x9a+0x2]
        Unknown: 0  [0x9c+0x2]
        File type: "TEXT"  [0x9e+0x4]
        Creator: "ttxt"  [0xa2+0x4]
        Finder flags: 0x100 [hasBeenInited]  [0xa6+0x2]
        Unknown: 00 00 00 00 00 00 00 00 00 00 00 00 00 00 00 00 …  |................|  [0xa8+0x16]
  ▾ Folder/hello.txt — data 1.4 KiB (Arsenic)  [0xbe+0x1b3]
    ▾ Entry header  [0xbe+0x5d]
        Magic: 0xa5a5a5a5  [0xbe+0x4]
        Version: 1  [0xc2+0x1]
        Unknown: 0  [0xc3+0x1]
        Header size: 57  [0xc4+0x2]
        Unknown: 0  [0xc6+0x1]
        Flags: 0x0 — file  [0xc7+0x1]
        Creation time: 2024-01-02 03:04:00 UTC  [0xc8+0x4]
        Modification time: 2024-01-02 03:04:00 UTC  [0xcc+0x4]
        Previous entry: 0x0  [0xd0+0x4]
        Next entry: 0x0  [0xd4+0x4]
        Parent directory: 0x64  [0xd8+0x4]
        Name length: 9  [0xdc+0x2]
        Header CRC: 0xd01d — valid  [0xde+0x2]
        Data length: 1389  [0xe0+0x4]
        Data compressed length: 342  [0xe4+0x4]
        Data CRC-16: 0x0  [0xe8+0x2]
        Unknown: 0  [0xea+0x2]
        Data method: 15 — Arsenic  [0xec+0x1]
        Password length: 0  [0xed+0x1]
        Name: "hello.txt"  [0xee+0x9]
        Flags 2: 0x0  [0xf7+0x2]
        Unknown: 0  [0xf9+0x2]
        File type: "TEXT"  [0xfb+0x4]
        Creator: "ttxt"  [0xff+0x4]
        Finder flags: 0x100 [hasBeenInited]  [0x103+0x2]
        Unknown: 00 00 00 00 00 00 00 00 00 00 00 00 00 00 00 00 …  |................|  [0x105+0x16]
    ▾ Data fork — Windows-1252 text, CR line endings, 25 lines  [0x11b+0x156]
        Encoding: "Windows-1252"
        Line endings: "CR" — 0 LF, 0 CRLF, 25 CR
      ▾ Lines — 25 lines  [#1:0x0+0x56d]
          Line 1: "Line 00: StuffIt packs Macintosh files with both forks."  [#1:0x0+0x37]
          Line 2: "Line 01: StuffIt packs Macintosh files with both forks."  [#1:0x38+0x37]
          Line 3: "Line 02: StuffIt packs Macintosh files with both forks."  [#1:0x70+0x37]
          Line 4: "Line 03: StuffIt packs Macintosh files with both forks."  [#1:0xa8+0x37]
          Line 5: "Line 04: StuffIt packs Macintosh files with both forks."  [#1:0xe0+0x37]
          Line 6: "Line 05: StuffIt packs Macintosh files with both forks."  [#1:0x118+0x37]
          Line 7: "Line 06: StuffIt packs Macintosh files with both forks."  [#1:0x150+0x37]
          Line 8: "Line 07: StuffIt packs Macintosh files with both forks."  [#1:0x188+0x37]
          Line 9: "Line 08: StuffIt packs Macintosh files with both forks."  [#1:0x1c0+0x37]
          Line 10: "Line 09: StuffIt packs Macintosh files with both forks."  [#1:0x1f8+0x37]
          Line 11: "Line 10: StuffIt packs Macintosh files with both forks."  [#1:0x230+0x37]
          Line 12: "Line 11: StuffIt packs Macintosh files with both forks."  [#1:0x268+0x37]
          Line 13: "Line 12: StuffIt packs Macintosh files with both forks."  [#1:0x2a0+0x37]
          Line 14: "Line 13: StuffIt packs Macintosh files with both forks."  [#1:0x2d8+0x37]
          Line 15: "Line 14: StuffIt packs Macintosh files with both forks."  [#1:0x310+0x37]
          Line 16: "Line 15: StuffIt packs Macintosh files with both forks."  [#1:0x348+0x37]
          Line 17: "Line 16: StuffIt packs Macintosh files with both forks."  [#1:0x380+0x37]
          Line 18: "Line 17: StuffIt packs Macintosh files with both forks."  [#1:0x3b8+0x37]
          Line 19: "Line 18: StuffIt packs Macintosh files with both forks."  [#1:0x3f0+0x37]
          Line 20: "Line 19: StuffIt packs Macintosh files with both forks."  [#1:0x428+0x37]
          Line 21: "Line 20: StuffIt packs Macintosh files with both forks."  [#1:0x460+0x37]
          Line 22: "Line 21: StuffIt packs Macintosh files with both forks."  [#1:0x498+0x37]
          Line 23: "Line 22: StuffIt packs Macintosh files with both forks."  [#1:0x4d0+0x37]
          Line 24: "Line 23: StuffIt packs Macintosh files with both forks."  [#1:0x508+0x37]
          Line 25: "\u{90}\u{90}\u{90} aaaaaaaaaaaaaaaaaaaaaaaaaaaaaaaaaaaaaaaa"  [#1:0x540+0x2c]
  ▾ Folder/Icon — data 0 bytes (none), resource 313 bytes (LZ + Huffman)  [0x271+0xc1]
    ▾ Entry header  [0x271+0x67]
        Magic: 0xa5a5a5a5  [0x271+0x4]
        Version: 1  [0x275+0x1]
        Unknown: 0  [0x276+0x1]
        Header size: 53  [0x277+0x2]
        Unknown: 0  [0x279+0x1]
        Flags: 0x0 — file  [0x27a+0x1]
        Creation time: 2024-01-02 03:04:00 UTC  [0x27b+0x4]
        Modification time: 2024-01-02 03:04:00 UTC  [0x27f+0x4]
        Previous entry: 0x0  [0x283+0x4]
        Next entry: 0x0  [0x287+0x4]
        Parent directory: 0x64  [0x28b+0x4]
        Name length: 5  [0x28f+0x2]
        Header CRC: 0xb1bc — valid  [0x291+0x2]
        Data length: 0  [0x293+0x4]
        Data compressed length: 0  [0x297+0x4]
        Data CRC-16: 0x0  [0x29b+0x2]
        Unknown: 0  [0x29d+0x2]
        Data method: 0 — none  [0x29f+0x1]
        Password length: 0  [0x2a0+0x1]
        Name: "Icon\r"  [0x2a1+0x5]
        Flags 2: 0x1 — has a resource fork  [0x2a6+0x2]
        Unknown: 0  [0x2a8+0x2]
        File type: "TEXT"  [0x2aa+0x4]
        Creator: "ttxt"  [0x2ae+0x4]
        Finder flags: 0x100 [hasBeenInited]  [0x2b2+0x2]
        Unknown: 00 00 00 00 00 00 00 00 00 00 00 00 00 00 00 00 …  |................|  [0x2b4+0x16]
        Resource fork length: 313  [0x2ca+0x4]
        Resource fork compressed length: 90  [0x2ce+0x4]
        Resource fork CRC-16: 0x2340  [0x2d2+0x2]
        Unknown: 0  [0x2d4+0x2]
        Resource fork method: 13 — LZ + Huffman  [0x2d6+0x1]
        Password length: 0  [0x2d7+0x1]
    ▾ Resource fork — resource fork: ×1  [0x2d8+0x5a]
        Header  [#2:0x0+0x10]
      ▾  — 1 resource(s)  [#2:0x139+0x0]
        ▾ #0 — UTF-8 text, 1 line  [#2:0x104+0x5] → #2:0x139+0x0
            Encoding: "UTF-8"
            Line endings: "none" — 0 LF, 0 CRLF, 0 CR
          ▾ Lines — 1 line  [#2:0x104+0x5]
              Line 1: "Hello"  [#2:0x104+0x5]
  ▾ notes.txt — data 900 bytes (LZ + Huffman)  [0x332+0xd5]
    ▾ Entry header  [0x332+0x5d]
        Magic: 0xa5a5a5a5  [0x332+0x4]
        Version: 1  [0x336+0x1]
        Unknown: 0  [0x337+0x1]
        Header size: 57  [0x338+0x2]
        Unknown: 0  [0x33a+0x1]
        Flags: 0x0 — file  [0x33b+0x1]
        Creation time: 2024-01-02 03:04:00 UTC  [0x33c+0x4]
        Modification time: 2024-01-02 03:04:00 UTC  [0x340+0x4]
        Previous entry: 0x0  [0x344+0x4]
        Next entry: 0x0  [0x348+0x4]
        Parent directory: 0x0  [0x34c+0x4]
        Name length: 9  [0x350+0x2]
        Header CRC: 0x590b — valid  [0x352+0x2]
        Data length: 900  [0x354+0x4]
        Data compressed length: 120  [0x358+0x4]
        Data CRC-16: 0x5d69  [0x35c+0x2]
        Unknown: 0  [0x35e+0x2]
        Data method: 13 — LZ + Huffman  [0x360+0x1]
        Password length: 0  [0x361+0x1]
        Name: "notes.txt"  [0x362+0x9]
        Flags 2: 0x0  [0x36b+0x2]
        Unknown: 0  [0x36d+0x2]
        File type: "TEXT"  [0x36f+0x4]
        Creator: "ttxt"  [0x373+0x4]
        Finder flags: 0x100 [hasBeenInited]  [0x377+0x2]
        Unknown: 00 00 00 00 00 00 00 00 00 00 00 00 00 00 00 00 …  |................|  [0x379+0x16]
    ▾ Data fork — UTF-8 text, CR line endings, 16 lines  [0x38f+0x78]
        Encoding: "UTF-8"
        Line endings: "CR" — 0 LF, 0 CRLF, 15 CR
      ▾ Lines — 16 lines  [#3:0x0+0x384]
          Line 1: "Line 00: StuffIt packs Macintosh files with both forks."  [#3:0x0+0x37]
          Line 2: "Line 01: StuffIt packs Macintosh files with both forks."  [#3:0x38+0x37]
          Line 3: "Line 02: StuffIt packs Macintosh files with both forks."  [#3:0x70+0x37]
          Line 4: "Line 03: StuffIt packs Macintosh files with both forks."  [#3:0xa8+0x37]
          Line 5: "Line 04: StuffIt packs Macintosh files with both forks."  [#3:0xe0+0x37]
          Line 6: "Line 05: StuffIt pacLine 00: StuffIt packs Macintosh files with both forks."  [#3:0x118+0x4b]
          Line 7: "Line 01: StuffIt packs Macintosh files with both forks."  [#3:0x164+0x37]
          Line 8: "Line 02: StuffIt packs Macintosh files with both forks."  [#3:0x19c+0x37]
          Line 9: "Line 03: StuffIt packs Macintosh files with both forks."  [#3:0x1d4+0x37]
          Line 10: "Line 04: StuffIt packs Macintosh files with both forks."  [#3:0x20c+0x37]
          Line 11: "Line 05: StuffIt pacLine 00: StuffIt packs Macintosh files with both forks."  [#3:0x244+0x4b]
          Line 12: "Line 01: StuffIt packs Macintosh files with both forks."  [#3:0x290+0x37]
          Line 13: "Line 02: StuffIt packs Macintosh files with both forks."  [#3:0x2c8+0x37]
          Line 14: "Line 03: StuffIt packs Macintosh files with both forks."  [#3:0x300+0x37]
          Line 15: "Line 04: StuffIt packs Macintosh files with both forks."  [#3:0x338+0x37]
          Line 16: "Line 05: StuffIt pac"  [#3:0x370+0x14]
