---
source: tests/formats.rs
expression: "common::explore(&name, &data)"
---
▾ uncompressed.wim — Windows image, 1 image, uncompressed, part 1 of 1  [0x0+0x301]
  ▾ Header — version 0x10d00, uncompressed  [0x0+0xd0]
      Magic: "MSWIM"  [0x0+0x8]
      Header size: 208  [0x8+0x4]
      Version: 0x10d00  [0xc+0x4]
      Flags: 0x0 []  [0x10+0x4]
      Chunk size: 32768 — 32.0 KiB  [0x14+0x4]
      GUID: {12345678-1234-5678-9abc-def012345678}  [0x18+0x10]
      Part number: 1  [0x28+0x2]
      Total parts: 1  [0x2a+0x2]
      Image count: 1  [0x2c+0x4]
  ▾ Lookup table — 100 bytes  [0x19b+0x64]
    ▾ Resource header  [0x30+0x18]
        Compressed size: 100 — 100 bytes  [0x30+0x7]
        Flags: 0x2 [METADATA]  [0x37+0x1]
        Offset: 0x19b  [0x38+0x8]
        Original size: 100 — 100 bytes  [0x40+0x8]
    ▾ Entries — 2 entries  [0x19b+0x64]
      ▾ stream daa996311311…: 0xd0 — 75 bytes → 75 bytes  [0x19b+0x32]
        ▾ Resource header  [0x19b+0x18]
            Compressed size: 75 — 75 bytes  [0x19b+0x7]
            Flags: 0x0 []  [0x1a2+0x1]
            Offset: 0xd0  [0x1a3+0x8]
            Original size: 75 — 75 bytes  [0x1ab+0x8]
          Part number: 1  [0x1b3+0x2]
          Reference count: 1  [0x1b5+0x4]
          SHA-1: da a9 96 31 13 11 ca 81 89 e4 81 a0 8f df 14 1f …  |...1............|  [0x1b9+0x14]
        ▾ Data  [0xd0+0x4b]
            ! unsupported: unrecognized format [0xd0+0x4b]
      ▾ metadata 264ade5e71b4…: 0x11b — 128 bytes → 128 bytes  [0x1cd+0x32]
        ▾ Resource header  [0x1cd+0x18]
            Compressed size: 128 — 128 bytes  [0x1cd+0x7]
            Flags: 0x2 [METADATA]  [0x1d4+0x1]
            Offset: 0x11b  [0x1d5+0x8]
            Original size: 128 — 128 bytes  [0x1dd+0x8]
          Part number: 1  [0x1e5+0x2]
          Reference count: 1  [0x1e7+0x4]
          SHA-1: 26 4a de 5e 71 b4 d1 78 66 33 e0 fb a5 c1 49 98 …  |&J.^q..xf3....I.|  [0x1eb+0x14]
        ▾ Data  [0x11b+0x80]
            ! unsupported: unrecognized format [0x11b+0x80]
  ▾ XML data — 258 bytes  [0x1ff+0x102]
    ▾ Resource header  [0x48+0x18]
        Compressed size: 258 — 258 bytes  [0x48+0x7]
        Flags: 0x0 []  [0x4f+0x1]
        Offset: 0x1ff  [0x50+0x8]
        Original size: 258 — 258 bytes  [0x58+0x8]
    ▾ XML  [0x1ff+0x102]
        Text: "<WIM><TOTALBYTES>1234</TOTALBYTES><IMAGE INDEX=\"1\"><NAME>Test</NAME><DIRCOUNT>1</DIRCOUNT><FILECOUNT>1</FILECOUNT></IMAGE></WIM>"  [0x1ff+0x102]
  ▾ Boot metadata — 128 bytes  [0x11b+0x80]
    ▾ Resource header  [0x60+0x18]
        Compressed size: 128 — 128 bytes  [0x60+0x7]
        Flags: 0x2 [METADATA]  [0x67+0x1]
        Offset: 0x11b  [0x68+0x8]
        Original size: 128 — 128 bytes  [0x70+0x8]
    ▾ Data  [0x11b+0x80]
        ! unsupported: unrecognized format [0x11b+0x80]
  ▾ Integrity table — absent  [0x7c+0x18]
    ▾ Resource header  [0x7c+0x18]
        Compressed size: 0 — 0 bytes  [0x7c+0x7]
        Flags: 0x0 []  [0x83+0x1]
        Offset: 0x0  [0x84+0x8]
        Original size: 0 — 0 bytes  [0x8c+0x8]
    Boot index: 1  [0x78+0x4]
