---
source: tests/formats.rs
expression: "common::explore(&display_name(&path), &data)"
---
▾ dump.bson — BSON documents (collection dump)  [0x0+0x11c]
  ▾ Document 0 — document, 68 bytes, _id 68e4f2a01a2b3c4d5e000000  [0x0+0x44]
    ▾ _id: "68e4f2a01a2b3c4d5e000000" — ObjectId, created 2025-10-07 10:59:44 UTC  [0x4+0x11]
        Timestamp: 2025-10-07 10:59:44 UTC  [0x9+0x4]
        Random value: 1a 2b 3c 4d 5e  |.+<M^|  [0xd+0x5]
        Counter: 0  [0x12+0x3]
      name: "Ada"  [0x15+0xe]
      age: 36  [0x23+0x9]
    ▾ tags — array, 17 bytes  [0x2c+0x17]
        [0]: "math"  [0x36+0xc]
  ▾ Document 1 — document, 83 bytes, _id 68e4f2a01a2b3c4d5e000001  [0x44+0x53]
    ▾ _id: "68e4f2a01a2b3c4d5e000001" — ObjectId, created 2025-10-07 10:59:44 UTC  [0x48+0x11]
        Timestamp: 2025-10-07 10:59:44 UTC  [0x4d+0x4]
        Random value: 1a 2b 3c 4d 5e  |.+<M^|  [0x51+0x5]
        Counter: 1  [0x56+0x3]
      name: "Grace"  [0x59+0x10]
      age: 85  [0x69+0x9]
    ▾ tags — array, 30 bytes  [0x72+0x24]
        [0]: "cobol"  [0x7c+0xd]
        [1]: "navy"  [0x89+0xc]
  ▾ Document 2 — document, 58 bytes, _id 68e4f2a01a2b3c4d5e000002  [0x97+0x3a]
    ▾ _id: "68e4f2a01a2b3c4d5e000002" — ObjectId, created 2025-10-07 10:59:44 UTC  [0x9b+0x11]
        Timestamp: 2025-10-07 10:59:44 UTC  [0xa0+0x4]
        Random value: 1a 2b 3c 4d 5e  |.+<M^|  [0xa4+0x5]
        Counter: 2  [0xa9+0x3]
      name: "Linus"  [0xac+0x10]
      age: 56  [0xbc+0x9]
      tags — array, 5 bytes  [0xc5+0xb]
  ▾ Document 3 — document, 75 bytes, _id 68e4f2a01a2b3c4d5e000003  [0xd1+0x4b]
    ▾ _id: "68e4f2a01a2b3c4d5e000003" — ObjectId, created 2025-10-07 10:59:44 UTC  [0xd5+0x11]
        Timestamp: 2025-10-07 10:59:44 UTC  [0xda+0x4]
        Random value: 1a 2b 3c 4d 5e  |.+<M^|  [0xde+0x5]
        Counter: 3  [0xe3+0x3]
      name: "Margaret"  [0xe6+0x13]
      age: 89  [0xf9+0x9]
    ▾ tags — array, 19 bytes  [0x102+0x19]
        [0]: "apollo"  [0x10c+0xe]
