---
source: tests/formats.rs
expression: "common::explore(&display_name(&path), &data)"
---
▾ ca-rsa.cer — X.509 certificate, CN=Fillyfoal Test Root CA, self-signed, valid 2026-10-10 to 2036-10-07, RSA 2048-bit, e=65537, CA, SAN: email:ca@example.test  [0x0+0x4cb]
  ▾ Certificate — SEQUENCE, CN=Fillyfoal Test Root CA, self-signed, valid 2026-10-10 to 2036-10-07, RSA 2048-bit, e=65537, CA, SAN: email:ca@example.test  [0x0+0x4cb]
    ▾ tbsCertificate — SEQUENCE  [0x4+0x3b3]
      ▾ version — [0]  [0x8+0x5]
          Version: v3 (0x2) — INTEGER  [0xa+0x3]
        serialNumber: 4097 — INTEGER  [0xd+0x4]
      ▾ signature — SEQUENCE, sha256WithRSAEncryption  [0x11+0xf]
          algorithm: "1.2.840.113549.1.1.11" — OBJECT IDENTIFIER, sha256WithRSAEncryption  [0x13+0xb]
          parameters — NULL  [0x1e+0x2]
      ▾ issuer — SEQUENCE, C=SI, O=Fillyfoal Test, CN=Fillyfoal Test Root CA  [0x20+0x49]
        ▾ RelativeDistinguishedName — SET  [0x22+0xd]
          ▾ AttributeTypeAndValue — SEQUENCE, countryName = SI  [0x24+0xb]
              type: "2.5.4.6" — OBJECT IDENTIFIER, countryName  [0x26+0x5]
              value: "SI" — PrintableString  [0x2b+0x4]
        ▾ RelativeDistinguishedName — SET  [0x2f+0x19]
          ▾ AttributeTypeAndValue — SEQUENCE, organizationName = Fillyfoal Test  [0x31+0x17]
              type: "2.5.4.10" — OBJECT IDENTIFIER, organizationName  [0x33+0x5]
              value: "Fillyfoal Test" — UTF8String  [0x38+0x10]
        ▾ RelativeDistinguishedName — SET  [0x48+0x21]
          ▾ AttributeTypeAndValue — SEQUENCE, commonName = Fillyfoal Test Root CA  [0x4a+0x1f]
              type: "2.5.4.3" — OBJECT IDENTIFIER, commonName  [0x4c+0x5]
              value: "Fillyfoal Test Root CA" — UTF8String  [0x51+0x18]
      ▾ validity — SEQUENCE, 2026-10-10 to 2036-10-07 (3650 days)  [0x69+0x20]
          notBefore: 2026-10-10 18:20:14 UTC — UTCTime  [0x6b+0xf]
          notAfter: 2036-10-07 18:20:14 UTC — UTCTime  [0x7a+0xf]
      ▾ subject — SEQUENCE, C=SI, O=Fillyfoal Test, CN=Fillyfoal Test Root CA  [0x89+0x49]
        ▾ RelativeDistinguishedName — SET  [0x8b+0xd]
          ▾ AttributeTypeAndValue — SEQUENCE, countryName = SI  [0x8d+0xb]
              type: "2.5.4.6" — OBJECT IDENTIFIER, countryName  [0x8f+0x5]
              value: "SI" — PrintableString  [0x94+0x4]
        ▾ RelativeDistinguishedName — SET  [0x98+0x19]
          ▾ AttributeTypeAndValue — SEQUENCE, organizationName = Fillyfoal Test  [0x9a+0x17]
              type: "2.5.4.10" — OBJECT IDENTIFIER, organizationName  [0x9c+0x5]
              value: "Fillyfoal Test" — UTF8String  [0xa1+0x10]
        ▾ RelativeDistinguishedName — SET  [0xb1+0x21]
          ▾ AttributeTypeAndValue — SEQUENCE, commonName = Fillyfoal Test Root CA  [0xb3+0x1f]
              type: "2.5.4.3" — OBJECT IDENTIFIER, commonName  [0xb5+0x5]
              value: "Fillyfoal Test Root CA" — UTF8String  [0xba+0x18]
      ▾ subjectPublicKeyInfo — SEQUENCE, RSA 2048-bit, e=65537  [0xd2+0x126]
        ▾ algorithm — SEQUENCE, rsaEncryption  [0xd6+0xf]
            algorithm: "1.2.840.113549.1.1.1" — OBJECT IDENTIFIER, rsaEncryption  [0xd8+0xb]
            parameters — NULL  [0xe3+0x2]
        ▾ subjectPublicKey — BIT STRING, 2160 bits, encapsulates DER  [0xe5+0x113]
          ▾ RSAPublicKey — SEQUENCE, 2048-bit, e=65537  [0xea+0x10e]
              modulus: a6 12 01 dc 74 1b 43 71 80 12 2f 28 b1 21 2d b1 …  |....t.Cq../(.!-.| — INTEGER, 2048-bit  [0xee+0x105]
              publicExponent: 65537 — INTEGER  [0x1f3+0x5]
      ▾ extensions — [3]  [0x1f8+0x1bf]
        ▾ Extensions — SEQUENCE  [0x1fc+0x1bb]
          ▾ Extension — SEQUENCE, basicConstraints (critical): CA:TRUE, pathlen:1  [0x200+0x14]
              extnID: "2.5.29.19" — OBJECT IDENTIFIER, basicConstraints  [0x202+0x5]
              critical: true — BOOLEAN  [0x207+0x3]
            ▾ extnValue — OCTET STRING, 8 bytes, encapsulates DER  [0x20a+0xa]
              ▾ BasicConstraints — SEQUENCE  [0x20c+0x8]
                  cA: true — BOOLEAN  [0x20e+0x3]
                  pathLenConstraint: 1 — INTEGER  [0x211+0x3]
          ▾ Extension — SEQUENCE, keyUsage (critical): keyCertSign, cRLSign  [0x214+0x10]
              extnID: "2.5.29.15" — OBJECT IDENTIFIER, keyUsage  [0x216+0x5]
              critical: true — BOOLEAN  [0x21b+0x3]
            ▾ extnValue — OCTET STRING, 4 bytes, encapsulates DER  [0x21e+0x6]
                KeyUsage: 0x60 [keyCertSign | cRLSign] — BIT STRING  [0x220+0x4]
          ▾ Extension — SEQUENCE, subjectAltName: email:ca@example.test  [0x224+0x1c]
              extnID: "2.5.29.17" — OBJECT IDENTIFIER, subjectAltName  [0x226+0x5]
            ▾ extnValue — OCTET STRING, 19 bytes, encapsulates DER  [0x22b+0x15]
              ▾ GeneralNames — SEQUENCE, email:ca@example.test  [0x22d+0x13]
                  rfc822Name: "ca@example.test" — [1]  [0x22f+0x11]
          ▾ Extension — SEQUENCE, subjectKeyIdentifier: C8:3B:19:2C:44:66:51:51:75:30:62:51:C0:E3:97:19:B8:FE:65:46  [0x240+0x1f]
              extnID: "2.5.29.14" — OBJECT IDENTIFIER, subjectKeyIdentifier  [0x242+0x5]
            ▾ extnValue — OCTET STRING, 22 bytes, encapsulates DER  [0x247+0x18]
                SubjectKeyIdentifier: "C8:3B:19:2C:44:66:51:51:75:30:62:51:C0:E3:97:19:B8:FE:65:46" — OCTET STRING, 20 bytes  [0x249+0x16]
          ▾ Extension — SEQUENCE, nameConstraints (critical): permitted DNS:.example.test, permitted email:example.test, permitted IP:192.0.2.0/255.255.255.0, permitted IP:2001:db8::/ffff:ffff::, permitted DirName:O=Fillyfoal Test, excluded DNS:bad.example.test  [0x25f+0x99]
              extnID: "2.5.29.30" — OBJECT IDENTIFIER, nameConstraints  [0x262+0x5]
              critical: true — BOOLEAN  [0x267+0x3]
            ▾ extnValue — OCTET STRING, 139 bytes, encapsulates DER  [0x26a+0x8e]
              ▾ NameConstraints — SEQUENCE  [0x26d+0x8b]
                ▾ permittedSubtrees — [0]  [0x270+0x72]
                  ▾ GeneralSubtree — SEQUENCE, DNS:.example.test  [0x272+0x11]
                      dNSName: ".example.test" — [2]  [0x274+0xf]
                  ▾ GeneralSubtree — SEQUENCE, email:example.test  [0x283+0x10]
                      rfc822Name: "example.test" — [1]  [0x285+0xe]
                  ▾ GeneralSubtree — SEQUENCE, IP:192.0.2.0/255.255.255.0  [0x293+0xc]
                      iPAddress: "192.0.2.0/255.255.255.0" — [7]  [0x295+0xa]
                  ▾ GeneralSubtree — SEQUENCE, IP:2001:db8::/ffff:ffff::  [0x29f+0x24]
                      iPAddress: "2001:db8::/ffff:ffff::" — [7]  [0x2a1+0x22]
                  ▾ GeneralSubtree — SEQUENCE, DirName:O=Fillyfoal Test  [0x2c3+0x1f]
                    ▾ directoryName — [4], O=Fillyfoal Test  [0x2c5+0x1d]
                      ▾ Name — SEQUENCE, O=Fillyfoal Test  [0x2c7+0x1b]
                        ▾ RelativeDistinguishedName — SET  [0x2c9+0x19]
                          ▾ AttributeTypeAndValue — SEQUENCE, organizationName = Fillyfoal Test  [0x2cb+0x17]
                              type: "2.5.4.10" — OBJECT IDENTIFIER, organizationName  [0x2cd+0x5]
                              value: "Fillyfoal Test" — UTF8String  [0x2d2+0x10]
                ▾ excludedSubtrees — [1]  [0x2e2+0x16]
                  ▾ GeneralSubtree — SEQUENCE, DNS:bad.example.test  [0x2e4+0x14]
                      dNSName: "bad.example.test" — [2]  [0x2e6+0x12]
          ▾ Extension — SEQUENCE, certificatePolicies: anyPolicy, 1.3.6.1.4.1.55555.1.1  [0x2f8+0x90]
              extnID: "2.5.29.32" — OBJECT IDENTIFIER, certificatePolicies  [0x2fb+0x5]
            ▾ extnValue — OCTET STRING, 133 bytes, encapsulates DER  [0x300+0x88]
              ▾ CertificatePolicies — SEQUENCE  [0x303+0x85]
                ▾ PolicyInformation — SEQUENCE, anyPolicy  [0x306+0x8]
                    policyIdentifier: "2.5.29.32.0" — OBJECT IDENTIFIER, anyPolicy  [0x308+0x6]
                ▾ PolicyInformation — SEQUENCE, 1.3.6.1.4.1.55555.1.1  [0x30e+0x7a]
                    policyIdentifier: "1.3.6.1.4.1.55555.1.1" — OBJECT IDENTIFIER  [0x310+0xc]
                  ▾ policyQualifiers — SEQUENCE  [0x31c+0x6c]
                    ▾ PolicyQualifierInfo — SEQUENCE, cps = https://pki.example.test/cps  [0x31e+0x2a]
                        policyQualifierId: "1.3.6.1.5.5.7.2.1" — OBJECT IDENTIFIER, cps  [0x320+0xa]
                        cPSuri: "https://pki.example.test/cps" — IA5String  [0x32a+0x1e]
                    ▾ PolicyQualifierInfo — SEQUENCE, unotice  [0x348+0x40]
                        policyQualifierId: "1.3.6.1.5.5.7.2.2" — OBJECT IDENTIFIER, unotice  [0x34a+0xa]
                      ▾ userNotice — SEQUENCE  [0x354+0x34]
                        ▾ noticeRef — SEQUENCE  [0x356+0x1a]
                            organization: "Fillyfoal Test" — VisibleString  [0x358+0x10]
                          ▾ noticeNumbers — SEQUENCE  [0x368+0x8]
                              noticeNumber: 1 — INTEGER  [0x36a+0x3]
                              noticeNumber: 2 — INTEGER  [0x36d+0x3]
                          explicitText: "Test certificates only" — VisibleString  [0x370+0x18]
          ▾ Extension — SEQUENCE, policyConstraints: requireExplicitPolicy:0, inhibitPolicyMapping:1  [0x388+0x11]
              extnID: "2.5.29.36" — OBJECT IDENTIFIER, policyConstraints  [0x38a+0x5]
            ▾ extnValue — OCTET STRING, 8 bytes, encapsulates DER  [0x38f+0xa]
              ▾ PolicyConstraints — SEQUENCE  [0x391+0x8]
                  requireExplicitPolicy: 0 — [0]  [0x393+0x3]
                  inhibitPolicyMapping: 1 — [1]  [0x396+0x3]
          ▾ Extension — SEQUENCE, inhibitAnyPolicy: 2  [0x399+0xc]
              extnID: "2.5.29.54" — OBJECT IDENTIFIER, inhibitAnyPolicy  [0x39b+0x5]
            ▾ extnValue — OCTET STRING, 3 bytes, encapsulates DER  [0x3a0+0x5]
                SkipCerts: 2 — INTEGER  [0x3a2+0x3]
          ▾ Extension — SEQUENCE, caVersion: 0  [0x3a5+0x12]
              extnID: "1.3.6.1.4.1.311.21.1" — OBJECT IDENTIFIER, caVersion  [0x3a7+0xb]
            ▾ extnValue — OCTET STRING, 3 bytes, encapsulates DER  [0x3b2+0x5]
                CAVersion: 0 — INTEGER  [0x3b4+0x3]
    ▾ signatureAlgorithm — SEQUENCE, sha256WithRSAEncryption  [0x3b7+0xf]
        algorithm: "1.2.840.113549.1.1.11" — OBJECT IDENTIFIER, sha256WithRSAEncryption  [0x3b9+0xb]
        parameters — NULL  [0x3c4+0x2]
      signatureValue: 13 00 99 5c bf 84 fc 9a 91 f7 e3 ed 62 10 f3 46 …  |...\........b..F| — BIT STRING, 2048 bits  [0x3c6+0x105]
