---
source: tests/formats.rs
expression: "common::explore(&display_name(&path), &data)"
---
▾ 000005.ldb — LevelDB table, 2 data blocks  [0x0+0xf5]
  ▾ Index block — 2 entries  [0x90+0x35]
    ▾ Data block 0: 0x0 — 71 bytes, keys up to "b"  [0x90+0xe] → 0x0+0x47
        "apple": "red" — seq 5, value  [0x0+0x13]
        "apricot": "orange" — seq 4, value  [0x13+0x16]
        "avocado": "" — seq 3, deletion  [0x29+0x12]
        Trailer: none (0x0)  [0x47+0x5]
    ▾ Data block 1: 0x4c — 54 bytes, keys up to "blueberry"  [0x9e+0x16] → 0x4c+0x36
        "banana": "yellow" — seq 7, value  [0x4c+0x17]
        "blueberry": "blue" — seq 6, value  [0x63+0x17]
        Trailer: none (0x0)  [0x82+0x5]
      Trailer: none (0x0)  [0xc0+0x5]
  ▾ Meta-index block  [0x87+0x9]
      Trailer: none (0x0)  [0x8b+0x5]
  ▾ Footer  [0xc5+0x30]
      Meta-index handle: 0x87 — 4 bytes  [0xc5+0x3] → 0x87+0x4
      Index handle: 0x90 — 48 bytes  [0xc8+0x3] → 0x90+0x30
      Magic: 0xdb4775248b80fb57  [0xed+0x8]
