---
source: tests/formats.rs
expression: "common::explore(&display_name(&path), &data)"
---
▾ series.ser — FEI TIA series v0x210, 2 2D images of 2  [0x0+0x108]
    Byte order: 0x4949  [0x0+0x2]
    Series ID: 0x197  [0x2+0x2]
    Series version: 0x210  [0x4+0x2]
    Data type: 2D images (0x4122)  [0x6+0x4]
    Tag type: time (0x4152)  [0xa+0x4]
    Total elements: 2  [0xe+0x4]
    Valid elements: 2  [0x12+0x4]
    Offset array offset: 0x44  [0x16+0x4]
    Number of dimensions: 1  [0x1a+0x4]
    Dimension Number: 2 — offset 0, step 1   [0x1e+0x26]
  ▾ Elements: 2  [0x44+0x8]
    ▾ Image 0 — 4×4 uint16  [0x54+0x52]
        Calibration offset: 0  [0x54+0x8]
        Calibration delta: 0.000000001  [0x5c+0x8]
        Calibration element: 0  [0x64+0x4]
        Calibration offset: 0  [0x68+0x8]
        Calibration delta: 0.000000001  [0x70+0x8]
        Calibration element: 0  [0x78+0x4]
        Data type: uint16 (0x2)  [0x7c+0x2]
        Array size X: 4  [0x7e+0x4]
        Array size Y: 4  [0x82+0x4]
    ▾ Image 1 — 4×4 uint16  [0xa6+0x52]
        Calibration offset: 0  [0xa6+0x8]
        Calibration delta: 0.000000001  [0xae+0x8]
        Calibration element: 0  [0xb6+0x4]
        Calibration offset: 0  [0xba+0x8]
        Calibration delta: 0.000000001  [0xc2+0x8]
        Calibration element: 0  [0xca+0x4]
        Data type: uint16 (0x2)  [0xce+0x2]
        Array size X: 4  [0xd0+0x4]
        Array size Y: 4  [0xd4+0x4]
    Tag offsets  [0x4c+0x8]
