---
source: tests/formats.rs
expression: "common::explore(&display_name(&path), &data)"
---
▾ icmp.pcap — pcap 2.4, ETHERNET, little-endian, µs timestamps, snaplen 262144; 40 packets, 9.3 KiB over 1.470329 s; ICMPv6 17, ICMP 6, IGMP 6, IPv4 4, IPv6 4, ARP 3  [0x0+0x27d0]
  ▾ Global Header  [0x0+0x18]
      Magic: 0xa1b2c3d4  [0x0+0x4]
      Version major: 2  [0x4+0x2]
      Version minor: 4  [0x6+0x2]
      Time zone offset: 0  [0x8+0x4]
      Timestamp accuracy: 0  [0xc+0x4]
      Snapshot length: 262144  [0x10+0x4]
      Link type: ETHERNET (0x1)  [0x14+0x4]
  ▾ Packet 0 — +0.000000 s, 42 bytes, e6:b9:29:ec:b0:f6 → ff:ff:ff:ff:ff:ff, ARP Who has 10.99.0.2? Tell 10.99.0.3  [0x18+0x3a]
    ▾ Record Header — 2026-10-10 18:41:04.983778 UTC  [0x18+0x10]
        Timestamp (seconds): 2026-10-10 18:41:04 UTC  [0x18+0x4]
        Timestamp (fraction): 983778  [0x1c+0x4]
        Captured length: 42  [0x20+0x4]
        Original length: 42  [0x24+0x4]
    ▾ Ethernet II — e6:b9:29:ec:b0:f6 → ff:ff:ff:ff:ff:ff, ARP  [0x28+0xe]
        Destination: "ff:ff:ff:ff:ff:ff"  [0x28+0x6]
        Source: "e6:b9:29:ec:b0:f6"  [0x2e+0x6]
        EtherType: ARP (0x806)  [0x34+0x2]
    ▾ ARP — Who has 10.99.0.2? Tell 10.99.0.3  [0x36+0x1c]
        Hardware type: Ethernet (0x1)  [0x36+0x2]
        Protocol type: IPv4 (0x800)  [0x38+0x2]
        Hardware size: 6  [0x3a+0x1]
        Protocol size: 4  [0x3b+0x1]
        Opcode: request (0x1)  [0x3c+0x2]
        Sender hardware address: "e6:b9:29:ec:b0:f6"  [0x3e+0x6]
        Sender protocol address: "10.99.0.3"  [0x44+0x4]
        Target hardware address: "00:00:00:00:00:00"  [0x48+0x6]
        Target protocol address: "10.99.0.2"  [0x4e+0x4]
  ▾ Packet 1 — +0.000030 s, 42 bytes, e6:b9:29:ec:b0:f6 → ff:ff:ff:ff:ff:ff, ARP Who has 10.99.0.2? Tell 10.99.0.3  [0x52+0x3a]
    ▾ Record Header — 2026-10-10 18:41:04.983808 UTC  [0x52+0x10]
        Timestamp (seconds): 2026-10-10 18:41:04 UTC  [0x52+0x4]
        Timestamp (fraction): 983808  [0x56+0x4]
        Captured length: 42  [0x5a+0x4]
        Original length: 42  [0x5e+0x4]
    ▾ Ethernet II — e6:b9:29:ec:b0:f6 → ff:ff:ff:ff:ff:ff, ARP  [0x62+0xe]
        Destination: "ff:ff:ff:ff:ff:ff"  [0x62+0x6]
        Source: "e6:b9:29:ec:b0:f6"  [0x68+0x6]
        EtherType: ARP (0x806)  [0x6e+0x2]
    ▾ ARP — Who has 10.99.0.2? Tell 10.99.0.3  [0x70+0x1c]
        Hardware type: Ethernet (0x1)  [0x70+0x2]
        Protocol type: IPv4 (0x800)  [0x72+0x2]
        Hardware size: 6  [0x74+0x1]
        Protocol size: 4  [0x75+0x1]
        Opcode: request (0x1)  [0x76+0x2]
        Sender hardware address: "e6:b9:29:ec:b0:f6"  [0x78+0x6]
        Sender protocol address: "10.99.0.3"  [0x7e+0x4]
        Target hardware address: "00:00:00:00:00:00"  [0x82+0x6]
        Target protocol address: "10.99.0.2"  [0x88+0x4]
  ▾ Packet 2 — +0.000063 s, 42 bytes, 6a:0e:5c:3c:5d:09 → e6:b9:29:ec:b0:f6, ARP 10.99.0.2 is at 6a:0e:5c:3c:5d:09  [0x8c+0x3a]
    ▾ Record Header — 2026-10-10 18:41:04.983841 UTC  [0x8c+0x10]
        Timestamp (seconds): 2026-10-10 18:41:04 UTC  [0x8c+0x4]
        Timestamp (fraction): 983841  [0x90+0x4]
        Captured length: 42  [0x94+0x4]
        Original length: 42  [0x98+0x4]
    ▾ Ethernet II — 6a:0e:5c:3c:5d:09 → e6:b9:29:ec:b0:f6, ARP  [0x9c+0xe]
        Destination: "e6:b9:29:ec:b0:f6"  [0x9c+0x6]
        Source: "6a:0e:5c:3c:5d:09"  [0xa2+0x6]
        EtherType: ARP (0x806)  [0xa8+0x2]
    ▾ ARP — 10.99.0.2 is at 6a:0e:5c:3c:5d:09  [0xaa+0x1c]
        Hardware type: Ethernet (0x1)  [0xaa+0x2]
        Protocol type: IPv4 (0x800)  [0xac+0x2]
        Hardware size: 6  [0xae+0x1]
        Protocol size: 4  [0xaf+0x1]
        Opcode: reply (0x2)  [0xb0+0x2]
        Sender hardware address: "6a:0e:5c:3c:5d:09"  [0xb2+0x6]
        Sender protocol address: "10.99.0.2"  [0xb8+0x4]
        Target hardware address: "e6:b9:29:ec:b0:f6"  [0xbc+0x6]
        Target protocol address: "10.99.0.3"  [0xc2+0x4]
  ▾ Packet 3 — +0.000072 s, 98 bytes, 10.99.0.3 → 10.99.0.2, ICMP Echo request, id=0x7926, seq=1  [0xc6+0x72]
    ▾ Record Header — 2026-10-10 18:41:04.983850 UTC  [0xc6+0x10]
        Timestamp (seconds): 2026-10-10 18:41:04 UTC  [0xc6+0x4]
        Timestamp (fraction): 983850  [0xca+0x4]
        Captured length: 98  [0xce+0x4]
        Original length: 98  [0xd2+0x4]
    ▾ Ethernet II — e6:b9:29:ec:b0:f6 → 6a:0e:5c:3c:5d:09, IPv4  [0xd6+0xe]
        Destination: "6a:0e:5c:3c:5d:09"  [0xd6+0x6]
        Source: "e6:b9:29:ec:b0:f6"  [0xdc+0x6]
        EtherType: IPv4 (0x800)  [0xe2+0x2]
    ▾ IPv4 — 10.99.0.3 → 10.99.0.2, ICMP, TTL 64  [0xe4+0x14]
        Version / header length: 0x45 — version 4, header 20 bytes  [0xe4+0x1]
        Differentiated services: 0x0 — DSCP 0 (CS0), ECN Not-ECT  [0xe5+0x1]
        Total length: 84  [0xe6+0x2]
        Identification: 0xad6f  [0xe8+0x2]
        Flags / fragment offset: 0x4000 [DF] — fragment offset 0  [0xea+0x2]
        Time to live: 64  [0xec+0x1]
        Protocol: ICMP (0x1)  [0xed+0x1]
        Header checksum: 0x786f — correct  [0xee+0x2]
        Source: "10.99.0.3"  [0xf0+0x4]
        Destination: "10.99.0.2"  [0xf4+0x4]
    ▾ ICMP — Echo request, id=0x7926, seq=1  [0xf8+0x40]
        Type: Echo request (0x8)  [0xf8+0x1]
        Code: 0  [0xf9+0x1]
        Checksum: 0xbc11 — correct  [0xfa+0x2]
        Identifier: 0x7926  [0xfc+0x2]
        Sequence number: 1  [0xfe+0x2]
        Data: c0 86 ca 6a 00 00 00 00 6a 02 0f 00 00 00 00 00 …  |...j....j.......|  [0x100+0x38]
  ▾ Packet 4 — +0.000240 s, 98 bytes, 10.99.0.2 → 10.99.0.3, ICMP Echo reply, id=0x7926, seq=1  [0x138+0x72]
    ▾ Record Header — 2026-10-10 18:41:04.984018 UTC  [0x138+0x10]
        Timestamp (seconds): 2026-10-10 18:41:04 UTC  [0x138+0x4]
        Timestamp (fraction): 984018  [0x13c+0x4]
        Captured length: 98  [0x140+0x4]
        Original length: 98  [0x144+0x4]
    ▾ Ethernet II — 6a:0e:5c:3c:5d:09 → e6:b9:29:ec:b0:f6, IPv4  [0x148+0xe]
        Destination: "e6:b9:29:ec:b0:f6"  [0x148+0x6]
        Source: "6a:0e:5c:3c:5d:09"  [0x14e+0x6]
        EtherType: IPv4 (0x800)  [0x154+0x2]
    ▾ IPv4 — 10.99.0.2 → 10.99.0.3, ICMP, TTL 64  [0x156+0x14]
        Version / header length: 0x45 — version 4, header 20 bytes  [0x156+0x1]
        Differentiated services: 0x0 — DSCP 0 (CS0), ECN Not-ECT  [0x157+0x1]
        Total length: 84  [0x158+0x2]
        Identification: 0xa157  [0x15a+0x2]
        Flags / fragment offset: 0x0 [] — fragment offset 0  [0x15c+0x2]
        Time to live: 64  [0x15e+0x1]
        Protocol: ICMP (0x1)  [0x15f+0x1]
        Header checksum: 0xc487 — correct  [0x160+0x2]
        Source: "10.99.0.2"  [0x162+0x4]
        Destination: "10.99.0.3"  [0x166+0x4]
    ▾ ICMP — Echo reply, id=0x7926, seq=1  [0x16a+0x40]
        Type: Echo reply (0x0)  [0x16a+0x1]
        Code: 0  [0x16b+0x1]
        Checksum: 0xc411 — correct  [0x16c+0x2]
        Identifier: 0x7926  [0x16e+0x2]
        Sequence number: 1  [0x170+0x2]
        Data: c0 86 ca 6a 00 00 00 00 6a 02 0f 00 00 00 00 00 …  |...j....j.......|  [0x172+0x38]
  ▾ Packet 5 — +0.114064 s, 74 bytes, fe80::680e:5cff:fe3c:5d09 → ff02::2, ICMPv6 Router solicitation  [0x1aa+0x5a]
    ▾ Record Header — 2026-10-10 18:41:05.097842 UTC  [0x1aa+0x10]
        Timestamp (seconds): 2026-10-10 18:41:05 UTC  [0x1aa+0x4]
        Timestamp (fraction): 97842  [0x1ae+0x4]
        Captured length: 74  [0x1b2+0x4]
        Original length: 74  [0x1b6+0x4]
    ▾ Ethernet II — 6a:0e:5c:3c:5d:09 → 33:33:00:00:00:02, 802.1Q VLAN  [0x1ba+0xe]
        Destination: "33:33:00:00:00:02"  [0x1ba+0x6]
        Source: "6a:0e:5c:3c:5d:09"  [0x1c0+0x6]
        EtherType: 802.1Q VLAN (0x8100)  [0x1c6+0x2]
    ▾ 802.1Q VLAN tag — VLAN 10, priority 0, IPv6  [0x1c8+0x4]
        Tag control information: 0xa — priority 0, DEI 0, VLAN 10  [0x1c8+0x2]
        EtherType: IPv6 (0x86dd)  [0x1ca+0x2]
    ▾ IPv6 — fe80::680e:5cff:fe3c:5d09 → ff02::2, ICMPv6, hop limit 255  [0x1cc+0x28]
        Version / traffic class / flow label: 0x60000000 — version 6, DSCP 0 (CS0), ECN Not-ECT, flow label 0x00000  [0x1cc+0x4]
        Payload length: 16  [0x1d0+0x2]
        Next header: ICMPv6 (0x3a)  [0x1d2+0x1]
        Hop limit: 255  [0x1d3+0x1]
        Source: "fe80::680e:5cff:fe3c:5d09"  [0x1d4+0x10]
        Destination: "ff02::2"  [0x1e4+0x10]
    ▾ ICMPv6 — Router solicitation  [0x1f4+0x10]
        Type: Router solicitation (0x85)  [0x1f4+0x1]
        Code: 0  [0x1f5+0x1]
        Checksum: 0x3886 — correct  [0x1f6+0x2]
        Reserved: 0  [0x1f8+0x4]
      ▾ Source link-layer address — 6a:0e:5c:3c:5d:09  [0x1fc+0x8]
          Type: Source link-layer address (0x1)  [0x1fc+0x1]
          Length (8-byte units): 1  [0x1fd+0x1]
          Link-layer address: "6a:0e:5c:3c:5d:09"  [0x1fe+0x6]
  ▾ Packet 6 — +0.114069 s, 70 bytes, fe80::680e:5cff:fe3c:5d09 → ff02::2, ICMPv6 Router solicitation  [0x204+0x56]
    ▾ Record Header — 2026-10-10 18:41:05.097847 UTC  [0x204+0x10]
        Timestamp (seconds): 2026-10-10 18:41:05 UTC  [0x204+0x4]
        Timestamp (fraction): 97847  [0x208+0x4]
        Captured length: 70  [0x20c+0x4]
        Original length: 70  [0x210+0x4]
    ▾ Ethernet II — 6a:0e:5c:3c:5d:09 → 33:33:00:00:00:02, IPv6  [0x214+0xe]
        Destination: "33:33:00:00:00:02"  [0x214+0x6]
        Source: "6a:0e:5c:3c:5d:09"  [0x21a+0x6]
        EtherType: IPv6 (0x86dd)  [0x220+0x2]
    ▾ IPv6 — fe80::680e:5cff:fe3c:5d09 → ff02::2, ICMPv6, hop limit 255  [0x222+0x28]
        Version / traffic class / flow label: 0x60000000 — version 6, DSCP 0 (CS0), ECN Not-ECT, flow label 0x00000  [0x222+0x4]
        Payload length: 16  [0x226+0x2]
        Next header: ICMPv6 (0x3a)  [0x228+0x1]
        Hop limit: 255  [0x229+0x1]
        Source: "fe80::680e:5cff:fe3c:5d09"  [0x22a+0x10]
        Destination: "ff02::2"  [0x23a+0x10]
    ▾ ICMPv6 — Router solicitation  [0x24a+0x10]
        Type: Router solicitation (0x85)  [0x24a+0x1]
        Code: 0  [0x24b+0x1]
        Checksum: 0x3886 — correct  [0x24c+0x2]
        Reserved: 0  [0x24e+0x4]
      ▾ Source link-layer address — 6a:0e:5c:3c:5d:09  [0x252+0x8]
          Type: Source link-layer address (0x1)  [0x252+0x1]
          Length (8-byte units): 1  [0x253+0x1]
          Link-layer address: "6a:0e:5c:3c:5d:09"  [0x254+0x6]
  ▾ Packet 7 — +0.205685 s, 98 bytes, 10.99.0.3 → 10.99.0.2, ICMP Echo request, id=0x7926, seq=2  [0x25a+0x72]
    ▾ Record Header — 2026-10-10 18:41:05.189463 UTC  [0x25a+0x10]
        Timestamp (seconds): 2026-10-10 18:41:05 UTC  [0x25a+0x4]
        Timestamp (fraction): 189463  [0x25e+0x4]
        Captured length: 98  [0x262+0x4]
        Original length: 98  [0x266+0x4]
    ▾ Ethernet II — e6:b9:29:ec:b0:f6 → 6a:0e:5c:3c:5d:09, IPv4  [0x26a+0xe]
        Destination: "6a:0e:5c:3c:5d:09"  [0x26a+0x6]
        Source: "e6:b9:29:ec:b0:f6"  [0x270+0x6]
        EtherType: IPv4 (0x800)  [0x276+0x2]
    ▾ IPv4 — 10.99.0.3 → 10.99.0.2, ICMP, TTL 64  [0x278+0x14]
        Version / header length: 0x45 — version 4, header 20 bytes  [0x278+0x1]
        Differentiated services: 0x0 — DSCP 0 (CS0), ECN Not-ECT  [0x279+0x1]
        Total length: 84  [0x27a+0x2]
        Identification: 0xae11  [0x27c+0x2]
        Flags / fragment offset: 0x4000 [DF] — fragment offset 0  [0x27e+0x2]
        Time to live: 64  [0x280+0x1]
        Protocol: ICMP (0x1)  [0x281+0x1]
        Header checksum: 0x77cd — correct  [0x282+0x2]
        Source: "10.99.0.3"  [0x284+0x4]
        Destination: "10.99.0.2"  [0x288+0x4]
    ▾ ICMP — Echo request, id=0x7926, seq=2  [0x28c+0x40]
        Type: Echo request (0x8)  [0x28c+0x1]
        Code: 0  [0x28d+0x1]
        Checksum: 0x612f — correct  [0x28e+0x2]
        Identifier: 0x7926  [0x290+0x2]
        Sequence number: 2  [0x292+0x2]
        Data: c1 86 ca 6a 00 00 00 00 d0 e3 02 00 00 00 00 00 …  |...j............|  [0x294+0x38]
  ▾ Packet 8 — +0.205782 s, 98 bytes, 10.99.0.2 → 10.99.0.3, ICMP Echo reply, id=0x7926, seq=2  [0x2cc+0x72]
    ▾ Record Header — 2026-10-10 18:41:05.189560 UTC  [0x2cc+0x10]
        Timestamp (seconds): 2026-10-10 18:41:05 UTC  [0x2cc+0x4]
        Timestamp (fraction): 189560  [0x2d0+0x4]
        Captured length: 98  [0x2d4+0x4]
        Original length: 98  [0x2d8+0x4]
    ▾ Ethernet II — 6a:0e:5c:3c:5d:09 → e6:b9:29:ec:b0:f6, IPv4  [0x2dc+0xe]
        Destination: "e6:b9:29:ec:b0:f6"  [0x2dc+0x6]
        Source: "6a:0e:5c:3c:5d:09"  [0x2e2+0x6]
        EtherType: IPv4 (0x800)  [0x2e8+0x2]
    ▾ IPv4 — 10.99.0.2 → 10.99.0.3, ICMP, TTL 64  [0x2ea+0x14]
        Version / header length: 0x45 — version 4, header 20 bytes  [0x2ea+0x1]
        Differentiated services: 0x0 — DSCP 0 (CS0), ECN Not-ECT  [0x2eb+0x1]
        Total length: 84  [0x2ec+0x2]
        Identification: 0xa210  [0x2ee+0x2]
        Flags / fragment offset: 0x0 [] — fragment offset 0  [0x2f0+0x2]
        Time to live: 64  [0x2f2+0x1]
        Protocol: ICMP (0x1)  [0x2f3+0x1]
        Header checksum: 0xc3ce — correct  [0x2f4+0x2]
        Source: "10.99.0.2"  [0x2f6+0x4]
        Destination: "10.99.0.3"  [0x2fa+0x4]
    ▾ ICMP — Echo reply, id=0x7926, seq=2  [0x2fe+0x40]
        Type: Echo reply (0x0)  [0x2fe+0x1]
        Code: 0  [0x2ff+0x1]
        Checksum: 0x692f — correct  [0x300+0x2]
        Identifier: 0x7926  [0x302+0x2]
        Sequence number: 2  [0x304+0x2]
        Data: c1 86 ca 6a 00 00 00 00 d0 e3 02 00 00 00 00 00 …  |...j............|  [0x306+0x38]
  ▾ Packet 9 — +0.208318 s, 1514 bytes, 10.99.0.3 → 10.99.0.2, IPv4 first fragment of ICMP, ID 0xae13  [0x33e+0x5fa]
    ▾ Record Header — 2026-10-10 18:41:05.192096 UTC  [0x33e+0x10]
        Timestamp (seconds): 2026-10-10 18:41:05 UTC  [0x33e+0x4]
        Timestamp (fraction): 192096  [0x342+0x4]
        Captured length: 1514  [0x346+0x4]
        Original length: 1514  [0x34a+0x4]
    ▾ Ethernet II — e6:b9:29:ec:b0:f6 → 6a:0e:5c:3c:5d:09, IPv4  [0x34e+0xe]
        Destination: "6a:0e:5c:3c:5d:09"  [0x34e+0x6]
        Source: "e6:b9:29:ec:b0:f6"  [0x354+0x6]
        EtherType: IPv4 (0x800)  [0x35a+0x2]
    ▾ IPv4 — 10.99.0.3 → 10.99.0.2, ICMP, TTL 64, fragment at 0 (more follow), ID 0xae13  [0x35c+0x14]
        Version / header length: 0x45 — version 4, header 20 bytes  [0x35c+0x1]
        Differentiated services: 0x0 — DSCP 0 (CS0), ECN Not-ECT  [0x35d+0x1]
        Total length: 1500  [0x35e+0x2]
        Identification: 0xae13  [0x360+0x2]
        Flags / fragment offset: 0x2000 [MF] — fragment offset 0  [0x362+0x2]
        Time to live: 64  [0x364+0x1]
        Protocol: ICMP (0x1)  [0x365+0x1]
        Header checksum: 0x9243 — correct  [0x366+0x2]
        Source: "10.99.0.3"  [0x368+0x4]
        Destination: "10.99.0.2"  [0x36c+0x4]
    ▾ ICMP — Echo request, id=0x7927, seq=1  [0x370+0x5c8]
        Type: Echo request (0x8)  [0x370+0x1]
        Code: 0  [0x371+0x1]
        Checksum: 0xa1b5  [0x372+0x2]
        Identifier: 0x7927  [0x374+0x2]
        Sequence number: 1  [0x376+0x2]
        Data — 1.4 KiB  [0x378+0x5c0]
  ▾ Packet 10 — +0.208421 s, 162 bytes, 10.99.0.3 → 10.99.0.2, IPv4 fragment of ICMP at offset 1480, ID 0xae13  [0x938+0xb2]
    ▾ Record Header — 2026-10-10 18:41:05.192199 UTC  [0x938+0x10]
        Timestamp (seconds): 2026-10-10 18:41:05 UTC  [0x938+0x4]
        Timestamp (fraction): 192199  [0x93c+0x4]
        Captured length: 162  [0x940+0x4]
        Original length: 162  [0x944+0x4]
    ▾ Ethernet II — e6:b9:29:ec:b0:f6 → 6a:0e:5c:3c:5d:09, IPv4  [0x948+0xe]
        Destination: "6a:0e:5c:3c:5d:09"  [0x948+0x6]
        Source: "e6:b9:29:ec:b0:f6"  [0x94e+0x6]
        EtherType: IPv4 (0x800)  [0x954+0x2]
    ▾ IPv4 — 10.99.0.3 → 10.99.0.2, ICMP, TTL 64, fragment at 1480 (last), ID 0xae13  [0x956+0x14]
        Version / header length: 0x45 — version 4, header 20 bytes  [0x956+0x1]
        Differentiated services: 0x0 — DSCP 0 (CS0), ECN Not-ECT  [0x957+0x1]
        Total length: 148  [0x958+0x2]
        Identification: 0xae13  [0x95a+0x2]
        Flags / fragment offset: 0xb9 [0xb9] — fragment offset 1480  [0x95c+0x2]
        Time to live: 64  [0x95e+0x1]
        Protocol: ICMP (0x1)  [0x95f+0x1]
        Header checksum: 0xb6d2 — correct  [0x960+0x2]
        Source: "10.99.0.3"  [0x962+0x4]
        Destination: "10.99.0.2"  [0x966+0x4]
      Fragment data — 128 bytes  [0x96a+0x80]
  ▾ Packet 11 — +0.208563 s, 1514 bytes, 10.99.0.2 → 10.99.0.3, IPv4 first fragment of ICMP, ID 0xa213  [0x9ea+0x5fa]
    ▾ Record Header — 2026-10-10 18:41:05.192341 UTC  [0x9ea+0x10]
        Timestamp (seconds): 2026-10-10 18:41:05 UTC  [0x9ea+0x4]
        Timestamp (fraction): 192341  [0x9ee+0x4]
        Captured length: 1514  [0x9f2+0x4]
        Original length: 1514  [0x9f6+0x4]
    ▾ Ethernet II — 6a:0e:5c:3c:5d:09 → e6:b9:29:ec:b0:f6, IPv4  [0x9fa+0xe]
        Destination: "e6:b9:29:ec:b0:f6"  [0x9fa+0x6]
        Source: "6a:0e:5c:3c:5d:09"  [0xa00+0x6]
        EtherType: IPv4 (0x800)  [0xa06+0x2]
    ▾ IPv4 — 10.99.0.2 → 10.99.0.3, ICMP, TTL 64, fragment at 0 (more follow), ID 0xa213  [0xa08+0x14]
        Version / header length: 0x45 — version 4, header 20 bytes  [0xa08+0x1]
        Differentiated services: 0x0 — DSCP 0 (CS0), ECN Not-ECT  [0xa09+0x1]
        Total length: 1500  [0xa0a+0x2]
        Identification: 0xa213  [0xa0c+0x2]
        Flags / fragment offset: 0x2000 [MF] — fragment offset 0  [0xa0e+0x2]
        Time to live: 64  [0xa10+0x1]
        Protocol: ICMP (0x1)  [0xa11+0x1]
        Header checksum: 0x9e43 — correct  [0xa12+0x2]
        Source: "10.99.0.2"  [0xa14+0x4]
        Destination: "10.99.0.3"  [0xa18+0x4]
    ▾ ICMP — Echo reply, id=0x7927, seq=1  [0xa1c+0x5c8]
        Type: Echo reply (0x0)  [0xa1c+0x1]
        Code: 0  [0xa1d+0x1]
        Checksum: 0xa9b5  [0xa1e+0x2]
        Identifier: 0x7927  [0xa20+0x2]
        Sequence number: 1  [0xa22+0x2]
        Data — 1.4 KiB  [0xa24+0x5c0]
  ▾ Packet 12 — +0.208563 s, 162 bytes, 10.99.0.2 → 10.99.0.3, IPv4 fragment of ICMP at offset 1480, ID 0xa213  [0xfe4+0xb2]
    ▾ Record Header — 2026-10-10 18:41:05.192341 UTC  [0xfe4+0x10]
        Timestamp (seconds): 2026-10-10 18:41:05 UTC  [0xfe4+0x4]
        Timestamp (fraction): 192341  [0xfe8+0x4]
        Captured length: 162  [0xfec+0x4]
        Original length: 162  [0xff0+0x4]
    ▾ Ethernet II — 6a:0e:5c:3c:5d:09 → e6:b9:29:ec:b0:f6, IPv4  [0xff4+0xe]
        Destination: "e6:b9:29:ec:b0:f6"  [0xff4+0x6]
        Source: "6a:0e:5c:3c:5d:09"  [0xffa+0x6]
        EtherType: IPv4 (0x800)  [0x1000+0x2]
    ▾ IPv4 — 10.99.0.2 → 10.99.0.3, ICMP, TTL 64, fragment at 1480 (last), ID 0xa213  [0x1002+0x14]
        Version / header length: 0x45 — version 4, header 20 bytes  [0x1002+0x1]
        Differentiated services: 0x0 — DSCP 0 (CS0), ECN Not-ECT  [0x1003+0x1]
        Total length: 148  [0x1004+0x2]
        Identification: 0xa213  [0x1006+0x2]
        Flags / fragment offset: 0xb9 [0xb9] — fragment offset 1480  [0x1008+0x2]
        Time to live: 64  [0x100a+0x1]
        Protocol: ICMP (0x1)  [0x100b+0x1]
        Header checksum: 0xc2d2 — correct  [0x100c+0x2]
        Source: "10.99.0.2"  [0x100e+0x4]
        Destination: "10.99.0.3"  [0x1012+0x4]
      Fragment data — 128 bytes  [0x1016+0x80]
  ▾ Packet 13 — +0.210124 s, 138 bytes, 10.99.0.3 → 10.99.0.2, ICMP Echo request, id=0x7928, seq=1  [0x1096+0x9a]
    ▾ Record Header — 2026-10-10 18:41:05.193902 UTC  [0x1096+0x10]
        Timestamp (seconds): 2026-10-10 18:41:05 UTC  [0x1096+0x4]
        Timestamp (fraction): 193902  [0x109a+0x4]
        Captured length: 138  [0x109e+0x4]
        Original length: 138  [0x10a2+0x4]
    ▾ Ethernet II — e6:b9:29:ec:b0:f6 → 6a:0e:5c:3c:5d:09, IPv4  [0x10a6+0xe]
        Destination: "6a:0e:5c:3c:5d:09"  [0x10a6+0x6]
        Source: "e6:b9:29:ec:b0:f6"  [0x10ac+0x6]
        EtherType: IPv4 (0x800)  [0x10b2+0x2]
    ▾ IPv4 — 10.99.0.3 → 10.99.0.2, ICMP, TTL 64  [0x10b4+0x3c]
        Version / header length: 0x4f — version 4, header 60 bytes  [0x10b4+0x1]
        Differentiated services: 0x0 — DSCP 0 (CS0), ECN Not-ECT  [0x10b5+0x1]
        Total length: 124  [0x10b6+0x2]
        Identification: 0xae15  [0x10b8+0x2]
        Flags / fragment offset: 0x4000 [DF] — fragment offset 0  [0x10ba+0x2]
        Time to live: 64  [0x10bc+0x1]
        Protocol: ICMP (0x1)  [0x10bd+0x1]
        Header checksum: 0x3b2c — correct  [0x10be+0x2]
        Source: "10.99.0.3"  [0x10c0+0x4]
        Destination: "10.99.0.2"  [0x10c4+0x4]
      ▾ Options — Record route  [0x10c8+0x28]
          No operation: 1  [0x10c8+0x1]
        ▾ Record route — 10.99.0.3  [0x10c9+0x27]
            Type: Record route (0x7)  [0x10c9+0x1]
            Length: 39  [0x10ca+0x1]
            Pointer: 8  [0x10cb+0x1]
            Address: "10.99.0.3"  [0x10cc+0x4]
            Address: "0.0.0.0" — empty slot  [0x10d0+0x4]
            Address: "0.0.0.0" — empty slot  [0x10d4+0x4]
            Address: "0.0.0.0" — empty slot  [0x10d8+0x4]
            Address: "0.0.0.0" — empty slot  [0x10dc+0x4]
            Address: "0.0.0.0" — empty slot  [0x10e0+0x4]
            Address: "0.0.0.0" — empty slot  [0x10e4+0x4]
            Address: "0.0.0.0" — empty slot  [0x10e8+0x4]
            Address: "0.0.0.0" — empty slot  [0x10ec+0x4]
    ▾ ICMP — Echo request, id=0x7928, seq=1  [0x10f0+0x40]
        Type: Echo request (0x8)  [0x10f0+0x1]
        Code: 0  [0x10f1+0x1]
        Checksum: 0xf01c — correct  [0x10f2+0x2]
        Identifier: 0x7928  [0x10f4+0x2]
        Sequence number: 1  [0x10f6+0x2]
        Data: c1 86 ca 6a 00 00 00 00 41 f5 02 00 00 00 00 00 …  |...j....A.......|  [0x10f8+0x38]
  ▾ Packet 14 — +0.210179 s, 138 bytes, 10.99.0.2 → 10.99.0.3, ICMP Echo reply, id=0x7928, seq=1  [0x1130+0x9a]
    ▾ Record Header — 2026-10-10 18:41:05.193957 UTC  [0x1130+0x10]
        Timestamp (seconds): 2026-10-10 18:41:05 UTC  [0x1130+0x4]
        Timestamp (fraction): 193957  [0x1134+0x4]
        Captured length: 138  [0x1138+0x4]
        Original length: 138  [0x113c+0x4]
    ▾ Ethernet II — 6a:0e:5c:3c:5d:09 → e6:b9:29:ec:b0:f6, IPv4  [0x1140+0xe]
        Destination: "e6:b9:29:ec:b0:f6"  [0x1140+0x6]
        Source: "6a:0e:5c:3c:5d:09"  [0x1146+0x6]
        EtherType: IPv4 (0x800)  [0x114c+0x2]
    ▾ IPv4 — 10.99.0.2 → 10.99.0.3, ICMP, TTL 64  [0x114e+0x3c]
        Version / header length: 0x4f — version 4, header 60 bytes  [0x114e+0x1]
        Differentiated services: 0x0 — DSCP 0 (CS0), ECN Not-ECT  [0x114f+0x1]
        Total length: 124  [0x1150+0x2]
        Identification: 0xa214  [0x1152+0x2]
        Flags / fragment offset: 0x0 [] — fragment offset 0  [0x1154+0x2]
        Time to live: 64  [0x1156+0x1]
        Protocol: ICMP (0x1)  [0x1157+0x1]
        Header checksum: 0x725c — correct  [0x1158+0x2]
        Source: "10.99.0.2"  [0x115a+0x4]
        Destination: "10.99.0.3"  [0x115e+0x4]
      ▾ Options — Record route  [0x1162+0x28]
        ▾ Record route — 10.99.0.3 → 10.99.0.2 → 10.99.0.2  [0x1162+0x27]
            Type: Record route (0x7)  [0x1162+0x1]
            Length: 39  [0x1163+0x1]
            Pointer: 16  [0x1164+0x1]
            Address: "10.99.0.3"  [0x1165+0x4]
            Address: "10.99.0.2"  [0x1169+0x4]
            Address: "10.99.0.2"  [0x116d+0x4]
            Address: "0.0.0.0" — empty slot  [0x1171+0x4]
            Address: "0.0.0.0" — empty slot  [0x1175+0x4]
            Address: "0.0.0.0" — empty slot  [0x1179+0x4]
            Address: "0.0.0.0" — empty slot  [0x117d+0x4]
            Address: "0.0.0.0" — empty slot  [0x1181+0x4]
            Address: "0.0.0.0" — empty slot  [0x1185+0x4]
          End of options list: 0  [0x1189+0x1]
    ▾ ICMP — Echo reply, id=0x7928, seq=1  [0x118a+0x40]
        Type: Echo reply (0x0)  [0x118a+0x1]
        Code: 0  [0x118b+0x1]
        Checksum: 0xf81c — correct  [0x118c+0x2]
        Identifier: 0x7928  [0x118e+0x2]
        Sequence number: 1  [0x1190+0x2]
        Data: c1 86 ca 6a 00 00 00 00 41 f5 02 00 00 00 00 00 …  |...j....A.......|  [0x1192+0x38]
  ▾ Packet 15 — +0.211657 s, 86 bytes, fd99::3 → ff02::1:ff00:2, ICMPv6 Neighbor solicitation, fd99::2  [0x11ca+0x66]
    ▾ Record Header — 2026-10-10 18:41:05.195435 UTC  [0x11ca+0x10]
        Timestamp (seconds): 2026-10-10 18:41:05 UTC  [0x11ca+0x4]
        Timestamp (fraction): 195435  [0x11ce+0x4]
        Captured length: 86  [0x11d2+0x4]
        Original length: 86  [0x11d6+0x4]
    ▾ Ethernet II — e6:b9:29:ec:b0:f6 → 33:33:ff:00:00:02, IPv6  [0x11da+0xe]
        Destination: "33:33:ff:00:00:02"  [0x11da+0x6]
        Source: "e6:b9:29:ec:b0:f6"  [0x11e0+0x6]
        EtherType: IPv6 (0x86dd)  [0x11e6+0x2]
    ▾ IPv6 — fd99::3 → ff02::1:ff00:2, ICMPv6, hop limit 255  [0x11e8+0x28]
        Version / traffic class / flow label: 0x60000000 — version 6, DSCP 0 (CS0), ECN Not-ECT, flow label 0x00000  [0x11e8+0x4]
        Payload length: 32  [0x11ec+0x2]
        Next header: ICMPv6 (0x3a)  [0x11ee+0x1]
        Hop limit: 255  [0x11ef+0x1]
        Source: "fd99::3"  [0x11f0+0x10]
        Destination: "ff02::1:ff00:2"  [0x1200+0x10]
    ▾ ICMPv6 — Neighbor solicitation, fd99::2  [0x1210+0x20]
        Type: Neighbor solicitation (0x87)  [0x1210+0x1]
        Code: 0  [0x1211+0x1]
        Checksum: 0xbcc7 — correct  [0x1212+0x2]
        Reserved: 0  [0x1214+0x4]
        Target address: "fd99::2"  [0x1218+0x10]
      ▾ Source link-layer address — e6:b9:29:ec:b0:f6  [0x1228+0x8]
          Type: Source link-layer address (0x1)  [0x1228+0x1]
          Length (8-byte units): 1  [0x1229+0x1]
          Link-layer address: "e6:b9:29:ec:b0:f6"  [0x122a+0x6]
  ▾ Packet 16 — +0.211675 s, 86 bytes, fd99::3 → ff02::1:ff00:2, ICMPv6 Neighbor solicitation, fd99::2  [0x1230+0x66]
    ▾ Record Header — 2026-10-10 18:41:05.195453 UTC  [0x1230+0x10]
        Timestamp (seconds): 2026-10-10 18:41:05 UTC  [0x1230+0x4]
        Timestamp (fraction): 195453  [0x1234+0x4]
        Captured length: 86  [0x1238+0x4]
        Original length: 86  [0x123c+0x4]
    ▾ Ethernet II — e6:b9:29:ec:b0:f6 → 33:33:ff:00:00:02, IPv6  [0x1240+0xe]
        Destination: "33:33:ff:00:00:02"  [0x1240+0x6]
        Source: "e6:b9:29:ec:b0:f6"  [0x1246+0x6]
        EtherType: IPv6 (0x86dd)  [0x124c+0x2]
    ▾ IPv6 — fd99::3 → ff02::1:ff00:2, ICMPv6, hop limit 255  [0x124e+0x28]
        Version / traffic class / flow label: 0x60000000 — version 6, DSCP 0 (CS0), ECN Not-ECT, flow label 0x00000  [0x124e+0x4]
        Payload length: 32  [0x1252+0x2]
        Next header: ICMPv6 (0x3a)  [0x1254+0x1]
        Hop limit: 255  [0x1255+0x1]
        Source: "fd99::3"  [0x1256+0x10]
        Destination: "ff02::1:ff00:2"  [0x1266+0x10]
    ▾ ICMPv6 — Neighbor solicitation, fd99::2  [0x1276+0x20]
        Type: Neighbor solicitation (0x87)  [0x1276+0x1]
        Code: 0  [0x1277+0x1]
        Checksum: 0xbcc7 — correct  [0x1278+0x2]
        Reserved: 0  [0x127a+0x4]
        Target address: "fd99::2"  [0x127e+0x10]
      ▾ Source link-layer address — e6:b9:29:ec:b0:f6  [0x128e+0x8]
          Type: Source link-layer address (0x1)  [0x128e+0x1]
          Length (8-byte units): 1  [0x128f+0x1]
          Link-layer address: "e6:b9:29:ec:b0:f6"  [0x1290+0x6]
  ▾ Packet 17 — +0.211739 s, 86 bytes, fd99::2 → fd99::3, ICMPv6 Neighbor advertisement, fd99::2  [0x1296+0x66]
    ▾ Record Header — 2026-10-10 18:41:05.195517 UTC  [0x1296+0x10]
        Timestamp (seconds): 2026-10-10 18:41:05 UTC  [0x1296+0x4]
        Timestamp (fraction): 195517  [0x129a+0x4]
        Captured length: 86  [0x129e+0x4]
        Original length: 86  [0x12a2+0x4]
    ▾ Ethernet II — 6a:0e:5c:3c:5d:09 → e6:b9:29:ec:b0:f6, IPv6  [0x12a6+0xe]
        Destination: "e6:b9:29:ec:b0:f6"  [0x12a6+0x6]
        Source: "6a:0e:5c:3c:5d:09"  [0x12ac+0x6]
        EtherType: IPv6 (0x86dd)  [0x12b2+0x2]
    ▾ IPv6 — fd99::2 → fd99::3, ICMPv6, hop limit 255  [0x12b4+0x28]
        Version / traffic class / flow label: 0x60000000 — version 6, DSCP 0 (CS0), ECN Not-ECT, flow label 0x00000  [0x12b4+0x4]
        Payload length: 32  [0x12b8+0x2]
        Next header: ICMPv6 (0x3a)  [0x12ba+0x1]
        Hop limit: 255  [0x12bb+0x1]
        Source: "fd99::2"  [0x12bc+0x10]
        Destination: "fd99::3"  [0x12cc+0x10]
    ▾ ICMPv6 — Neighbor advertisement, fd99::2  [0x12dc+0x20]
        Type: Neighbor advertisement (0x88)  [0x12dc+0x1]
        Code: 0  [0x12dd+0x1]
        Checksum: 0xf97a — correct  [0x12de+0x2]
        Flags: 0x60000000 [SOLICITED | OVERRIDE]  [0x12e0+0x4]
        Target address: "fd99::2"  [0x12e4+0x10]
      ▾ Target link-layer address — 6a:0e:5c:3c:5d:09  [0x12f4+0x8]
          Type: Target link-layer address (0x2)  [0x12f4+0x1]
          Length (8-byte units): 1  [0x12f5+0x1]
          Link-layer address: "6a:0e:5c:3c:5d:09"  [0x12f6+0x6]
  ▾ Packet 18 — +0.211745 s, 118 bytes, fd99::3 → fd99::2, ICMPv6 Echo request, id=0x7929, seq=1  [0x12fc+0x86]
    ▾ Record Header — 2026-10-10 18:41:05.195523 UTC  [0x12fc+0x10]
        Timestamp (seconds): 2026-10-10 18:41:05 UTC  [0x12fc+0x4]
        Timestamp (fraction): 195523  [0x1300+0x4]
        Captured length: 118  [0x1304+0x4]
        Original length: 118  [0x1308+0x4]
    ▾ Ethernet II — e6:b9:29:ec:b0:f6 → 6a:0e:5c:3c:5d:09, IPv6  [0x130c+0xe]
        Destination: "6a:0e:5c:3c:5d:09"  [0x130c+0x6]
        Source: "e6:b9:29:ec:b0:f6"  [0x1312+0x6]
        EtherType: IPv6 (0x86dd)  [0x1318+0x2]
    ▾ IPv6 — fd99::3 → fd99::2, ICMPv6, hop limit 64  [0x131a+0x28]
        Version / traffic class / flow label: 0x600db3d3 — version 6, DSCP 0 (CS0), ECN Not-ECT, flow label 0xdb3d3  [0x131a+0x4]
        Payload length: 64  [0x131e+0x2]
        Next header: ICMPv6 (0x3a)  [0x1320+0x1]
        Hop limit: 64  [0x1321+0x1]
        Source: "fd99::3"  [0x1322+0x10]
        Destination: "fd99::2"  [0x1332+0x10]
    ▾ ICMPv6 — Echo request, id=0x7929, seq=1  [0x1342+0x40]
        Type: Echo request (0x80)  [0x1342+0x1]
        Code: 0  [0x1343+0x1]
        Checksum: 0x9e62 — correct  [0x1344+0x2]
        Identifier: 0x7929  [0x1346+0x2]
        Sequence number: 1  [0x1348+0x2]
        Data: c1 86 ca 6a 00 00 00 00 1f fb 02 00 00 00 00 00 …  |...j............|  [0x134a+0x38]
  ▾ Packet 19 — +0.211846 s, 118 bytes, fd99::2 → fd99::3, ICMPv6 Echo reply, id=0x7929, seq=1  [0x1382+0x86]
    ▾ Record Header — 2026-10-10 18:41:05.195624 UTC  [0x1382+0x10]
        Timestamp (seconds): 2026-10-10 18:41:05 UTC  [0x1382+0x4]
        Timestamp (fraction): 195624  [0x1386+0x4]
        Captured length: 118  [0x138a+0x4]
        Original length: 118  [0x138e+0x4]
    ▾ Ethernet II — 6a:0e:5c:3c:5d:09 → e6:b9:29:ec:b0:f6, IPv6  [0x1392+0xe]
        Destination: "e6:b9:29:ec:b0:f6"  [0x1392+0x6]
        Source: "6a:0e:5c:3c:5d:09"  [0x1398+0x6]
        EtherType: IPv6 (0x86dd)  [0x139e+0x2]
    ▾ IPv6 — fd99::2 → fd99::3, ICMPv6, hop limit 64  [0x13a0+0x28]
        Version / traffic class / flow label: 0x600551ae — version 6, DSCP 0 (CS0), ECN Not-ECT, flow label 0x551ae  [0x13a0+0x4]
        Payload length: 64  [0x13a4+0x2]
        Next header: ICMPv6 (0x3a)  [0x13a6+0x1]
        Hop limit: 64  [0x13a7+0x1]
        Source: "fd99::2"  [0x13a8+0x10]
        Destination: "fd99::3"  [0x13b8+0x10]
    ▾ ICMPv6 — Echo reply, id=0x7929, seq=1  [0x13c8+0x40]
        Type: Echo reply (0x81)  [0x13c8+0x1]
        Code: 0  [0x13c9+0x1]
        Checksum: 0x9d62 — correct  [0x13ca+0x2]
        Identifier: 0x7929  [0x13cc+0x2]
        Sequence number: 1  [0x13ce+0x2]
        Data: c1 86 ca 6a 00 00 00 00 1f fb 02 00 00 00 00 00 …  |...j............|  [0x13d0+0x38]
  ▾ Packet 20 — +0.420027 s, 118 bytes, fd99::3 → fd99::2, ICMPv6 Echo request, id=0x7929, seq=2  [0x1408+0x86]
    ▾ Record Header — 2026-10-10 18:41:05.403805 UTC  [0x1408+0x10]
        Timestamp (seconds): 2026-10-10 18:41:05 UTC  [0x1408+0x4]
        Timestamp (fraction): 403805  [0x140c+0x4]
        Captured length: 118  [0x1410+0x4]
        Original length: 118  [0x1414+0x4]
    ▾ Ethernet II — e6:b9:29:ec:b0:f6 → 6a:0e:5c:3c:5d:09, IPv6  [0x1418+0xe]
        Destination: "6a:0e:5c:3c:5d:09"  [0x1418+0x6]
        Source: "e6:b9:29:ec:b0:f6"  [0x141e+0x6]
        EtherType: IPv6 (0x86dd)  [0x1424+0x2]
    ▾ IPv6 — fd99::3 → fd99::2, ICMPv6, hop limit 64  [0x1426+0x28]
        Version / traffic class / flow label: 0x600db3d3 — version 6, DSCP 0 (CS0), ECN Not-ECT, flow label 0xdb3d3  [0x1426+0x4]
        Payload length: 64  [0x142a+0x2]
        Next header: ICMPv6 (0x3a)  [0x142c+0x1]
        Hop limit: 64  [0x142d+0x1]
        Source: "fd99::3"  [0x142e+0x10]
        Destination: "fd99::2"  [0x143e+0x10]
    ▾ ICMPv6 — Echo request, id=0x7929, seq=2  [0x144e+0x40]
        Type: Echo request (0x80)  [0x144e+0x1]
        Code: 0  [0x144f+0x1]
        Checksum: 0x9433 — correct  [0x1450+0x2]
        Identifier: 0x7929  [0x1452+0x2]
        Sequence number: 2  [0x1454+0x2]
        Data: c1 86 ca 6a 00 00 00 00 26 29 06 00 00 00 00 00 …  |...j....&)......|  [0x1456+0x38]
  ▾ Packet 21 — +0.420158 s, 118 bytes, fd99::2 → fd99::3, ICMPv6 Echo reply, id=0x7929, seq=2  [0x148e+0x86]
    ▾ Record Header — 2026-10-10 18:41:05.403936 UTC  [0x148e+0x10]
        Timestamp (seconds): 2026-10-10 18:41:05 UTC  [0x148e+0x4]
        Timestamp (fraction): 403936  [0x1492+0x4]
        Captured length: 118  [0x1496+0x4]
        Original length: 118  [0x149a+0x4]
    ▾ Ethernet II — 6a:0e:5c:3c:5d:09 → e6:b9:29:ec:b0:f6, IPv6  [0x149e+0xe]
        Destination: "e6:b9:29:ec:b0:f6"  [0x149e+0x6]
        Source: "6a:0e:5c:3c:5d:09"  [0x14a4+0x6]
        EtherType: IPv6 (0x86dd)  [0x14aa+0x2]
    ▾ IPv6 — fd99::2 → fd99::3, ICMPv6, hop limit 64  [0x14ac+0x28]
        Version / traffic class / flow label: 0x600551ae — version 6, DSCP 0 (CS0), ECN Not-ECT, flow label 0x551ae  [0x14ac+0x4]
        Payload length: 64  [0x14b0+0x2]
        Next header: ICMPv6 (0x3a)  [0x14b2+0x1]
        Hop limit: 64  [0x14b3+0x1]
        Source: "fd99::2"  [0x14b4+0x10]
        Destination: "fd99::3"  [0x14c4+0x10]
    ▾ ICMPv6 — Echo reply, id=0x7929, seq=2  [0x14d4+0x40]
        Type: Echo reply (0x81)  [0x14d4+0x1]
        Code: 0  [0x14d5+0x1]
        Checksum: 0x9333 — correct  [0x14d6+0x2]
        Identifier: 0x7929  [0x14d8+0x2]
        Sequence number: 2  [0x14da+0x2]
        Data: c1 86 ca 6a 00 00 00 00 26 29 06 00 00 00 00 00 …  |...j....&)......|  [0x14dc+0x38]
  ▾ Packet 22 — +0.422983 s, 1510 bytes, fd99::3 → fd99::2, IPv6 first fragment of ICMPv6  [0x1514+0x5f6]
    ▾ Record Header — 2026-10-10 18:41:05.406761 UTC  [0x1514+0x10]
        Timestamp (seconds): 2026-10-10 18:41:05 UTC  [0x1514+0x4]
        Timestamp (fraction): 406761  [0x1518+0x4]
        Captured length: 1510  [0x151c+0x4]
        Original length: 1510  [0x1520+0x4]
    ▾ Ethernet II — e6:b9:29:ec:b0:f6 → 6a:0e:5c:3c:5d:09, IPv6  [0x1524+0xe]
        Destination: "6a:0e:5c:3c:5d:09"  [0x1524+0x6]
        Source: "e6:b9:29:ec:b0:f6"  [0x152a+0x6]
        EtherType: IPv6 (0x86dd)  [0x1530+0x2]
    ▾ IPv6 — fd99::3 → fd99::2, ICMPv6, hop limit 64 (via IPv6 fragment header)  [0x1532+0x28]
        Version / traffic class / flow label: 0x600db3d3 — version 6, DSCP 0 (CS0), ECN Not-ECT, flow label 0xdb3d3  [0x1532+0x4]
        Payload length: 1456  [0x1536+0x2]
        Next header: IPv6 fragment header (0x2c)  [0x1538+0x1]
        Hop limit: 64  [0x1539+0x1]
        Source: "fd99::3"  [0x153a+0x10]
        Destination: "fd99::2"  [0x154a+0x10]
    ▾ IPv6 fragment header — offset 0, more follow, ID 0x3f3468d7  [0x155a+0x8]
        Next header: ICMPv6 (0x3a)  [0x155a+0x1]
        Reserved: 0  [0x155b+0x1]
        Fragment offset / flags: 0x1 — offset 0, more fragments 1  [0x155c+0x2]
        Identification: 0x3f3468d7  [0x155e+0x4]
    ▾ ICMPv6 — Echo request, id=0x792a, seq=1  [0x1562+0x5a8]
        Type: Echo request (0x80)  [0x1562+0x1]
        Code: 0  [0x1563+0x1]
        Checksum: 0xdbb1  [0x1564+0x2]
        Identifier: 0x792a  [0x1566+0x2]
        Sequence number: 1  [0x1568+0x2]
        Data — 1.4 KiB  [0x156a+0x5a0]
  ▾ Packet 23 — +0.423031 s, 222 bytes, fd99::3 → fd99::2, IPv6 fragment of ICMPv6 at offset 1448  [0x1b0a+0xee]
    ▾ Record Header — 2026-10-10 18:41:05.406809 UTC  [0x1b0a+0x10]
        Timestamp (seconds): 2026-10-10 18:41:05 UTC  [0x1b0a+0x4]
        Timestamp (fraction): 406809  [0x1b0e+0x4]
        Captured length: 222  [0x1b12+0x4]
        Original length: 222  [0x1b16+0x4]
    ▾ Ethernet II — e6:b9:29:ec:b0:f6 → 6a:0e:5c:3c:5d:09, IPv6  [0x1b1a+0xe]
        Destination: "6a:0e:5c:3c:5d:09"  [0x1b1a+0x6]
        Source: "e6:b9:29:ec:b0:f6"  [0x1b20+0x6]
        EtherType: IPv6 (0x86dd)  [0x1b26+0x2]
    ▾ IPv6 — fd99::3 → fd99::2, fragment of ICMPv6, hop limit 64  [0x1b28+0x28]
        Version / traffic class / flow label: 0x600db3d3 — version 6, DSCP 0 (CS0), ECN Not-ECT, flow label 0xdb3d3  [0x1b28+0x4]
        Payload length: 168  [0x1b2c+0x2]
        Next header: IPv6 fragment header (0x2c)  [0x1b2e+0x1]
        Hop limit: 64  [0x1b2f+0x1]
        Source: "fd99::3"  [0x1b30+0x10]
        Destination: "fd99::2"  [0x1b40+0x10]
    ▾ IPv6 fragment header — offset 1448, ID 0x3f3468d7  [0x1b50+0x8]
        Next header: ICMPv6 (0x3a)  [0x1b50+0x1]
        Reserved: 0  [0x1b51+0x1]
        Fragment offset / flags: 0x5a8 — offset 1448, more fragments 0  [0x1b52+0x2]
        Identification: 0x3f3468d7  [0x1b54+0x4]
      Fragment data — 160 bytes  [0x1b58+0xa0]
  ▾ Packet 24 — +0.423181 s, 1510 bytes, fd99::2 → fd99::3, IPv6 first fragment of ICMPv6  [0x1bf8+0x5f6]
    ▾ Record Header — 2026-10-10 18:41:05.406959 UTC  [0x1bf8+0x10]
        Timestamp (seconds): 2026-10-10 18:41:05 UTC  [0x1bf8+0x4]
        Timestamp (fraction): 406959  [0x1bfc+0x4]
        Captured length: 1510  [0x1c00+0x4]
        Original length: 1510  [0x1c04+0x4]
    ▾ Ethernet II — 6a:0e:5c:3c:5d:09 → e6:b9:29:ec:b0:f6, IPv6  [0x1c08+0xe]
        Destination: "e6:b9:29:ec:b0:f6"  [0x1c08+0x6]
        Source: "6a:0e:5c:3c:5d:09"  [0x1c0e+0x6]
        EtherType: IPv6 (0x86dd)  [0x1c14+0x2]
    ▾ IPv6 — fd99::2 → fd99::3, ICMPv6, hop limit 64 (via IPv6 fragment header)  [0x1c16+0x28]
        Version / traffic class / flow label: 0x600551ae — version 6, DSCP 0 (CS0), ECN Not-ECT, flow label 0x551ae  [0x1c16+0x4]
        Payload length: 1456  [0x1c1a+0x2]
        Next header: IPv6 fragment header (0x2c)  [0x1c1c+0x1]
        Hop limit: 64  [0x1c1d+0x1]
        Source: "fd99::2"  [0x1c1e+0x10]
        Destination: "fd99::3"  [0x1c2e+0x10]
    ▾ IPv6 fragment header — offset 0, more follow, ID 0xf8184bed  [0x1c3e+0x8]
        Next header: ICMPv6 (0x3a)  [0x1c3e+0x1]
        Reserved: 0  [0x1c3f+0x1]
        Fragment offset / flags: 0x1 — offset 0, more fragments 1  [0x1c40+0x2]
        Identification: 0xf8184bed  [0x1c42+0x4]
    ▾ ICMPv6 — Echo reply, id=0x792a, seq=1  [0x1c46+0x5a8]
        Type: Echo reply (0x81)  [0x1c46+0x1]
        Code: 0  [0x1c47+0x1]
        Checksum: 0xdab1  [0x1c48+0x2]
        Identifier: 0x792a  [0x1c4a+0x2]
        Sequence number: 1  [0x1c4c+0x2]
        Data — 1.4 KiB  [0x1c4e+0x5a0]
  ▾ Packet 25 — +0.423181 s, 222 bytes, fd99::2 → fd99::3, IPv6 fragment of ICMPv6 at offset 1448  [0x21ee+0xee]
    ▾ Record Header — 2026-10-10 18:41:05.406959 UTC  [0x21ee+0x10]
        Timestamp (seconds): 2026-10-10 18:41:05 UTC  [0x21ee+0x4]
        Timestamp (fraction): 406959  [0x21f2+0x4]
        Captured length: 222  [0x21f6+0x4]
        Original length: 222  [0x21fa+0x4]
    ▾ Ethernet II — 6a:0e:5c:3c:5d:09 → e6:b9:29:ec:b0:f6, IPv6  [0x21fe+0xe]
        Destination: "e6:b9:29:ec:b0:f6"  [0x21fe+0x6]
        Source: "6a:0e:5c:3c:5d:09"  [0x2204+0x6]
        EtherType: IPv6 (0x86dd)  [0x220a+0x2]
    ▾ IPv6 — fd99::2 → fd99::3, fragment of ICMPv6, hop limit 64  [0x220c+0x28]
        Version / traffic class / flow label: 0x600551ae — version 6, DSCP 0 (CS0), ECN Not-ECT, flow label 0x551ae  [0x220c+0x4]
        Payload length: 168  [0x2210+0x2]
        Next header: IPv6 fragment header (0x2c)  [0x2212+0x1]
        Hop limit: 64  [0x2213+0x1]
        Source: "fd99::2"  [0x2214+0x10]
        Destination: "fd99::3"  [0x2224+0x10]
    ▾ IPv6 fragment header — offset 1448, ID 0xf8184bed  [0x2234+0x8]
        Next header: ICMPv6 (0x3a)  [0x2234+0x1]
        Reserved: 0  [0x2235+0x1]
        Fragment offset / flags: 0x5a8 — offset 1448, more fragments 0  [0x2236+0x2]
        Identification: 0xf8184bed  [0x2238+0x4]
      Fragment data — 160 bytes  [0x223c+0xa0]
  ▾ Packet 26 — +0.450691 s, 54 bytes, 10.99.0.3 → 224.0.0.22, IGMPv3 membership report, 239.1.2.3  [0x22dc+0x46]
    ▾ Record Header — 2026-10-10 18:41:05.434469 UTC  [0x22dc+0x10]
        Timestamp (seconds): 2026-10-10 18:41:05 UTC  [0x22dc+0x4]
        Timestamp (fraction): 434469  [0x22e0+0x4]
        Captured length: 54  [0x22e4+0x4]
        Original length: 54  [0x22e8+0x4]
    ▾ Ethernet II — e6:b9:29:ec:b0:f6 → 01:00:5e:00:00:16, IPv4  [0x22ec+0xe]
        Destination: "01:00:5e:00:00:16"  [0x22ec+0x6]
        Source: "e6:b9:29:ec:b0:f6"  [0x22f2+0x6]
        EtherType: IPv4 (0x800)  [0x22f8+0x2]
    ▾ IPv4 — 10.99.0.3 → 224.0.0.22, IGMP, TTL 1  [0x22fa+0x18]
        Version / header length: 0x46 — version 4, header 24 bytes  [0x22fa+0x1]
        Differentiated services: 0xc0 — DSCP 48 (CS6), ECN Not-ECT  [0x22fb+0x1]
        Total length: 40  [0x22fc+0x2]
        Identification: 0x0  [0x22fe+0x2]
        Flags / fragment offset: 0x4000 [DF] — fragment offset 0  [0x2300+0x2]
        Time to live: 1  [0x2302+0x1]
        Protocol: IGMP (0x2)  [0x2303+0x1]
        Header checksum: 0xf993 — correct  [0x2304+0x2]
        Source: "10.99.0.3"  [0x2306+0x4]
        Destination: "224.0.0.22"  [0x230a+0x4]
      ▾ Options — Router alert  [0x230e+0x4]
        ▾ Router alert — every router examines the packet  [0x230e+0x4]
            Type: Router alert (0x94)  [0x230e+0x1]
            Length: 4  [0x230f+0x1]
            Value: 0  [0x2310+0x2]
    ▾ IGMP — IGMPv3 membership report, 239.1.2.3  [0x2312+0x10]
        Type: IGMPv3 membership report (0x22)  [0x2312+0x1]
        Max response code: 0  [0x2313+0x1]
        Checksum: 0xe8f9 — correct  [0x2314+0x2]
        Reserved: 0  [0x2316+0x2]
        Number of records: 1  [0x2318+0x2]
      ▾ Group record — 239.1.2.3, CHANGE_TO_EXCLUDE_MODE, 0 sources  [0x231a+0x8]
          Record type: CHANGE_TO_EXCLUDE_MODE (0x4)  [0x231a+0x1]
          Aux data length: 0  [0x231b+0x1]
          Number of sources: 0  [0x231c+0x2]
          Multicast address: "239.1.2.3"  [0x231e+0x4]
  ▾ Packet 27 — +0.450786 s, 54 bytes, 10.99.0.3 → 224.0.0.22, IGMPv3 membership report, 239.1.2.3  [0x2322+0x46]
    ▾ Record Header — 2026-10-10 18:41:05.434564 UTC  [0x2322+0x10]
        Timestamp (seconds): 2026-10-10 18:41:05 UTC  [0x2322+0x4]
        Timestamp (fraction): 434564  [0x2326+0x4]
        Captured length: 54  [0x232a+0x4]
        Original length: 54  [0x232e+0x4]
    ▾ Ethernet II — e6:b9:29:ec:b0:f6 → 01:00:5e:00:00:16, IPv4  [0x2332+0xe]
        Destination: "01:00:5e:00:00:16"  [0x2332+0x6]
        Source: "e6:b9:29:ec:b0:f6"  [0x2338+0x6]
        EtherType: IPv4 (0x800)  [0x233e+0x2]
    ▾ IPv4 — 10.99.0.3 → 224.0.0.22, IGMP, TTL 1  [0x2340+0x18]
        Version / header length: 0x46 — version 4, header 24 bytes  [0x2340+0x1]
        Differentiated services: 0xc0 — DSCP 48 (CS6), ECN Not-ECT  [0x2341+0x1]
        Total length: 40  [0x2342+0x2]
        Identification: 0x0  [0x2344+0x2]
        Flags / fragment offset: 0x4000 [DF] — fragment offset 0  [0x2346+0x2]
        Time to live: 1  [0x2348+0x1]
        Protocol: IGMP (0x2)  [0x2349+0x1]
        Header checksum: 0xf993 — correct  [0x234a+0x2]
        Source: "10.99.0.3"  [0x234c+0x4]
        Destination: "224.0.0.22"  [0x2350+0x4]
      ▾ Options — Router alert  [0x2354+0x4]
        ▾ Router alert — every router examines the packet  [0x2354+0x4]
            Type: Router alert (0x94)  [0x2354+0x1]
            Length: 4  [0x2355+0x1]
            Value: 0  [0x2356+0x2]
    ▾ IGMP — IGMPv3 membership report, 239.1.2.3  [0x2358+0x10]
        Type: IGMPv3 membership report (0x22)  [0x2358+0x1]
        Max response code: 0  [0x2359+0x1]
        Checksum: 0xe8f9 — correct  [0x235a+0x2]
        Reserved: 0  [0x235c+0x2]
        Number of records: 1  [0x235e+0x2]
      ▾ Group record — 239.1.2.3, CHANGE_TO_EXCLUDE_MODE, 0 sources  [0x2360+0x8]
          Record type: CHANGE_TO_EXCLUDE_MODE (0x4)  [0x2360+0x1]
          Aux data length: 0  [0x2361+0x1]
          Number of sources: 0  [0x2362+0x2]
          Multicast address: "239.1.2.3"  [0x2364+0x4]
  ▾ Packet 28 — +0.450819 s, 90 bytes, fe80::e4b9:29ff:feec:b0f6 → ff02::16, ICMPv6 Multicast listener report v2, ff15::1234  [0x2368+0x6a]
    ▾ Record Header — 2026-10-10 18:41:05.434597 UTC  [0x2368+0x10]
        Timestamp (seconds): 2026-10-10 18:41:05 UTC  [0x2368+0x4]
        Timestamp (fraction): 434597  [0x236c+0x4]
        Captured length: 90  [0x2370+0x4]
        Original length: 90  [0x2374+0x4]
    ▾ Ethernet II — e6:b9:29:ec:b0:f6 → 33:33:00:00:00:16, IPv6  [0x2378+0xe]
        Destination: "33:33:00:00:00:16"  [0x2378+0x6]
        Source: "e6:b9:29:ec:b0:f6"  [0x237e+0x6]
        EtherType: IPv6 (0x86dd)  [0x2384+0x2]
    ▾ IPv6 — fe80::e4b9:29ff:feec:b0f6 → ff02::16, ICMPv6, hop limit 1 (via IPv6 hop-by-hop options)  [0x2386+0x28]
        Version / traffic class / flow label: 0x60000000 — version 6, DSCP 0 (CS0), ECN Not-ECT, flow label 0x00000  [0x2386+0x4]
        Payload length: 36  [0x238a+0x2]
        Next header: IPv6 hop-by-hop options (0x0)  [0x238c+0x1]
        Hop limit: 1  [0x238d+0x1]
        Source: "fe80::e4b9:29ff:feec:b0f6"  [0x238e+0x10]
        Destination: "ff02::16"  [0x239e+0x10]
    ▾ IPv6 hop-by-hop options — Router alert  [0x23ae+0x8]
        Next header: ICMPv6 (0x3a)  [0x23ae+0x1]
        Header extension length: 0  [0x23af+0x1]
      ▾ Router alert — MLD  [0x23b0+0x4]
          Type: Router alert (0x5) — skip if unknown  [0x23b0+0x1]
          Length: 2  [0x23b1+0x1]
          Value: MLD (0x0)  [0x23b2+0x2]
      ▾ PadN  [0x23b4+0x2]
          Type: PadN (0x1) — skip if unknown  [0x23b4+0x1]
          Length: 0  [0x23b5+0x1]
    ▾ ICMPv6 — Multicast listener report v2, ff15::1234  [0x23b6+0x1c]
        Type: Multicast listener report v2 (0x8f)  [0x23b6+0x1]
        Code: 0  [0x23b7+0x1]
        Checksum: 0x9f27 — correct  [0x23b8+0x2]
        Reserved: 0  [0x23ba+0x2]
        Number of records: 1  [0x23bc+0x2]
      ▾ Group record — ff15::1234, CHANGE_TO_EXCLUDE_MODE, 0 sources  [0x23be+0x14]
          Record type: CHANGE_TO_EXCLUDE_MODE (0x4)  [0x23be+0x1]
          Aux data length: 0  [0x23bf+0x1]
          Number of sources: 0  [0x23c0+0x2]
          Multicast address: "ff15::1234"  [0x23c2+0x10]
  ▾ Packet 29 — +0.450833 s, 90 bytes, fe80::e4b9:29ff:feec:b0f6 → ff02::16, ICMPv6 Multicast listener report v2, ff15::1234  [0x23d2+0x6a]
    ▾ Record Header — 2026-10-10 18:41:05.434611 UTC  [0x23d2+0x10]
        Timestamp (seconds): 2026-10-10 18:41:05 UTC  [0x23d2+0x4]
        Timestamp (fraction): 434611  [0x23d6+0x4]
        Captured length: 90  [0x23da+0x4]
        Original length: 90  [0x23de+0x4]
    ▾ Ethernet II — e6:b9:29:ec:b0:f6 → 33:33:00:00:00:16, IPv6  [0x23e2+0xe]
        Destination: "33:33:00:00:00:16"  [0x23e2+0x6]
        Source: "e6:b9:29:ec:b0:f6"  [0x23e8+0x6]
        EtherType: IPv6 (0x86dd)  [0x23ee+0x2]
    ▾ IPv6 — fe80::e4b9:29ff:feec:b0f6 → ff02::16, ICMPv6, hop limit 1 (via IPv6 hop-by-hop options)  [0x23f0+0x28]
        Version / traffic class / flow label: 0x60000000 — version 6, DSCP 0 (CS0), ECN Not-ECT, flow label 0x00000  [0x23f0+0x4]
        Payload length: 36  [0x23f4+0x2]
        Next header: IPv6 hop-by-hop options (0x0)  [0x23f6+0x1]
        Hop limit: 1  [0x23f7+0x1]
        Source: "fe80::e4b9:29ff:feec:b0f6"  [0x23f8+0x10]
        Destination: "ff02::16"  [0x2408+0x10]
    ▾ IPv6 hop-by-hop options — Router alert  [0x2418+0x8]
        Next header: ICMPv6 (0x3a)  [0x2418+0x1]
        Header extension length: 0  [0x2419+0x1]
      ▾ Router alert — MLD  [0x241a+0x4]
          Type: Router alert (0x5) — skip if unknown  [0x241a+0x1]
          Length: 2  [0x241b+0x1]
          Value: MLD (0x0)  [0x241c+0x2]
      ▾ PadN  [0x241e+0x2]
          Type: PadN (0x1) — skip if unknown  [0x241e+0x1]
          Length: 0  [0x241f+0x1]
    ▾ ICMPv6 — Multicast listener report v2, ff15::1234  [0x2420+0x1c]
        Type: Multicast listener report v2 (0x8f)  [0x2420+0x1]
        Code: 0  [0x2421+0x1]
        Checksum: 0x9f27 — correct  [0x2422+0x2]
        Reserved: 0  [0x2424+0x2]
        Number of records: 1  [0x2426+0x2]
      ▾ Group record — ff15::1234, CHANGE_TO_EXCLUDE_MODE, 0 sources  [0x2428+0x14]
          Record type: CHANGE_TO_EXCLUDE_MODE (0x4)  [0x2428+0x1]
          Aux data length: 0  [0x2429+0x1]
          Number of sources: 0  [0x242a+0x2]
          Multicast address: "ff15::1234"  [0x242c+0x10]
  ▾ Packet 30 — +1.140077 s, 90 bytes, fe80::e4b9:29ff:feec:b0f6 → ff02::16, ICMPv6 Multicast listener report v2, ff15::1234  [0x243c+0x6a]
    ▾ Record Header — 2026-10-10 18:41:06.123855 UTC  [0x243c+0x10]
        Timestamp (seconds): 2026-10-10 18:41:06 UTC  [0x243c+0x4]
        Timestamp (fraction): 123855  [0x2440+0x4]
        Captured length: 90  [0x2444+0x4]
        Original length: 90  [0x2448+0x4]
    ▾ Ethernet II — e6:b9:29:ec:b0:f6 → 33:33:00:00:00:16, IPv6  [0x244c+0xe]
        Destination: "33:33:00:00:00:16"  [0x244c+0x6]
        Source: "e6:b9:29:ec:b0:f6"  [0x2452+0x6]
        EtherType: IPv6 (0x86dd)  [0x2458+0x2]
    ▾ IPv6 — fe80::e4b9:29ff:feec:b0f6 → ff02::16, ICMPv6, hop limit 1 (via IPv6 hop-by-hop options)  [0x245a+0x28]
        Version / traffic class / flow label: 0x60000000 — version 6, DSCP 0 (CS0), ECN Not-ECT, flow label 0x00000  [0x245a+0x4]
        Payload length: 36  [0x245e+0x2]
        Next header: IPv6 hop-by-hop options (0x0)  [0x2460+0x1]
        Hop limit: 1  [0x2461+0x1]
        Source: "fe80::e4b9:29ff:feec:b0f6"  [0x2462+0x10]
        Destination: "ff02::16"  [0x2472+0x10]
    ▾ IPv6 hop-by-hop options — Router alert  [0x2482+0x8]
        Next header: ICMPv6 (0x3a)  [0x2482+0x1]
        Header extension length: 0  [0x2483+0x1]
      ▾ Router alert — MLD  [0x2484+0x4]
          Type: Router alert (0x5) — skip if unknown  [0x2484+0x1]
          Length: 2  [0x2485+0x1]
          Value: MLD (0x0)  [0x2486+0x2]
      ▾ PadN  [0x2488+0x2]
          Type: PadN (0x1) — skip if unknown  [0x2488+0x1]
          Length: 0  [0x2489+0x1]
    ▾ ICMPv6 — Multicast listener report v2, ff15::1234  [0x248a+0x1c]
        Type: Multicast listener report v2 (0x8f)  [0x248a+0x1]
        Code: 0  [0x248b+0x1]
        Checksum: 0x9f27 — correct  [0x248c+0x2]
        Reserved: 0  [0x248e+0x2]
        Number of records: 1  [0x2490+0x2]
      ▾ Group record — ff15::1234, CHANGE_TO_EXCLUDE_MODE, 0 sources  [0x2492+0x14]
          Record type: CHANGE_TO_EXCLUDE_MODE (0x4)  [0x2492+0x1]
          Aux data length: 0  [0x2493+0x1]
          Number of sources: 0  [0x2494+0x2]
          Multicast address: "ff15::1234"  [0x2496+0x10]
  ▾ Packet 31 — +1.140144 s, 90 bytes, fe80::e4b9:29ff:feec:b0f6 → ff02::16, ICMPv6 Multicast listener report v2, ff15::1234  [0x24a6+0x6a]
    ▾ Record Header — 2026-10-10 18:41:06.123922 UTC  [0x24a6+0x10]
        Timestamp (seconds): 2026-10-10 18:41:06 UTC  [0x24a6+0x4]
        Timestamp (fraction): 123922  [0x24aa+0x4]
        Captured length: 90  [0x24ae+0x4]
        Original length: 90  [0x24b2+0x4]
    ▾ Ethernet II — e6:b9:29:ec:b0:f6 → 33:33:00:00:00:16, IPv6  [0x24b6+0xe]
        Destination: "33:33:00:00:00:16"  [0x24b6+0x6]
        Source: "e6:b9:29:ec:b0:f6"  [0x24bc+0x6]
        EtherType: IPv6 (0x86dd)  [0x24c2+0x2]
    ▾ IPv6 — fe80::e4b9:29ff:feec:b0f6 → ff02::16, ICMPv6, hop limit 1 (via IPv6 hop-by-hop options)  [0x24c4+0x28]
        Version / traffic class / flow label: 0x60000000 — version 6, DSCP 0 (CS0), ECN Not-ECT, flow label 0x00000  [0x24c4+0x4]
        Payload length: 36  [0x24c8+0x2]
        Next header: IPv6 hop-by-hop options (0x0)  [0x24ca+0x1]
        Hop limit: 1  [0x24cb+0x1]
        Source: "fe80::e4b9:29ff:feec:b0f6"  [0x24cc+0x10]
        Destination: "ff02::16"  [0x24dc+0x10]
    ▾ IPv6 hop-by-hop options — Router alert  [0x24ec+0x8]
        Next header: ICMPv6 (0x3a)  [0x24ec+0x1]
        Header extension length: 0  [0x24ed+0x1]
      ▾ Router alert — MLD  [0x24ee+0x4]
          Type: Router alert (0x5) — skip if unknown  [0x24ee+0x1]
          Length: 2  [0x24ef+0x1]
          Value: MLD (0x0)  [0x24f0+0x2]
      ▾ PadN  [0x24f2+0x2]
          Type: PadN (0x1) — skip if unknown  [0x24f2+0x1]
          Length: 0  [0x24f3+0x1]
    ▾ ICMPv6 — Multicast listener report v2, ff15::1234  [0x24f4+0x1c]
        Type: Multicast listener report v2 (0x8f)  [0x24f4+0x1]
        Code: 0  [0x24f5+0x1]
        Checksum: 0x9f27 — correct  [0x24f6+0x2]
        Reserved: 0  [0x24f8+0x2]
        Number of records: 1  [0x24fa+0x2]
      ▾ Group record — ff15::1234, CHANGE_TO_EXCLUDE_MODE, 0 sources  [0x24fc+0x14]
          Record type: CHANGE_TO_EXCLUDE_MODE (0x4)  [0x24fc+0x1]
          Aux data length: 0  [0x24fd+0x1]
          Number of sources: 0  [0x24fe+0x2]
          Multicast address: "ff15::1234"  [0x2500+0x10]
  ▾ Packet 32 — +1.266908 s, 54 bytes, 10.99.0.3 → 224.0.0.22, IGMPv3 membership report, 239.1.2.3  [0x2510+0x46]
    ▾ Record Header — 2026-10-10 18:41:06.250686 UTC  [0x2510+0x10]
        Timestamp (seconds): 2026-10-10 18:41:06 UTC  [0x2510+0x4]
        Timestamp (fraction): 250686  [0x2514+0x4]
        Captured length: 54  [0x2518+0x4]
        Original length: 54  [0x251c+0x4]
    ▾ Ethernet II — e6:b9:29:ec:b0:f6 → 01:00:5e:00:00:16, IPv4  [0x2520+0xe]
        Destination: "01:00:5e:00:00:16"  [0x2520+0x6]
        Source: "e6:b9:29:ec:b0:f6"  [0x2526+0x6]
        EtherType: IPv4 (0x800)  [0x252c+0x2]
    ▾ IPv4 — 10.99.0.3 → 224.0.0.22, IGMP, TTL 1  [0x252e+0x18]
        Version / header length: 0x46 — version 4, header 24 bytes  [0x252e+0x1]
        Differentiated services: 0xc0 — DSCP 48 (CS6), ECN Not-ECT  [0x252f+0x1]
        Total length: 40  [0x2530+0x2]
        Identification: 0x0  [0x2532+0x2]
        Flags / fragment offset: 0x4000 [DF] — fragment offset 0  [0x2534+0x2]
        Time to live: 1  [0x2536+0x1]
        Protocol: IGMP (0x2)  [0x2537+0x1]
        Header checksum: 0xf993 — correct  [0x2538+0x2]
        Source: "10.99.0.3"  [0x253a+0x4]
        Destination: "224.0.0.22"  [0x253e+0x4]
      ▾ Options — Router alert  [0x2542+0x4]
        ▾ Router alert — every router examines the packet  [0x2542+0x4]
            Type: Router alert (0x94)  [0x2542+0x1]
            Length: 4  [0x2543+0x1]
            Value: 0  [0x2544+0x2]
    ▾ IGMP — IGMPv3 membership report, 239.1.2.3  [0x2546+0x10]
        Type: IGMPv3 membership report (0x22)  [0x2546+0x1]
        Max response code: 0  [0x2547+0x1]
        Checksum: 0xe8f9 — correct  [0x2548+0x2]
        Reserved: 0  [0x254a+0x2]
        Number of records: 1  [0x254c+0x2]
      ▾ Group record — 239.1.2.3, CHANGE_TO_EXCLUDE_MODE, 0 sources  [0x254e+0x8]
          Record type: CHANGE_TO_EXCLUDE_MODE (0x4)  [0x254e+0x1]
          Aux data length: 0  [0x254f+0x1]
          Number of sources: 0  [0x2550+0x2]
          Multicast address: "239.1.2.3"  [0x2552+0x4]
  ▾ Packet 33 — +1.267045 s, 54 bytes, 10.99.0.3 → 224.0.0.22, IGMPv3 membership report, 239.1.2.3  [0x2556+0x46]
    ▾ Record Header — 2026-10-10 18:41:06.250823 UTC  [0x2556+0x10]
        Timestamp (seconds): 2026-10-10 18:41:06 UTC  [0x2556+0x4]
        Timestamp (fraction): 250823  [0x255a+0x4]
        Captured length: 54  [0x255e+0x4]
        Original length: 54  [0x2562+0x4]
    ▾ Ethernet II — e6:b9:29:ec:b0:f6 → 01:00:5e:00:00:16, IPv4  [0x2566+0xe]
        Destination: "01:00:5e:00:00:16"  [0x2566+0x6]
        Source: "e6:b9:29:ec:b0:f6"  [0x256c+0x6]
        EtherType: IPv4 (0x800)  [0x2572+0x2]
    ▾ IPv4 — 10.99.0.3 → 224.0.0.22, IGMP, TTL 1  [0x2574+0x18]
        Version / header length: 0x46 — version 4, header 24 bytes  [0x2574+0x1]
        Differentiated services: 0xc0 — DSCP 48 (CS6), ECN Not-ECT  [0x2575+0x1]
        Total length: 40  [0x2576+0x2]
        Identification: 0x0  [0x2578+0x2]
        Flags / fragment offset: 0x4000 [DF] — fragment offset 0  [0x257a+0x2]
        Time to live: 1  [0x257c+0x1]
        Protocol: IGMP (0x2)  [0x257d+0x1]
        Header checksum: 0xf993 — correct  [0x257e+0x2]
        Source: "10.99.0.3"  [0x2580+0x4]
        Destination: "224.0.0.22"  [0x2584+0x4]
      ▾ Options — Router alert  [0x2588+0x4]
        ▾ Router alert — every router examines the packet  [0x2588+0x4]
            Type: Router alert (0x94)  [0x2588+0x1]
            Length: 4  [0x2589+0x1]
            Value: 0  [0x258a+0x2]
    ▾ IGMP — IGMPv3 membership report, 239.1.2.3  [0x258c+0x10]
        Type: IGMPv3 membership report (0x22)  [0x258c+0x1]
        Max response code: 0  [0x258d+0x1]
        Checksum: 0xe8f9 — correct  [0x258e+0x2]
        Reserved: 0  [0x2590+0x2]
        Number of records: 1  [0x2592+0x2]
      ▾ Group record — 239.1.2.3, CHANGE_TO_EXCLUDE_MODE, 0 sources  [0x2594+0x8]
          Record type: CHANGE_TO_EXCLUDE_MODE (0x4)  [0x2594+0x1]
          Aux data length: 0  [0x2595+0x1]
          Number of sources: 0  [0x2596+0x2]
          Multicast address: "239.1.2.3"  [0x2598+0x4]
  ▾ Packet 34 — +1.452541 s, 54 bytes, 10.99.0.3 → 224.0.0.22, IGMPv3 membership report, 239.1.2.3  [0x259c+0x46]
    ▾ Record Header — 2026-10-10 18:41:06.436319 UTC  [0x259c+0x10]
        Timestamp (seconds): 2026-10-10 18:41:06 UTC  [0x259c+0x4]
        Timestamp (fraction): 436319  [0x25a0+0x4]
        Captured length: 54  [0x25a4+0x4]
        Original length: 54  [0x25a8+0x4]
    ▾ Ethernet II — e6:b9:29:ec:b0:f6 → 01:00:5e:00:00:16, IPv4  [0x25ac+0xe]
        Destination: "01:00:5e:00:00:16"  [0x25ac+0x6]
        Source: "e6:b9:29:ec:b0:f6"  [0x25b2+0x6]
        EtherType: IPv4 (0x800)  [0x25b8+0x2]
    ▾ IPv4 — 10.99.0.3 → 224.0.0.22, IGMP, TTL 1  [0x25ba+0x18]
        Version / header length: 0x46 — version 4, header 24 bytes  [0x25ba+0x1]
        Differentiated services: 0xc0 — DSCP 48 (CS6), ECN Not-ECT  [0x25bb+0x1]
        Total length: 40  [0x25bc+0x2]
        Identification: 0x0  [0x25be+0x2]
        Flags / fragment offset: 0x4000 [DF] — fragment offset 0  [0x25c0+0x2]
        Time to live: 1  [0x25c2+0x1]
        Protocol: IGMP (0x2)  [0x25c3+0x1]
        Header checksum: 0xf993 — correct  [0x25c4+0x2]
        Source: "10.99.0.3"  [0x25c6+0x4]
        Destination: "224.0.0.22"  [0x25ca+0x4]
      ▾ Options — Router alert  [0x25ce+0x4]
        ▾ Router alert — every router examines the packet  [0x25ce+0x4]
            Type: Router alert (0x94)  [0x25ce+0x1]
            Length: 4  [0x25cf+0x1]
            Value: 0  [0x25d0+0x2]
    ▾ IGMP — IGMPv3 membership report, 239.1.2.3  [0x25d2+0x10]
        Type: IGMPv3 membership report (0x22)  [0x25d2+0x1]
        Max response code: 0  [0x25d3+0x1]
        Checksum: 0xe9f9 — correct  [0x25d4+0x2]
        Reserved: 0  [0x25d6+0x2]
        Number of records: 1  [0x25d8+0x2]
      ▾ Group record — 239.1.2.3, CHANGE_TO_INCLUDE_MODE, 0 sources  [0x25da+0x8]
          Record type: CHANGE_TO_INCLUDE_MODE (0x3)  [0x25da+0x1]
          Aux data length: 0  [0x25db+0x1]
          Number of sources: 0  [0x25dc+0x2]
          Multicast address: "239.1.2.3"  [0x25de+0x4]
  ▾ Packet 35 — +1.452604 s, 54 bytes, 10.99.0.3 → 224.0.0.22, IGMPv3 membership report, 239.1.2.3  [0x25e2+0x46]
    ▾ Record Header — 2026-10-10 18:41:06.436382 UTC  [0x25e2+0x10]
        Timestamp (seconds): 2026-10-10 18:41:06 UTC  [0x25e2+0x4]
        Timestamp (fraction): 436382  [0x25e6+0x4]
        Captured length: 54  [0x25ea+0x4]
        Original length: 54  [0x25ee+0x4]
    ▾ Ethernet II — e6:b9:29:ec:b0:f6 → 01:00:5e:00:00:16, IPv4  [0x25f2+0xe]
        Destination: "01:00:5e:00:00:16"  [0x25f2+0x6]
        Source: "e6:b9:29:ec:b0:f6"  [0x25f8+0x6]
        EtherType: IPv4 (0x800)  [0x25fe+0x2]
    ▾ IPv4 — 10.99.0.3 → 224.0.0.22, IGMP, TTL 1  [0x2600+0x18]
        Version / header length: 0x46 — version 4, header 24 bytes  [0x2600+0x1]
        Differentiated services: 0xc0 — DSCP 48 (CS6), ECN Not-ECT  [0x2601+0x1]
        Total length: 40  [0x2602+0x2]
        Identification: 0x0  [0x2604+0x2]
        Flags / fragment offset: 0x4000 [DF] — fragment offset 0  [0x2606+0x2]
        Time to live: 1  [0x2608+0x1]
        Protocol: IGMP (0x2)  [0x2609+0x1]
        Header checksum: 0xf993 — correct  [0x260a+0x2]
        Source: "10.99.0.3"  [0x260c+0x4]
        Destination: "224.0.0.22"  [0x2610+0x4]
      ▾ Options — Router alert  [0x2614+0x4]
        ▾ Router alert — every router examines the packet  [0x2614+0x4]
            Type: Router alert (0x94)  [0x2614+0x1]
            Length: 4  [0x2615+0x1]
            Value: 0  [0x2616+0x2]
    ▾ IGMP — IGMPv3 membership report, 239.1.2.3  [0x2618+0x10]
        Type: IGMPv3 membership report (0x22)  [0x2618+0x1]
        Max response code: 0  [0x2619+0x1]
        Checksum: 0xe9f9 — correct  [0x261a+0x2]
        Reserved: 0  [0x261c+0x2]
        Number of records: 1  [0x261e+0x2]
      ▾ Group record — 239.1.2.3, CHANGE_TO_INCLUDE_MODE, 0 sources  [0x2620+0x8]
          Record type: CHANGE_TO_INCLUDE_MODE (0x3)  [0x2620+0x1]
          Aux data length: 0  [0x2621+0x1]
          Number of sources: 0  [0x2622+0x2]
          Multicast address: "239.1.2.3"  [0x2624+0x4]
  ▾ Packet 36 — +1.453523 s, 90 bytes, fe80::e4b9:29ff:feec:b0f6 → ff02::16, ICMPv6 Multicast listener report v2, ff15::1234  [0x2628+0x6a]
    ▾ Record Header — 2026-10-10 18:41:06.437301 UTC  [0x2628+0x10]
        Timestamp (seconds): 2026-10-10 18:41:06 UTC  [0x2628+0x4]
        Timestamp (fraction): 437301  [0x262c+0x4]
        Captured length: 90  [0x2630+0x4]
        Original length: 90  [0x2634+0x4]
    ▾ Ethernet II — e6:b9:29:ec:b0:f6 → 33:33:00:00:00:16, IPv6  [0x2638+0xe]
        Destination: "33:33:00:00:00:16"  [0x2638+0x6]
        Source: "e6:b9:29:ec:b0:f6"  [0x263e+0x6]
        EtherType: IPv6 (0x86dd)  [0x2644+0x2]
    ▾ IPv6 — fe80::e4b9:29ff:feec:b0f6 → ff02::16, ICMPv6, hop limit 1 (via IPv6 hop-by-hop options)  [0x2646+0x28]
        Version / traffic class / flow label: 0x60000000 — version 6, DSCP 0 (CS0), ECN Not-ECT, flow label 0x00000  [0x2646+0x4]
        Payload length: 36  [0x264a+0x2]
        Next header: IPv6 hop-by-hop options (0x0)  [0x264c+0x1]
        Hop limit: 1  [0x264d+0x1]
        Source: "fe80::e4b9:29ff:feec:b0f6"  [0x264e+0x10]
        Destination: "ff02::16"  [0x265e+0x10]
    ▾ IPv6 hop-by-hop options — Router alert  [0x266e+0x8]
        Next header: ICMPv6 (0x3a)  [0x266e+0x1]
        Header extension length: 0  [0x266f+0x1]
      ▾ Router alert — MLD  [0x2670+0x4]
          Type: Router alert (0x5) — skip if unknown  [0x2670+0x1]
          Length: 2  [0x2671+0x1]
          Value: MLD (0x0)  [0x2672+0x2]
      ▾ PadN  [0x2674+0x2]
          Type: PadN (0x1) — skip if unknown  [0x2674+0x1]
          Length: 0  [0x2675+0x1]
    ▾ ICMPv6 — Multicast listener report v2, ff15::1234  [0x2676+0x1c]
        Type: Multicast listener report v2 (0x8f)  [0x2676+0x1]
        Code: 0  [0x2677+0x1]
        Checksum: 0xa027 — correct  [0x2678+0x2]
        Reserved: 0  [0x267a+0x2]
        Number of records: 1  [0x267c+0x2]
      ▾ Group record — ff15::1234, CHANGE_TO_INCLUDE_MODE, 0 sources  [0x267e+0x14]
          Record type: CHANGE_TO_INCLUDE_MODE (0x3)  [0x267e+0x1]
          Aux data length: 0  [0x267f+0x1]
          Number of sources: 0  [0x2680+0x2]
          Multicast address: "ff15::1234"  [0x2682+0x10]
  ▾ Packet 37 — +1.453542 s, 90 bytes, fe80::e4b9:29ff:feec:b0f6 → ff02::16, ICMPv6 Multicast listener report v2, ff15::1234  [0x2692+0x6a]
    ▾ Record Header — 2026-10-10 18:41:06.437320 UTC  [0x2692+0x10]
        Timestamp (seconds): 2026-10-10 18:41:06 UTC  [0x2692+0x4]
        Timestamp (fraction): 437320  [0x2696+0x4]
        Captured length: 90  [0x269a+0x4]
        Original length: 90  [0x269e+0x4]
    ▾ Ethernet II — e6:b9:29:ec:b0:f6 → 33:33:00:00:00:16, IPv6  [0x26a2+0xe]
        Destination: "33:33:00:00:00:16"  [0x26a2+0x6]
        Source: "e6:b9:29:ec:b0:f6"  [0x26a8+0x6]
        EtherType: IPv6 (0x86dd)  [0x26ae+0x2]
    ▾ IPv6 — fe80::e4b9:29ff:feec:b0f6 → ff02::16, ICMPv6, hop limit 1 (via IPv6 hop-by-hop options)  [0x26b0+0x28]
        Version / traffic class / flow label: 0x60000000 — version 6, DSCP 0 (CS0), ECN Not-ECT, flow label 0x00000  [0x26b0+0x4]
        Payload length: 36  [0x26b4+0x2]
        Next header: IPv6 hop-by-hop options (0x0)  [0x26b6+0x1]
        Hop limit: 1  [0x26b7+0x1]
        Source: "fe80::e4b9:29ff:feec:b0f6"  [0x26b8+0x10]
        Destination: "ff02::16"  [0x26c8+0x10]
    ▾ IPv6 hop-by-hop options — Router alert  [0x26d8+0x8]
        Next header: ICMPv6 (0x3a)  [0x26d8+0x1]
        Header extension length: 0  [0x26d9+0x1]
      ▾ Router alert — MLD  [0x26da+0x4]
          Type: Router alert (0x5) — skip if unknown  [0x26da+0x1]
          Length: 2  [0x26db+0x1]
          Value: MLD (0x0)  [0x26dc+0x2]
      ▾ PadN  [0x26de+0x2]
          Type: PadN (0x1) — skip if unknown  [0x26de+0x1]
          Length: 0  [0x26df+0x1]
    ▾ ICMPv6 — Multicast listener report v2, ff15::1234  [0x26e0+0x1c]
        Type: Multicast listener report v2 (0x8f)  [0x26e0+0x1]
        Code: 0  [0x26e1+0x1]
        Checksum: 0xa027 — correct  [0x26e2+0x2]
        Reserved: 0  [0x26e4+0x2]
        Number of records: 1  [0x26e6+0x2]
      ▾ Group record — ff15::1234, CHANGE_TO_INCLUDE_MODE, 0 sources  [0x26e8+0x14]
          Record type: CHANGE_TO_INCLUDE_MODE (0x3)  [0x26e8+0x1]
          Aux data length: 0  [0x26e9+0x1]
          Number of sources: 0  [0x26ea+0x2]
          Multicast address: "ff15::1234"  [0x26ec+0x10]
  ▾ Packet 38 — +1.470269 s, 90 bytes, fe80::e4b9:29ff:feec:b0f6 → ff02::16, ICMPv6 Multicast listener report v2, ff15::1234  [0x26fc+0x6a]
    ▾ Record Header — 2026-10-10 18:41:06.454047 UTC  [0x26fc+0x10]
        Timestamp (seconds): 2026-10-10 18:41:06 UTC  [0x26fc+0x4]
        Timestamp (fraction): 454047  [0x2700+0x4]
        Captured length: 90  [0x2704+0x4]
        Original length: 90  [0x2708+0x4]
    ▾ Ethernet II — e6:b9:29:ec:b0:f6 → 33:33:00:00:00:16, IPv6  [0x270c+0xe]
        Destination: "33:33:00:00:00:16"  [0x270c+0x6]
        Source: "e6:b9:29:ec:b0:f6"  [0x2712+0x6]
        EtherType: IPv6 (0x86dd)  [0x2718+0x2]
    ▾ IPv6 — fe80::e4b9:29ff:feec:b0f6 → ff02::16, ICMPv6, hop limit 1 (via IPv6 hop-by-hop options)  [0x271a+0x28]
        Version / traffic class / flow label: 0x60000000 — version 6, DSCP 0 (CS0), ECN Not-ECT, flow label 0x00000  [0x271a+0x4]
        Payload length: 36  [0x271e+0x2]
        Next header: IPv6 hop-by-hop options (0x0)  [0x2720+0x1]
        Hop limit: 1  [0x2721+0x1]
        Source: "fe80::e4b9:29ff:feec:b0f6"  [0x2722+0x10]
        Destination: "ff02::16"  [0x2732+0x10]
    ▾ IPv6 hop-by-hop options — Router alert  [0x2742+0x8]
        Next header: ICMPv6 (0x3a)  [0x2742+0x1]
        Header extension length: 0  [0x2743+0x1]
      ▾ Router alert — MLD  [0x2744+0x4]
          Type: Router alert (0x5) — skip if unknown  [0x2744+0x1]
          Length: 2  [0x2745+0x1]
          Value: MLD (0x0)  [0x2746+0x2]
      ▾ PadN  [0x2748+0x2]
          Type: PadN (0x1) — skip if unknown  [0x2748+0x1]
          Length: 0  [0x2749+0x1]
    ▾ ICMPv6 — Multicast listener report v2, ff15::1234  [0x274a+0x1c]
        Type: Multicast listener report v2 (0x8f)  [0x274a+0x1]
        Code: 0  [0x274b+0x1]
        Checksum: 0xa027 — correct  [0x274c+0x2]
        Reserved: 0  [0x274e+0x2]
        Number of records: 1  [0x2750+0x2]
      ▾ Group record — ff15::1234, CHANGE_TO_INCLUDE_MODE, 0 sources  [0x2752+0x14]
          Record type: CHANGE_TO_INCLUDE_MODE (0x3)  [0x2752+0x1]
          Aux data length: 0  [0x2753+0x1]
          Number of sources: 0  [0x2754+0x2]
          Multicast address: "ff15::1234"  [0x2756+0x10]
  ▾ Packet 39 — +1.470329 s, 90 bytes, fe80::e4b9:29ff:feec:b0f6 → ff02::16, ICMPv6 Multicast listener report v2, ff15::1234  [0x2766+0x6a]
    ▾ Record Header — 2026-10-10 18:41:06.454107 UTC  [0x2766+0x10]
        Timestamp (seconds): 2026-10-10 18:41:06 UTC  [0x2766+0x4]
        Timestamp (fraction): 454107  [0x276a+0x4]
        Captured length: 90  [0x276e+0x4]
        Original length: 90  [0x2772+0x4]
    ▾ Ethernet II — e6:b9:29:ec:b0:f6 → 33:33:00:00:00:16, IPv6  [0x2776+0xe]
        Destination: "33:33:00:00:00:16"  [0x2776+0x6]
        Source: "e6:b9:29:ec:b0:f6"  [0x277c+0x6]
        EtherType: IPv6 (0x86dd)  [0x2782+0x2]
    ▾ IPv6 — fe80::e4b9:29ff:feec:b0f6 → ff02::16, ICMPv6, hop limit 1 (via IPv6 hop-by-hop options)  [0x2784+0x28]
        Version / traffic class / flow label: 0x60000000 — version 6, DSCP 0 (CS0), ECN Not-ECT, flow label 0x00000  [0x2784+0x4]
        Payload length: 36  [0x2788+0x2]
        Next header: IPv6 hop-by-hop options (0x0)  [0x278a+0x1]
        Hop limit: 1  [0x278b+0x1]
        Source: "fe80::e4b9:29ff:feec:b0f6"  [0x278c+0x10]
        Destination: "ff02::16"  [0x279c+0x10]
    ▾ IPv6 hop-by-hop options — Router alert  [0x27ac+0x8]
        Next header: ICMPv6 (0x3a)  [0x27ac+0x1]
        Header extension length: 0  [0x27ad+0x1]
      ▾ Router alert — MLD  [0x27ae+0x4]
          Type: Router alert (0x5) — skip if unknown  [0x27ae+0x1]
          Length: 2  [0x27af+0x1]
          Value: MLD (0x0)  [0x27b0+0x2]
      ▾ PadN  [0x27b2+0x2]
          Type: PadN (0x1) — skip if unknown  [0x27b2+0x1]
          Length: 0  [0x27b3+0x1]
    ▾ ICMPv6 — Multicast listener report v2, ff15::1234  [0x27b4+0x1c]
        Type: Multicast listener report v2 (0x8f)  [0x27b4+0x1]
        Code: 0  [0x27b5+0x1]
        Checksum: 0xa027 — correct  [0x27b6+0x2]
        Reserved: 0  [0x27b8+0x2]
        Number of records: 1  [0x27ba+0x2]
      ▾ Group record — ff15::1234, CHANGE_TO_INCLUDE_MODE, 0 sources  [0x27bc+0x14]
          Record type: CHANGE_TO_INCLUDE_MODE (0x3)  [0x27bc+0x1]
          Aux data length: 0  [0x27bd+0x1]
          Number of sources: 0  [0x27be+0x2]
          Multicast address: "ff15::1234"  [0x27c0+0x10]
