---
source: tests/formats.rs
expression: "common::explore(&display_name(&path), &data)"
---
▾ FRUIT.WK1 — 1-2-3 release 2 / Symphony 1.1 (WK1/WR1), 13 records, 7 cells, range A1:B4  [0x0+0xbe]
    BOF: 1-2-3 release 2 / Symphony 1.1 (WK1/WR1) (0x406)  [0x0+0x6] → 0x4+0x2
    RANGE: "A1:B4"  [0x6+0xc] → 0xa+0x8
    CALCMODE — 1 bytes  [0x12+0x5] → 0x16+0x1
    A1: "Item"  [0x17+0xf] → 0x1b+0xb
    B1: "Price"  [0x26+0x10] → 0x2a+0xc
    A2: "Apples"  [0x36+0x11] → 0x3a+0xd
    B2: 1.25  [0x47+0x11] → 0x4b+0xd
    A3: "Pears"  [0x58+0x10] → 0x5c+0xc
    B3: 3  [0x68+0xb] → 0x6c+0x7
    B4: 4.25  [0x73+0x1a] → 0x77+0x16
    NAME: "TOTAL"  [0x8d+0x1c] → 0x91+0x18
    HEADER: "Fruit prices"  [0xa9+0x11] → 0xad+0xd
    EOF — 0 bytes  [0xba+0x4] → 0xbe+0x0
