---
source: tests/formats.rs
expression: "common::explore(&display_name(&path), &data)"
---
▾ implode.mpq — MPQ v1, 3 blocks, 1024-byte sectors  [0x0+0x5cf]
  ▾ Header  [0x0+0x20]
      Magic: 4d 50 51 1a  |MPQ.|  [0x0+0x4]
      Header size: 32  [0x4+0x4]
      Archive size: 1487  [0x8+0x4]
      Format version: 0  [0xc+0x2]
      Sector size shift: 1  [0xe+0x2]
      Hash table offset: 0x49f  [0x10+0x4]
      Block table offset: 0x59f  [0x14+0x4]
      Hash table entries: 16  [0x18+0x4]
      Block table entries: 3  [0x1c+0x4]
    Hash table — 16 entries, decrypted  [0x49f+0x100]
    Block table — 3 entries, decrypted  [0x59f+0x30]
  ▾ Files — 3 blocks
    ▾ (listfile) — UTF-8 text, CRLF line endings, 2 lines  [0x20+0x1a]
        Encoding: "UTF-8"
        Line endings: "CRLF" — 0 LF, 2 CRLF, 0 CR
      ▾ Lines — 2 lines  [0x20+0x1a]
          Line 1: "masked.txt"  [0x20+0xa]
          Line 2: "imploded.txt"  [0x2c+0xc]
    ▾ masked.txt — UTF-8 text, LF line endings, 120 lines  [0x3a+0x256]
        Encoding: "UTF-8"
        Line endings: "LF" — 120 LF, 0 CRLF, 0 CR
      ▾ Lines — 120 lines  [#1:0x0+0xc3a]
          Line 1: "DCL masked sector line 0"  [#1:0x0+0x18]
          Line 2: "DCL masked sector line 1"  [#1:0x19+0x18]
          Line 3: "DCL masked sector line 2"  [#1:0x32+0x18]
          Line 4: "DCL masked sector line 3"  [#1:0x4b+0x18]
          Line 5: "DCL masked sector line 4"  [#1:0x64+0x18]
          Line 6: "DCL masked sector line 5"  [#1:0x7d+0x18]
          Line 7: "DCL masked sector line 6"  [#1:0x96+0x18]
          Line 8: "DCL masked sector line 7"  [#1:0xaf+0x18]
          Line 9: "DCL masked sector line 8"  [#1:0xc8+0x18]
          Line 10: "DCL masked sector line 9"  [#1:0xe1+0x18]
          Line 11: "DCL masked sector line 10"  [#1:0xfa+0x19]
          Line 12: "DCL masked sector line 11"  [#1:0x114+0x19]
          Line 13: "DCL masked sector line 12"  [#1:0x12e+0x19]
          Line 14: "DCL masked sector line 13"  [#1:0x148+0x19]
          Line 15: "DCL masked sector line 14"  [#1:0x162+0x19]
          Line 16: "DCL masked sector line 15"  [#1:0x17c+0x19]
          Line 17: "DCL masked sector line 16"  [#1:0x196+0x19]
          Line 18: "DCL masked sector line 17"  [#1:0x1b0+0x19]
          Line 19: "DCL masked sector line 18"  [#1:0x1ca+0x19]
          Line 20: "DCL masked sector line 19"  [#1:0x1e4+0x19]
          Line 21: "DCL masked sector line 20"  [#1:0x1fe+0x19]
          Line 22: "DCL masked sector line 21"  [#1:0x218+0x19]
          Line 23: "DCL masked sector line 22"  [#1:0x232+0x19]
          Line 24: "DCL masked sector line 23"  [#1:0x24c+0x19]
          Line 25: "DCL masked sector line 24"  [#1:0x266+0x19]
          Line 26: "DCL masked sector line 25"  [#1:0x280+0x19]
          Line 27: "DCL masked sector line 26"  [#1:0x29a+0x19]
          Line 28: "DCL masked sector line 27"  [#1:0x2b4+0x19]
          Line 29: "DCL masked sector line 28"  [#1:0x2ce+0x19]
          Line 30: "DCL masked sector line 29"  [#1:0x2e8+0x19]
          Line 31: "DCL masked sector line 30"  [#1:0x302+0x19]
          Line 32: "DCL masked sector line 31"  [#1:0x31c+0x19]
          Line 33: "DCL masked sector line 32"  [#1:0x336+0x19]
          Line 34: "DCL masked sector line 33"  [#1:0x350+0x19]
          Line 35: "DCL masked sector line 34"  [#1:0x36a+0x19]
          Line 36: "DCL masked sector line 35"  [#1:0x384+0x19]
          Line 37: "DCL masked sector line 36"  [#1:0x39e+0x19]
          Line 38: "DCL masked sector line 37"  [#1:0x3b8+0x19]
          Line 39: "DCL masked sector line 38"  [#1:0x3d2+0x19]
          Line 40: "DCL masked sector line 39"  [#1:0x3ec+0x19]
          Line 41: "DCL masked sector line 40"  [#1:0x406+0x19]
          Line 42: "DCL masked sector line 41"  [#1:0x420+0x19]
          Line 43: "DCL masked sector line 42"  [#1:0x43a+0x19]
          Line 44: "DCL masked sector line 43"  [#1:0x454+0x19]
          Line 45: "DCL masked sector line 44"  [#1:0x46e+0x19]
          Line 46: "DCL masked sector line 45"  [#1:0x488+0x19]
          Line 47: "DCL masked sector line 46"  [#1:0x4a2+0x19]
          Line 48: "DCL masked sector line 47"  [#1:0x4bc+0x19]
          Line 49: "DCL masked sector line 48"  [#1:0x4d6+0x19]
          Line 50: "DCL masked sector line 49"  [#1:0x4f0+0x19]
          Line 51: "DCL masked sector line 50"  [#1:0x50a+0x19]
          Line 52: "DCL masked sector line 51"  [#1:0x524+0x19]
          Line 53: "DCL masked sector line 52"  [#1:0x53e+0x19]
          Line 54: "DCL masked sector line 53"  [#1:0x558+0x19]
          Line 55: "DCL masked sector line 54"  [#1:0x572+0x19]
          Line 56: "DCL masked sector line 55"  [#1:0x58c+0x19]
          Line 57: "DCL masked sector line 56"  [#1:0x5a6+0x19]
          Line 58: "DCL masked sector line 57"  [#1:0x5c0+0x19]
          Line 59: "DCL masked sector line 58"  [#1:0x5da+0x19]
          Line 60: "DCL masked sector line 59"  [#1:0x5f4+0x19]
          Line 61: "DCL masked sector line 60"  [#1:0x60e+0x19]
          Line 62: "DCL masked sector line 61"  [#1:0x628+0x19]
          Line 63: "DCL masked sector line 62"  [#1:0x642+0x19]
          Line 64: "DCL masked sector line 63"  [#1:0x65c+0x19]
          Line 65: "DCL masked sector line 64"  [#1:0x676+0x19]
          Line 66: "DCL masked sector line 65"  [#1:0x690+0x19]
          Line 67: "DCL masked sector line 66"  [#1:0x6aa+0x19]
          Line 68: "DCL masked sector line 67"  [#1:0x6c4+0x19]
          Line 69: "DCL masked sector line 68"  [#1:0x6de+0x19]
          Line 70: "DCL masked sector line 69"  [#1:0x6f8+0x19]
          Line 71: "DCL masked sector line 70"  [#1:0x712+0x19]
          Line 72: "DCL masked sector line 71"  [#1:0x72c+0x19]
          Line 73: "DCL masked sector line 72"  [#1:0x746+0x19]
          Line 74: "DCL masked sector line 73"  [#1:0x760+0x19]
          Line 75: "DCL masked sector line 74"  [#1:0x77a+0x19]
          Line 76: "DCL masked sector line 75"  [#1:0x794+0x19]
          Line 77: "DCL masked sector line 76"  [#1:0x7ae+0x19]
          Line 78: "DCL masked sector line 77"  [#1:0x7c8+0x19]
          Line 79: "DCL masked sector line 78"  [#1:0x7e2+0x19]
          Line 80: "DCL masked sector line 79"  [#1:0x7fc+0x19]
          Line 81: "DCL masked sector line 80"  [#1:0x816+0x19]
          Line 82: "DCL masked sector line 81"  [#1:0x830+0x19]
          Line 83: "DCL masked sector line 82"  [#1:0x84a+0x19]
          Line 84: "DCL masked sector line 83"  [#1:0x864+0x19]
          Line 85: "DCL masked sector line 84"  [#1:0x87e+0x19]
          Line 86: "DCL masked sector line 85"  [#1:0x898+0x19]
          Line 87: "DCL masked sector line 86"  [#1:0x8b2+0x19]
          Line 88: "DCL masked sector line 87"  [#1:0x8cc+0x19]
          Line 89: "DCL masked sector line 88"  [#1:0x8e6+0x19]
          Line 90: "DCL masked sector line 89"  [#1:0x900+0x19]
          Line 91: "DCL masked sector line 90"  [#1:0x91a+0x19]
          Line 92: "DCL masked sector line 91"  [#1:0x934+0x19]
          Line 93: "DCL masked sector line 92"  [#1:0x94e+0x19]
          Line 94: "DCL masked sector line 93"  [#1:0x968+0x19]
          Line 95: "DCL masked sector line 94"  [#1:0x982+0x19]
          Line 96: "DCL masked sector line 95"  [#1:0x99c+0x19]
          Line 97: "DCL masked sector line 96"  [#1:0x9b6+0x19]
          Line 98: "DCL masked sector line 97"  [#1:0x9d0+0x19]
          Line 99: "DCL masked sector line 98"  [#1:0x9ea+0x19]
          Line 100: "DCL masked sector line 99"  [#1:0xa04+0x19]
          Line 101: "DCL masked sector line 100"  [#1:0xa1e+0x1a]
          Line 102: "DCL masked sector line 101"  [#1:0xa39+0x1a]
          Line 103: "DCL masked sector line 102"  [#1:0xa54+0x1a]
          Line 104: "DCL masked sector line 103"  [#1:0xa6f+0x1a]
          Line 105: "DCL masked sector line 104"  [#1:0xa8a+0x1a]
          Line 106: "DCL masked sector line 105"  [#1:0xaa5+0x1a]
          Line 107: "DCL masked sector line 106"  [#1:0xac0+0x1a]
          Line 108: "DCL masked sector line 107"  [#1:0xadb+0x1a]
          Line 109: "DCL masked sector line 108"  [#1:0xaf6+0x1a]
          Line 110: "DCL masked sector line 109"  [#1:0xb11+0x1a]
          Line 111: "DCL masked sector line 110"  [#1:0xb2c+0x1a]
          Line 112: "DCL masked sector line 111"  [#1:0xb47+0x1a]
          Line 113: "DCL masked sector line 112"  [#1:0xb62+0x1a]
          Line 114: "DCL masked sector line 113"  [#1:0xb7d+0x1a]
          Line 115: "DCL masked sector line 114"  [#1:0xb98+0x1a]
          Line 116: "DCL masked sector line 115"  [#1:0xbb3+0x1a]
          Line 117: "DCL masked sector line 116"  [#1:0xbce+0x1a]
          Line 118: "DCL masked sector line 117"  [#1:0xbe9+0x1a]
          Line 119: "DCL masked sector line 118"  [#1:0xc04+0x1a]
          Line 120: "DCL masked sector line 119"  [#1:0xc1f+0x1a]
    ▾ imploded.txt — UTF-8 text, LF line endings, 120 lines  [0x290+0x20f]
        Encoding: "UTF-8"
        Line endings: "LF" — 120 LF, 0 CRLF, 0 CR
      ▾ Lines — 120 lines  [#2:0x0+0xb4a]
          Line 1: "Imploded sector line 0"  [#2:0x0+0x16]
          Line 2: "Imploded sector line 1"  [#2:0x17+0x16]
          Line 3: "Imploded sector line 2"  [#2:0x2e+0x16]
          Line 4: "Imploded sector line 3"  [#2:0x45+0x16]
          Line 5: "Imploded sector line 4"  [#2:0x5c+0x16]
          Line 6: "Imploded sector line 5"  [#2:0x73+0x16]
          Line 7: "Imploded sector line 6"  [#2:0x8a+0x16]
          Line 8: "Imploded sector line 7"  [#2:0xa1+0x16]
          Line 9: "Imploded sector line 8"  [#2:0xb8+0x16]
          Line 10: "Imploded sector line 9"  [#2:0xcf+0x16]
          Line 11: "Imploded sector line 10"  [#2:0xe6+0x17]
          Line 12: "Imploded sector line 11"  [#2:0xfe+0x17]
          Line 13: "Imploded sector line 12"  [#2:0x116+0x17]
          Line 14: "Imploded sector line 13"  [#2:0x12e+0x17]
          Line 15: "Imploded sector line 14"  [#2:0x146+0x17]
          Line 16: "Imploded sector line 15"  [#2:0x15e+0x17]
          Line 17: "Imploded sector line 16"  [#2:0x176+0x17]
          Line 18: "Imploded sector line 17"  [#2:0x18e+0x17]
          Line 19: "Imploded sector line 18"  [#2:0x1a6+0x17]
          Line 20: "Imploded sector line 19"  [#2:0x1be+0x17]
          Line 21: "Imploded sector line 20"  [#2:0x1d6+0x17]
          Line 22: "Imploded sector line 21"  [#2:0x1ee+0x17]
          Line 23: "Imploded sector line 22"  [#2:0x206+0x17]
          Line 24: "Imploded sector line 23"  [#2:0x21e+0x17]
          Line 25: "Imploded sector line 24"  [#2:0x236+0x17]
          Line 26: "Imploded sector line 25"  [#2:0x24e+0x17]
          Line 27: "Imploded sector line 26"  [#2:0x266+0x17]
          Line 28: "Imploded sector line 27"  [#2:0x27e+0x17]
          Line 29: "Imploded sector line 28"  [#2:0x296+0x17]
          Line 30: "Imploded sector line 29"  [#2:0x2ae+0x17]
          Line 31: "Imploded sector line 30"  [#2:0x2c6+0x17]
          Line 32: "Imploded sector line 31"  [#2:0x2de+0x17]
          Line 33: "Imploded sector line 32"  [#2:0x2f6+0x17]
          Line 34: "Imploded sector line 33"  [#2:0x30e+0x17]
          Line 35: "Imploded sector line 34"  [#2:0x326+0x17]
          Line 36: "Imploded sector line 35"  [#2:0x33e+0x17]
          Line 37: "Imploded sector line 36"  [#2:0x356+0x17]
          Line 38: "Imploded sector line 37"  [#2:0x36e+0x17]
          Line 39: "Imploded sector line 38"  [#2:0x386+0x17]
          Line 40: "Imploded sector line 39"  [#2:0x39e+0x17]
          Line 41: "Imploded sector line 40"  [#2:0x3b6+0x17]
          Line 42: "Imploded sector line 41"  [#2:0x3ce+0x17]
          Line 43: "Imploded sector line 42"  [#2:0x3e6+0x17]
          Line 44: "Imploded sector line 43"  [#2:0x3fe+0x17]
          Line 45: "Imploded sector line 44"  [#2:0x416+0x17]
          Line 46: "Imploded sector line 45"  [#2:0x42e+0x17]
          Line 47: "Imploded sector line 46"  [#2:0x446+0x17]
          Line 48: "Imploded sector line 47"  [#2:0x45e+0x17]
          Line 49: "Imploded sector line 48"  [#2:0x476+0x17]
          Line 50: "Imploded sector line 49"  [#2:0x48e+0x17]
          Line 51: "Imploded sector line 50"  [#2:0x4a6+0x17]
          Line 52: "Imploded sector line 51"  [#2:0x4be+0x17]
          Line 53: "Imploded sector line 52"  [#2:0x4d6+0x17]
          Line 54: "Imploded sector line 53"  [#2:0x4ee+0x17]
          Line 55: "Imploded sector line 54"  [#2:0x506+0x17]
          Line 56: "Imploded sector line 55"  [#2:0x51e+0x17]
          Line 57: "Imploded sector line 56"  [#2:0x536+0x17]
          Line 58: "Imploded sector line 57"  [#2:0x54e+0x17]
          Line 59: "Imploded sector line 58"  [#2:0x566+0x17]
          Line 60: "Imploded sector line 59"  [#2:0x57e+0x17]
          Line 61: "Imploded sector line 60"  [#2:0x596+0x17]
          Line 62: "Imploded sector line 61"  [#2:0x5ae+0x17]
          Line 63: "Imploded sector line 62"  [#2:0x5c6+0x17]
          Line 64: "Imploded sector line 63"  [#2:0x5de+0x17]
          Line 65: "Imploded sector line 64"  [#2:0x5f6+0x17]
          Line 66: "Imploded sector line 65"  [#2:0x60e+0x17]
          Line 67: "Imploded sector line 66"  [#2:0x626+0x17]
          Line 68: "Imploded sector line 67"  [#2:0x63e+0x17]
          Line 69: "Imploded sector line 68"  [#2:0x656+0x17]
          Line 70: "Imploded sector line 69"  [#2:0x66e+0x17]
          Line 71: "Imploded sector line 70"  [#2:0x686+0x17]
          Line 72: "Imploded sector line 71"  [#2:0x69e+0x17]
          Line 73: "Imploded sector line 72"  [#2:0x6b6+0x17]
          Line 74: "Imploded sector line 73"  [#2:0x6ce+0x17]
          Line 75: "Imploded sector line 74"  [#2:0x6e6+0x17]
          Line 76: "Imploded sector line 75"  [#2:0x6fe+0x17]
          Line 77: "Imploded sector line 76"  [#2:0x716+0x17]
          Line 78: "Imploded sector line 77"  [#2:0x72e+0x17]
          Line 79: "Imploded sector line 78"  [#2:0x746+0x17]
          Line 80: "Imploded sector line 79"  [#2:0x75e+0x17]
          Line 81: "Imploded sector line 80"  [#2:0x776+0x17]
          Line 82: "Imploded sector line 81"  [#2:0x78e+0x17]
          Line 83: "Imploded sector line 82"  [#2:0x7a6+0x17]
          Line 84: "Imploded sector line 83"  [#2:0x7be+0x17]
          Line 85: "Imploded sector line 84"  [#2:0x7d6+0x17]
          Line 86: "Imploded sector line 85"  [#2:0x7ee+0x17]
          Line 87: "Imploded sector line 86"  [#2:0x806+0x17]
          Line 88: "Imploded sector line 87"  [#2:0x81e+0x17]
          Line 89: "Imploded sector line 88"  [#2:0x836+0x17]
          Line 90: "Imploded sector line 89"  [#2:0x84e+0x17]
          Line 91: "Imploded sector line 90"  [#2:0x866+0x17]
          Line 92: "Imploded sector line 91"  [#2:0x87e+0x17]
          Line 93: "Imploded sector line 92"  [#2:0x896+0x17]
          Line 94: "Imploded sector line 93"  [#2:0x8ae+0x17]
          Line 95: "Imploded sector line 94"  [#2:0x8c6+0x17]
          Line 96: "Imploded sector line 95"  [#2:0x8de+0x17]
          Line 97: "Imploded sector line 96"  [#2:0x8f6+0x17]
          Line 98: "Imploded sector line 97"  [#2:0x90e+0x17]
          Line 99: "Imploded sector line 98"  [#2:0x926+0x17]
          Line 100: "Imploded sector line 99"  [#2:0x93e+0x17]
          Line 101: "Imploded sector line 100"  [#2:0x956+0x18]
          Line 102: "Imploded sector line 101"  [#2:0x96f+0x18]
          Line 103: "Imploded sector line 102"  [#2:0x988+0x18]
          Line 104: "Imploded sector line 103"  [#2:0x9a1+0x18]
          Line 105: "Imploded sector line 104"  [#2:0x9ba+0x18]
          Line 106: "Imploded sector line 105"  [#2:0x9d3+0x18]
          Line 107: "Imploded sector line 106"  [#2:0x9ec+0x18]
          Line 108: "Imploded sector line 107"  [#2:0xa05+0x18]
          Line 109: "Imploded sector line 108"  [#2:0xa1e+0x18]
          Line 110: "Imploded sector line 109"  [#2:0xa37+0x18]
          Line 111: "Imploded sector line 110"  [#2:0xa50+0x18]
          Line 112: "Imploded sector line 111"  [#2:0xa69+0x18]
          Line 113: "Imploded sector line 112"  [#2:0xa82+0x18]
          Line 114: "Imploded sector line 113"  [#2:0xa9b+0x18]
          Line 115: "Imploded sector line 114"  [#2:0xab4+0x18]
          Line 116: "Imploded sector line 115"  [#2:0xacd+0x18]
          Line 117: "Imploded sector line 116"  [#2:0xae6+0x18]
          Line 118: "Imploded sector line 117"  [#2:0xaff+0x18]
          Line 119: "Imploded sector line 118"  [#2:0xb18+0x18]
          Line 120: "Imploded sector line 119"  [#2:0xb31+0x18]
