---
source: tests/formats.rs
expression: "common::explore(&display_name(&path), &data)"
---
▾ frame.cin — 2×2, 0 channels, 0-bit, big-endian  [0x0+0x408]
  ▾ File information  [0x0+0xc0]
      Magic: 0x802a5fd7  [0x0+0x4]
      Image data offset: 0x400  [0x4+0x4]
      Generic header length: 1024  [0x8+0x4]
      Industry header length: 0  [0xc+0x4]
      User data length: 0  [0x10+0x4]
      File size: 1032  [0x14+0x4]
      Version: "V4.5"  [0x18+0x8]
      File name: ""  [0x20+0x64]
      Creation date: ""  [0x84+0xc]
      Creation time: ""  [0x90+0xc]
      Reserved: 00 00 00 00 00 00 00 00 00 00 00 00 00 00 00 00 …  |................|  [0x9c+0x24]
  ▾ Image information — 2×2, 0 channels, 0-bit  [0xc0+0x1e8]
      Orientation: Left to right, top to bottom (0x0)  [0xc0+0x1]
      Channels: 0  [0xc1+0x1]
      Padding: 0  [0xc2+0x2]
      Unused channels  [0xc4+0xe0]
      White point x: 0  [0x1a4+0x4]
      White point y: 0  [0x1a8+0x4]
      Red primary x: 0  [0x1ac+0x4]
      Red primary y: 0  [0x1b0+0x4]
      Green primary x: 0  [0x1b4+0x4]
      Green primary y: 0  [0x1b8+0x4]
      Blue primary x: 0  [0x1bc+0x4]
      Blue primary y: 0  [0x1c0+0x4]
      Label: ""  [0x1c4+0xc8]
      Reserved: 00 00 00 00 00 00 00 00 00 00 00 00 00 00 00 00 …  |................|  [0x28c+0x1c]
  ▾ Image data format  [0x2a8+0x20]
      Interleave: Pixel (0x0)  [0x2a8+0x1]
      Packing: User-defined (0x0)  [0x2a9+0x1]
      Data signed: Unsigned (0x0)  [0x2aa+0x1]
      Image sense: Positive (0x0)  [0x2ab+0x1]
      End-of-line padding: 0  [0x2ac+0x4]
      End-of-channel padding: 0  [0x2b0+0x4]
      Reserved: 00 00 00 00 00 00 00 00 00 00 00 00 00 00 00 00 …  |................|  [0x2b4+0x14]
  ▾ Image origination  [0x2c8+0x138]
      X offset: 0  [0x2c8+0x4]
      Y offset: 0  [0x2cc+0x4]
      Source file name: ""  [0x2d0+0x64]
      Source creation date: ""  [0x334+0xc]
      Source creation time: ""  [0x340+0xc]
      Input device: ""  [0x34c+0x40]
      Input device model: ""  [0x38c+0x20]
      Input device serial number: ""  [0x3ac+0x20]
      X input pitch: 0  [0x3cc+0x4]
      Y input pitch: 0  [0x3d0+0x4]
      Gamma: 0  [0x3d4+0x4]
      Reserved: 00 00 00 00 00 00 00 00 00 00 00 00 00 00 00 00 …  |................|  [0x3d8+0x28]
    Image data  [0x400+0x8]
