---
source: tests/formats.rs
expression: "common::explore(&display_name(&path), &data)"
---
▾ tiny.clip — Clip Studio Paint file, 3 chunks  [0x0+0x2070]
    Signature: "CSFCHUNK"  [0x0+0x8]
    File size: 8304  [0x8+0x8]
    First chunk offset: 0x18  [0x10+0x8]
    CHNKHead — 40 bytes  [0x18+0x38]
  ▾ CHNKSQLi — SQLite 3.53.4, 2 pages of 4 KiB, UTF-8, 1 table, 1 row  [0x60+0x2000]
    ▾ Database Header  [0x60+0x64]
        Header string: "SQLite format 3"  [0x60+0x10]
        Page size: 4096  [0x70+0x2]
        File format write version: legacy (rollback journal) (0x1)  [0x72+0x1]
        File format read version: legacy (rollback journal) (0x1)  [0x73+0x1]
        Reserved space per page: 0  [0x74+0x1]
        Maximum embedded payload fraction: 64  [0x75+0x1]
        Minimum embedded payload fraction: 32  [0x76+0x1]
        Leaf payload fraction: 32  [0x77+0x1]
        File change counter: 2  [0x78+0x4]
        Database size in pages: 2  [0x7c+0x4]
        First freelist trunk page: 0  [0x80+0x4]
        Number of freelist pages: 0  [0x84+0x4]
        Schema cookie: 1  [0x88+0x4]
        Schema format number: descending indexes, serial types 8 and 9 (0x4)  [0x8c+0x4]
        Default page cache size: 0  [0x90+0x4]
        Largest root B-tree page: 0 — no auto-vacuum  [0x94+0x4]
        Text encoding: UTF-8 (0x1)  [0x98+0x4]
        User version: 0  [0x9c+0x4]
        Incremental vacuum mode: 0 — no auto-vacuum  [0xa0+0x4]
        Application ID: none (0x0)  [0xa4+0x4]
        Reserved for expansion: 00 00 00 00 00 00 00 00 00 00 00 00 00 00 00 00 …  |................|  [0xa8+0x14]
        Version-valid-for number: 2 — equals the change counter: the page count is current  [0xbc+0x4]
        SQLite version number: 3053004 — 3.53.4  [0xc0+0x4]
    ▾ Schema — 1 table  [0x60+0x1000]
      ▾ table Canvas — 1 row; CREATE TABLE Canvas(id integer, name text)  [0x101c+0x44]
        ▾ Definition  [0x101c+0x44]
            type: "table"  [0x1024+0x5]
            name: "Canvas"  [0x1029+0x6]
            tbl_name: "Canvas"  [0x102f+0x6]
            rootpage: 2  [0x1035+0x1]
            sql: "CREATE TABLE Canvas(id integer, name text)"  [0x1036+0x2a]
          ▾ Record header — 5 columns  [0x101e+0x6]
              Header size: 6  [0x101e+0x1]
              Serial type 0: 23 — text (5 bytes)  [0x101f+0x1]
              Serial type 1: 25 — text (6 bytes)  [0x1020+0x1]
              Serial type 2: 25 — text (6 bytes)  [0x1021+0x1]
              Serial type 3: 1 — 1-byte integer  [0x1022+0x1]
              Serial type 4: 97 — text (42 bytes)  [0x1023+0x1]
          ▾ Cell — 68 bytes at page offset 0xfbc  [0x101c+0x44]
              Payload size: 66  [0x101c+0x1]
              Rowid: 1  [0x101d+0x1]
              Local payload — all 66 bytes  [0x101e+0x42]
        ▾ Columns — id, name
            id: "integer" — INTEGER affinity
            name: "text" — TEXT affinity
        ▾ Rows — 1 row
          ▾ Row 1 — (1, 'tiny')  [0x2057+0x9]
              id: 1  [0x205c+0x0]
              name: "tiny"  [0x205c+0x4]
            ▾ Record header — 2 columns  [0x2059+0x3]
                Header size: 3  [0x2059+0x1]
                Serial type 0: 9 — integer 1  [0x205a+0x1]
                Serial type 1: 21 — text (4 bytes)  [0x205b+0x1]
            ▾ Cell — 9 bytes at page offset 0xff7  [0x2057+0x9]
                Payload size: 7  [0x2057+0x1]
                Rowid: 1  [0x2058+0x1]
                Local payload — all 7 bytes  [0x2059+0x7]
        ▾ Root page: 2 — 1 B-tree page → 0x1060+0x1000
          ▾ B-tree page header  [0x1060+0x8]
              Page type: leaf table (0xd)  [0x1060+0x1]
              First freeblock: 0x0  [0x1061+0x2]
              Number of cells: 1  [0x1063+0x2]
              Cell content area: 0xff7  [0x1065+0x2]
              Fragmented free bytes: 0  [0x1067+0x1]
          ▾ Cell pointer array — 1 cell  [0x1068+0x2]
              Cell 0: 0xff7  [0x1068+0x2] → 0x2057+0x1
          ▾ Cell 0 — rowid 1: (1, 'tiny')  [0x2057+0x9]
              id: 1  [0x205c+0x0]
              name: "tiny"  [0x205c+0x4]
            ▾ Record header — 2 columns  [0x2059+0x3]
                Header size: 3  [0x2059+0x1]
                Serial type 0: 9 — integer 1  [0x205a+0x1]
                Serial type 1: 21 — text (4 bytes)  [0x205b+0x1]
            ▾ Cell — 9 bytes at page offset 0xff7  [0x2057+0x9]
                Payload size: 7  [0x2057+0x1]
                Rowid: 1  [0x2058+0x1]
                Local payload — all 7 bytes  [0x2059+0x7]
            Unallocated space — 4077 bytes  [0x106a+0xfed]
    ▾ Pages — 2 pages of 4 KiB
      ▾ Page 1 — leaf table B-tree page of sqlite_schema  [0x60+0x1000]
        ▾ Database Header  [0x60+0x64]
            Header string: "SQLite format 3"  [0x60+0x10]
            Page size: 4096  [0x70+0x2]
            File format write version: legacy (rollback journal) (0x1)  [0x72+0x1]
            File format read version: legacy (rollback journal) (0x1)  [0x73+0x1]
            Reserved space per page: 0  [0x74+0x1]
            Maximum embedded payload fraction: 64  [0x75+0x1]
            Minimum embedded payload fraction: 32  [0x76+0x1]
            Leaf payload fraction: 32  [0x77+0x1]
            File change counter: 2  [0x78+0x4]
            Database size in pages: 2  [0x7c+0x4]
            First freelist trunk page: 0  [0x80+0x4]
            Number of freelist pages: 0  [0x84+0x4]
            Schema cookie: 1  [0x88+0x4]
            Schema format number: descending indexes, serial types 8 and 9 (0x4)  [0x8c+0x4]
            Default page cache size: 0  [0x90+0x4]
            Largest root B-tree page: 0 — no auto-vacuum  [0x94+0x4]
            Text encoding: UTF-8 (0x1)  [0x98+0x4]
            User version: 0  [0x9c+0x4]
            Incremental vacuum mode: 0 — no auto-vacuum  [0xa0+0x4]
            Application ID: none (0x0)  [0xa4+0x4]
            Reserved for expansion: 00 00 00 00 00 00 00 00 00 00 00 00 00 00 00 00 …  |................|  [0xa8+0x14]
            Version-valid-for number: 2 — equals the change counter: the page count is current  [0xbc+0x4]
            SQLite version number: 3053004 — 3.53.4  [0xc0+0x4]
        ▾ B-tree page header  [0xc4+0x8]
            Page type: leaf table (0xd)  [0xc4+0x1]
            First freeblock: 0x0  [0xc5+0x2]
            Number of cells: 1  [0xc7+0x2]
            Cell content area: 0xfbc  [0xc9+0x2]
            Fragmented free bytes: 0  [0xcb+0x1]
        ▾ Cell pointer array — 1 cell  [0xcc+0x2]
            Cell 0: 0xfbc  [0xcc+0x2] → 0x101c+0x1
        ▾ Cell 0 — rowid 1: ('table', 'Canvas', 'Canvas', 2, 'CREATE TABLE Canvas(id integer, name tex…')  [0x101c+0x44]
            type: "table"  [0x1024+0x5]
            name: "Canvas"  [0x1029+0x6]
            tbl_name: "Canvas"  [0x102f+0x6]
            rootpage: 2  [0x1035+0x1]
            sql: "CREATE TABLE Canvas(id integer, name text)"  [0x1036+0x2a]
          ▾ Record header — 5 columns  [0x101e+0x6]
              Header size: 6  [0x101e+0x1]
              Serial type 0: 23 — text (5 bytes)  [0x101f+0x1]
              Serial type 1: 25 — text (6 bytes)  [0x1020+0x1]
              Serial type 2: 25 — text (6 bytes)  [0x1021+0x1]
              Serial type 3: 1 — 1-byte integer  [0x1022+0x1]
              Serial type 4: 97 — text (42 bytes)  [0x1023+0x1]
          ▾ Cell — 68 bytes at page offset 0xfbc  [0x101c+0x44]
              Payload size: 66  [0x101c+0x1]
              Rowid: 1  [0x101d+0x1]
              Local payload — all 66 bytes  [0x101e+0x42]
          Unallocated space — 3918 bytes  [0xce+0xf4e]
      ▾ Page 2 — leaf table B-tree page of Canvas  [0x1060+0x1000]
        ▾ B-tree page header  [0x1060+0x8]
            Page type: leaf table (0xd)  [0x1060+0x1]
            First freeblock: 0x0  [0x1061+0x2]
            Number of cells: 1  [0x1063+0x2]
            Cell content area: 0xff7  [0x1065+0x2]
            Fragmented free bytes: 0  [0x1067+0x1]
        ▾ Cell pointer array — 1 cell  [0x1068+0x2]
            Cell 0: 0xff7  [0x1068+0x2] → 0x2057+0x1
        ▾ Cell 0 — rowid 1: (1, 'tiny')  [0x2057+0x9]
            id: 1  [0x205c+0x0]
            name: "tiny"  [0x205c+0x4]
          ▾ Record header — 2 columns  [0x2059+0x3]
              Header size: 3  [0x2059+0x1]
              Serial type 0: 9 — integer 1  [0x205a+0x1]
              Serial type 1: 21 — text (4 bytes)  [0x205b+0x1]
          ▾ Cell — 9 bytes at page offset 0xff7  [0x2057+0x9]
              Payload size: 7  [0x2057+0x1]
              Rowid: 1  [0x2058+0x1]
              Local payload — all 7 bytes  [0x2059+0x7]
          Unallocated space — 4077 bytes  [0x106a+0xfed]
    CHNKFoot — 0 bytes  [0x2060+0x10]
