---
source: tests/formats.rs
expression: "common::explore(&display_name(&path), &data)"
---
▾ utm33n.prj — WKT PROJCS "WGS_1984_UTM_Zone_33N", Transverse_Mercator, datum D_WGS_1984, unit Meter  [0x0+0x191]
  ▾ PROJCS: "WGS_1984_UTM_Zone_33N"  [0x0+0x191]
      value: "WGS_1984_UTM_Zone_33N"  [0x7+0x17]
    ▾ GEOGCS: "GCS_WGS_1984"  [0x1f+0x91]
        value: "GCS_WGS_1984"  [0x26+0xe]
      ▾ DATUM: "D_WGS_1984"  [0x35+0x40]
          value: "D_WGS_1984"  [0x3b+0xc]
        ▾ SPHEROID: "WGS_1984"  [0x48+0x2c]
            value: "WGS_1984"  [0x51+0xa]
            value: 6378137  [0x5c+0x9]
            value: 298.257223563  [0x66+0xd]
      ▾ PRIMEM: "Greenwich"  [0x76+0x17]
          value: "Greenwich"  [0x7d+0xb]
          value: 0  [0x89+0x3]
      ▾ UNIT: "Degree"  [0x8e+0x21]
          value: "Degree"  [0x93+0x8]
          value: 0.0174532925199433  [0x9c+0x12]
      PROJECTION: "Transverse_Mercator"  [0xb1+0x21]
    ▾ PARAMETER: "False_Easting"  [0xd3+0x23]
        value: "False_Easting"  [0xdd+0xf]
        value: 500000  [0xed+0x8]
    ▾ PARAMETER: "False_Northing"  [0xf7+0x1f]
        value: "False_Northing"  [0x101+0x10]
        value: 0  [0x112+0x3]
    ▾ PARAMETER: "Central_Meridian"  [0x117+0x22]
        value: "Central_Meridian"  [0x121+0x12]
        value: 15  [0x134+0x4]
    ▾ PARAMETER: "Scale_Factor"  [0x13a+0x20]
        value: "Scale_Factor"  [0x144+0xe]
        value: 0.9996  [0x153+0x6]
    ▾ PARAMETER: "Latitude_Of_Origin"  [0x15b+0x23]
        value: "Latitude_Of_Origin"  [0x165+0x14]
        value: 0  [0x17a+0x3]
    ▾ UNIT: "Meter"  [0x17f+0x11]
        value: "Meter"  [0x184+0x7]
        value: 1  [0x18c+0x3]
