---
source: tests/formats.rs
expression: "common::explore(&display_name(&path), &data)"
---
▾ groups-v0.h5 — HDF5 (superblock v0), root group  [0x0+0x3e8]
  ▾ Superblock — version 0, 8-byte offsets, 8-byte lengths  [0x0+0x60]
      Signature: 89 48 44 46 0d 0a 1a 0a  |.HDF....|  [0x0+0x8]
      Version: HDF5 1.0 (0x0)  [0x8+0x1]
      Free-space storage version: 0  [0x9+0x1]
      Root group symbol table entry version: 0  [0xa+0x1]
      Reserved: 00  |.|  [0xb+0x1]
      Shared header message format version: 0  [0xc+0x1]
      Size of offsets: 8  [0xd+0x1]
      Size of lengths: 8  [0xe+0x1]
      Reserved: 00  |.|  [0xf+0x1]
      Group leaf node K: 4  [0x10+0x2]
      Group internal node K: 16  [0x12+0x2]
      File consistency flags: 0x0 []  [0x14+0x4]
      Base address: 0x0  [0x18+0x8]
      Free-space info address: 0xffffffffffffffff — undefined  [0x20+0x8]
      End of file address: 0x3e8  [0x28+0x8]
      Driver information block address: 0xffffffffffffffff — undefined  [0x30+0x8]
    ▾ Root group symbol table entry  [0x38+0x28]
        Link name offset: 0  [0x38+0x8]
        Object header address: 0x60  [0x40+0x8]
        Cache type: group: B-tree and heap cached (0x1)  [0x48+0x4]
        Reserved: 00 00 00 00  |....|  [0x4c+0x4]
      ▾ Scratch pad  [0x50+0x10]
          B-tree address: 0xc8  [0x50+0x8]
          Name heap address: 0x118  [0x58+0x8]
    ▾ B-tree node at 0xc8 — cached in the root entry → 0xc8+0x4
        Signature: "TREE"  [0xc8+0x4]
        Node type: group nodes (0x0)  [0xcc+0x1]
        Node level: 0  [0xcd+0x1]
        Entries used: 1  [0xce+0x2]
        Left sibling: 0xffffffffffffffff — undefined  [0xd0+0x8]
        Right sibling: 0xffffffffffffffff — undefined  [0xd8+0x8]
      ▾ Key 0  [0xe0+0x8]
          Name offset in local heap: 0 — ""  [0xe0+0x8]
        Child address: 0x168 — symbol table node  [0xe8+0x8]
      ▾ Key 1  [0xf0+0x8]
          Name offset in local heap: 16 — "sub"  [0xf0+0x8]
      ▾ Symbol table node at 0x168 → 0x168+0x4
          Signature: "SNOD"  [0x168+0x4]
          Version: 1  [0x16c+0x1]
          Reserved: 00  |.|  [0x16d+0x1]
          Number of symbols: 2  [0x16e+0x2]
        ▾ data  [0x170+0x28]
            Link name offset: 8 — "data"  [0x170+0x8]
            Object header address: 0x208  [0x178+0x8]
            Cache type: nothing cached (0x0)  [0x180+0x4]
            Reserved: 00 00 00 00  |....|  [0x184+0x4]
          ▾ Scratch pad  [0x188+0x10]
              Unused: 00 00 00 00 00 00 00 00 00 00 00 00 00 00 00 00  |................|  [0x188+0x10]
        ▾ sub  [0x198+0x28]
            Link name offset: 16 — "sub"  [0x198+0x8]
            Object header address: 0x2e4  [0x1a0+0x8]
            Cache type: nothing cached (0x0)  [0x1a8+0x4]
            Reserved: 00 00 00 00  |....|  [0x1ac+0x4]
          ▾ Scratch pad  [0x1b0+0x10]
              Unused: 00 00 00 00 00 00 00 00 00 00 00 00 00 00 00 00  |................|  [0x1b0+0x10]
    ▾ Local heap — cached in the root entry → 0x118+0x4
        Signature: "HEAP"  [0x118+0x4]
        Version: 0  [0x11c+0x1]
        Reserved: 00 00 00  |...|  [0x11d+0x3]
        Data segment size: 32  [0x120+0x8]
        Offset to head of free list: 18446744073709551615 — no free blocks  [0x128+0x8]
        Data segment address: 0x138  [0x130+0x8]
      ▾ Data segment — 32 bytes  [0x138+0x20]
          Offset 0: ""  [0x138+0x8]
          Offset 8: "data"  [0x140+0x8]
          Offset 16: "sub"  [0x148+0x8]
          Offset 24: "back"  [0x150+0x8]
  ▾ Root group: 0x60 — group → 0x60+0x4
    ▾ Object header — version 1, 2 messages  [0x60+0x38]
        Version: 1  [0x60+0x1]
        Reserved: 00  |.|  [0x61+0x1]
        Number of messages: 2  [0x62+0x2]
        Object reference count: 1  [0x64+0x4]
        Object header size: 40  [0x68+0x4]
        Reserved: 00 00 00 00  |....|  [0x6c+0x4]
      ▾ Symbol Table  [0x70+0x18] → 0xc8+0x4
          Type: Symbol Table (0x11)  [0x70+0x2]
          Size: 16  [0x72+0x2]
          Flags: 0x0 []  [0x74+0x1]
          Reserved: 0x0  [0x75+0x3]
          v1 B-tree address: 0xc8  [0x78+0x8]
          Local heap address: 0x118  [0x80+0x8]
        ▾ B-tree node at 0xc8 → 0xc8+0x4
            Signature: "TREE"  [0xc8+0x4]
            Node type: group nodes (0x0)  [0xcc+0x1]
            Node level: 0  [0xcd+0x1]
            Entries used: 1  [0xce+0x2]
            Left sibling: 0xffffffffffffffff — undefined  [0xd0+0x8]
            Right sibling: 0xffffffffffffffff — undefined  [0xd8+0x8]
          ▾ Key 0  [0xe0+0x8]
              Name offset in local heap: 0 — ""  [0xe0+0x8]
            Child address: 0x168 — symbol table node  [0xe8+0x8]
          ▾ Key 1  [0xf0+0x8]
              Name offset in local heap: 16 — "sub"  [0xf0+0x8]
          ▾ Symbol table node at 0x168 → 0x168+0x4
              Signature: "SNOD"  [0x168+0x4]
              Version: 1  [0x16c+0x1]
              Reserved: 00  |.|  [0x16d+0x1]
              Number of symbols: 2  [0x16e+0x2]
            ▾ data  [0x170+0x28]
                Link name offset: 8 — "data"  [0x170+0x8]
                Object header address: 0x208  [0x178+0x8]
                Cache type: nothing cached (0x0)  [0x180+0x4]
                Reserved: 00 00 00 00  |....|  [0x184+0x4]
              ▾ Scratch pad  [0x188+0x10]
                  Unused: 00 00 00 00 00 00 00 00 00 00 00 00 00 00 00 00  |................|  [0x188+0x10]
            ▾ sub  [0x198+0x28]
                Link name offset: 16 — "sub"  [0x198+0x8]
                Object header address: 0x2e4  [0x1a0+0x8]
                Cache type: nothing cached (0x0)  [0x1a8+0x4]
                Reserved: 00 00 00 00  |....|  [0x1ac+0x4]
              ▾ Scratch pad  [0x1b0+0x10]
                  Unused: 00 00 00 00 00 00 00 00 00 00 00 00 00 00 00 00  |................|  [0x1b0+0x10]
        ▾ Local heap → 0x118+0x4
            Signature: "HEAP"  [0x118+0x4]
            Version: 0  [0x11c+0x1]
            Reserved: 00 00 00  |...|  [0x11d+0x3]
            Data segment size: 32  [0x120+0x8]
            Offset to head of free list: 18446744073709551615 — no free blocks  [0x128+0x8]
            Data segment address: 0x138  [0x130+0x8]
          ▾ Data segment — 32 bytes  [0x138+0x20]
              Offset 0: ""  [0x138+0x8]
              Offset 8: "data"  [0x140+0x8]
              Offset 16: "sub"  [0x148+0x8]
              Offset 24: "back"  [0x150+0x8]
      ▾ Object Modification Time — 2026-01-01 00:00:00 UTC  [0x88+0x10]
          Type: Object Modification Time (0x12)  [0x88+0x2]
          Size: 8  [0x8a+0x2]
          Flags: 0x0 []  [0x8c+0x1]
          Reserved: 0x0  [0x8d+0x3]
          Version: 1  [0x90+0x1]
          Reserved: 00 00 00  |...|  [0x91+0x3]
          Seconds since the epoch: 2026-01-01 00:00:00 UTC  [0x94+0x4]
    ▾ data: 0x208 — dataset, float64 [2×3], contiguous  [0x170+0x28] → 0x208+0x4
      ▾ Object header — version 1, 4 messages  [0x208+0x88]
          Version: 1  [0x208+0x1]
          Reserved: 00  |.|  [0x209+0x1]
          Number of messages: 4  [0x20a+0x2]
          Object reference count: 1  [0x20c+0x4]
          Object header size: 120  [0x210+0x4]
          Reserved: 00 00 00 00  |....|  [0x214+0x4]
        ▾ Dataspace — [2×3]  [0x218+0x20]
            Type: Dataspace (0x1)  [0x218+0x2]
            Size: 24  [0x21a+0x2]
            Flags: 0x0 []  [0x21c+0x1]
            Reserved: 0x0  [0x21d+0x3]
            Version: 1  [0x220+0x1]
            Dimensionality: 2  [0x221+0x1]
            Flags: 0x0 []  [0x222+0x1]
            Reserved: 00 00 00 00 00  |.....|  [0x223+0x5]
            Dimension 0 size: 2  [0x228+0x8]
            Dimension 1 size: 3  [0x230+0x8]
        ▾ Datatype — float64  [0x238+0x20]
            Type: Datatype (0x3)  [0x238+0x2]
            Size: 24  [0x23a+0x2]
            Flags: 0x0 []  [0x23c+0x1]
            Reserved: 0x0  [0x23d+0x3]
            Class and version: floating-point (0x1) — version 1  [0x240+0x1]
            Class bit field: 0x3f20 [mantissa MSB implied] — sign bit 63  [0x241+0x3]
            Size: 8  [0x244+0x4]
            Bit offset: 0  [0x248+0x2]
            Bit precision: 64  [0x24a+0x2]
            Exponent location: 52  [0x24c+0x1]
            Exponent size: 11  [0x24d+0x1]
            Mantissa location: 0  [0x24e+0x1]
            Mantissa size: 52  [0x24f+0x1]
            Exponent bias: 1023  [0x250+0x4]
        ▾ Data Layout — contiguous at 0x2a8, 48 bytes  [0x258+0x20] → 0x2a8+0x30
            Type: Data Layout (0x8)  [0x258+0x2]
            Size: 24  [0x25a+0x2]
            Flags: 0x0 []  [0x25c+0x1]
            Reserved: 0x0  [0x25d+0x3]
            Version: 3  [0x260+0x1]
            Layout class: contiguous (0x1)  [0x261+0x1]
            Address: 0x2a8  [0x262+0x8]
            Size: 48  [0x26a+0x8]
        ▾ Object Comment — a 2x3 matrix  [0x278+0x18]
            Type: Object Comment (0xd)  [0x278+0x2]
            Size: 16  [0x27a+0x2]
            Flags: 0x0 []  [0x27c+0x1]
            Reserved: 0x0  [0x27d+0x3]
            Comment: "a 2x3 matrix"  [0x280+0xd]
        Comment: "a 2x3 matrix"
      ▾ Data — 6 elements, 48 bytes  [0x2a8+0x30]
          [0, 0]: 1  [0x2a8+0x8]
          [0, 1]: 2  [0x2b0+0x8]
          [0, 2]: 3  [0x2b8+0x8]
          [1, 0]: 4  [0x2c0+0x8]
          [1, 1]: 5  [0x2c8+0x8]
          [1, 2]: 6  [0x2d0+0x8]
    ▾ sub: 0x2e4 — group  [0x198+0x28] → 0x2e4+0x4
      ▾ Object header — version 1, 1 messages  [0x2e4+0x28]
          Version: 1  [0x2e4+0x1]
          Reserved: 00  |.|  [0x2e5+0x1]
          Number of messages: 1  [0x2e6+0x2]
          Object reference count: 1  [0x2e8+0x4]
          Object header size: 24  [0x2ec+0x4]
          Reserved: 00 00 00 00  |....|  [0x2f0+0x4]
        ▾ Symbol Table  [0x2f4+0x18] → 0x320+0x4
            Type: Symbol Table (0x11)  [0x2f4+0x2]
            Size: 16  [0x2f6+0x2]
            Flags: 0x0 []  [0x2f8+0x1]
            Reserved: 0x0  [0x2f9+0x3]
            v1 B-tree address: 0x320  [0x2fc+0x8]
            Local heap address: 0x118  [0x304+0x8]
          ▾ B-tree node at 0x320 → 0x320+0x4
              Signature: "TREE"  [0x320+0x4]
              Node type: group nodes (0x0)  [0x324+0x1]
              Node level: 0  [0x325+0x1]
              Entries used: 1  [0x326+0x2]
              Left sibling: 0xffffffffffffffff — undefined  [0x328+0x8]
              Right sibling: 0xffffffffffffffff — undefined  [0x330+0x8]
            ▾ Key 0  [0x338+0x8]
                Name offset in local heap: 0 — ""  [0x338+0x8]
              Child address: 0x370 — symbol table node  [0x340+0x8]
            ▾ Key 1  [0x348+0x8]
                Name offset in local heap: 24 — "back"  [0x348+0x8]
            ▾ Symbol table node at 0x370 → 0x370+0x4
                Signature: "SNOD"  [0x370+0x4]
                Version: 1  [0x374+0x1]
                Reserved: 00  |.|  [0x375+0x1]
                Number of symbols: 1  [0x376+0x2]
              ▾ back  [0x378+0x28]
                  Link name offset: 24 — "back"  [0x378+0x8]
                  Object header address: 0x60  [0x380+0x8]
                  Cache type: nothing cached (0x0)  [0x388+0x4]
                  Reserved: 00 00 00 00  |....|  [0x38c+0x4]
                ▾ Scratch pad  [0x390+0x10]
                    Unused: 00 00 00 00 00 00 00 00 00 00 00 00 00 00 00 00  |................|  [0x390+0x10]
                Unused entries — room for 7 more of 2K = 8  [0x3a0+0x48]
          ▾ Local heap → 0x118+0x4
              Signature: "HEAP"  [0x118+0x4]
              Version: 0  [0x11c+0x1]
              Reserved: 00 00 00  |...|  [0x11d+0x3]
              Data segment size: 32  [0x120+0x8]
              Offset to head of free list: 18446744073709551615 — no free blocks  [0x128+0x8]
              Data segment address: 0x138  [0x130+0x8]
            ▾ Data segment — 32 bytes  [0x138+0x20]
                Offset 0: ""  [0x138+0x8]
                Offset 8: "data"  [0x140+0x8]
                Offset 16: "sub"  [0x148+0x8]
                Offset 24: "back"  [0x150+0x8]
        back: 0x60 — already open above (a hard-link cycle)  [0x378+0x28] → 0x60+0x4
