---
source: tests/formats.rs
expression: "common::explore(&display_name(&path), &data)"
---
▾ aapt2-manifest.xml — Android binary XML: <manifest android:versionCode=7 android:versionName=1.2.3 android:compileSdkVersion=36 android:compileSdkVersionCodename=16>  [0x0+0x830]
  ▾ Header  [0x0+0x8]
      type: RES_XML_TYPE (0x3)  [0x0+0x2]
      headerSize: 8  [0x2+0x2]
      size: 0x830  [0x4+0x4]
  ▾ String Pool — 32 strings, UTF-16  [0x8+0x478]
    ▾ Header  [0x8+0x1c]
        type: RES_STRING_POOL_TYPE (0x1)  [0x8+0x2]
        headerSize: 28  [0xa+0x2]
        size: 0x478  [0xc+0x4]
        stringCount: 32  [0x10+0x4]
        styleCount: 0  [0x14+0x4]
        flags: 0x0 []  [0x18+0x4]
        stringsStart: 0x9c  [0x1c+0x4]
        stylesStart: 0x0  [0x20+0x4]
      String offsets — 32 × u32, from stringsStart  [0x24+0x80]
      0: "theme"  [0xa4+0xe]
      1: "label"  [0xb2+0xe]
      2: "icon"  [0xc0+0xc]
      3: "name"  [0xcc+0xc]
      4: "exported"  [0xd8+0x14]
      5: "minSdkVersion"  [0xec+0x1e]
      6: "versionCode"  [0x10a+0x1a]
      7: "versionName"  [0x124+0x1a]
      8: "targetSdkVersion"  [0x13e+0x24]
      9: "allowBackup"  [0x162+0x1a]
      10: "compileSdkVersion"  [0x17c+0x26]
      11: "compileSdkVersionCodename"  [0x1a2+0x36]
      12: ".Main"  [0x1d8+0xe]
      13: "1.2.3"  [0x1e6+0xe]
      14: "16"  [0x1f4+0x8]
      15: "action"  [0x1fc+0x10]
      16: "activity"  [0x20c+0x14]
      17: "android"  [0x220+0x12]
      18: "android.intent.action.MAIN"  [0x232+0x38]
      19: "android.intent.category.LAUNCHER"  [0x26a+0x44]
      20: "android.permission.INTERNET"  [0x2ae+0x3a]
      21: "application"  [0x2e8+0x1a]
      22: "category"  [0x302+0x14]
      23: "http://schemas.android.com/apk/res/android"  [0x316+0x58]
      24: "intent-filter"  [0x36e+0x1e]
      25: "manifest"  [0x38c+0x14]
      26: "org.example.fillyfoal"  [0x3a0+0x2e]
      27: "package"  [0x3ce+0x12]
      28: "platformBuildVersionCode"  [0x3e0+0x34]
      29: "platformBuildVersionName"  [0x414+0x34]
      30: "uses-permission"  [0x448+0x22]
      31: "uses-sdk"  [0x46a+0x14]
      Padding  [0x47e+0x2]
  ▾ Resource Map — 12 attribute IDs  [0x480+0x38]
    ▾ Header  [0x480+0x8]
        type: RES_XML_RESOURCE_MAP_TYPE (0x180)  [0x480+0x2]
        headerSize: 8  [0x482+0x2]
        size: 0x38  [0x484+0x4]
      0: 0x1010000 — theme  [0x488+0x4]
      1: 0x1010001 — label  [0x48c+0x4]
      2: 0x1010002 — icon  [0x490+0x4]
      3: 0x1010003 — name  [0x494+0x4]
      4: 0x1010010 — exported  [0x498+0x4]
      5: 0x101020c — minSdkVersion  [0x49c+0x4]
      6: 0x101021b — versionCode  [0x4a0+0x4]
      7: 0x101021c — versionName  [0x4a4+0x4]
      8: 0x1010270 — targetSdkVersion  [0x4a8+0x4]
      9: 0x1010280 — allowBackup  [0x4ac+0x4]
      10: 0x1010572  [0x4b0+0x4]
      11: 0x1010573  [0x4b4+0x4]
  ▾ Elements  [0x4b8+0x378]
    ▾ xmlns:android: "http://schemas.android.com/apk/res/android"  [0x4b8+0x18]
        type: RES_XML_START_NAMESPACE_TYPE (0x100)  [0x4b8+0x2]
        headerSize: 16  [0x4ba+0x2]
        size: 0x18  [0x4bc+0x4]
        lineNumber: 2  [0x4c0+0x4]
        comment: 4294967295 — none  [0x4c4+0x4]
        prefix: 17 — "android"  [0x4c8+0x4]
        uri: 23 — "http://schemas.android.com/apk/res/android"  [0x4cc+0x4]
    ▾ <manifest> — android:versionCode=7 android:versionName=1.2.3 android:compileSdkVersion=36 android:compileSdkVersionCodename=16  [0x4d0+0x348]
      ▾ Start tag  [0x4d0+0x24]
          type: RES_XML_START_ELEMENT_TYPE (0x102)  [0x4d0+0x2]
          headerSize: 16  [0x4d2+0x2]
          size: 0xb0  [0x4d4+0x4]
          lineNumber: 2  [0x4d8+0x4]
          comment: 4294967295 — none  [0x4dc+0x4]
          ns: 4294967295 — none  [0x4e0+0x4]
          name: 25 — "manifest"  [0x4e4+0x4]
          attributeStart: 20  [0x4e8+0x2]
          attributeSize: 20  [0x4ea+0x2]
          attributeCount: 7  [0x4ec+0x2]
          idIndex: 0  [0x4ee+0x2]
          classIndex: 0  [0x4f0+0x2]
          styleIndex: 0  [0x4f2+0x2]
      ▾ android:versionCode: "7" — INT_DEC  [0x4f4+0x14]
          ns: 23 — "http://schemas.android.com/apk/res/android"  [0x4f4+0x4]
          name: 6 — "versionCode"  [0x4f8+0x4]
          rawValue: 4294967295 — none  [0x4fc+0x4]
          size: 8  [0x500+0x2]
          res0: 0  [0x502+0x1]
          dataType: INT_DEC (0x10)  [0x503+0x1]
          data: 0x7 — 7  [0x504+0x4]
      ▾ android:versionName: "1.2.3" — STRING  [0x508+0x14]
          ns: 23 — "http://schemas.android.com/apk/res/android"  [0x508+0x4]
          name: 7 — "versionName"  [0x50c+0x4]
          rawValue: 13 — "1.2.3"  [0x510+0x4]
          size: 8  [0x514+0x2]
          res0: 0  [0x516+0x1]
          dataType: STRING (0x3)  [0x517+0x1]
          data: 0xd — 1.2.3  [0x518+0x4]
      ▾ android:compileSdkVersion: "36" — INT_DEC  [0x51c+0x14]
          ns: 23 — "http://schemas.android.com/apk/res/android"  [0x51c+0x4]
          name: 10 — "compileSdkVersion"  [0x520+0x4]
          rawValue: 4294967295 — none  [0x524+0x4]
          size: 8  [0x528+0x2]
          res0: 0  [0x52a+0x1]
          dataType: INT_DEC (0x10)  [0x52b+0x1]
          data: 0x24 — 36  [0x52c+0x4]
      ▾ android:compileSdkVersionCodename: "16" — STRING  [0x530+0x14]
          ns: 23 — "http://schemas.android.com/apk/res/android"  [0x530+0x4]
          name: 11 — "compileSdkVersionCodename"  [0x534+0x4]
          rawValue: 14 — "16"  [0x538+0x4]
          size: 8  [0x53c+0x2]
          res0: 0  [0x53e+0x1]
          dataType: STRING (0x3)  [0x53f+0x1]
          data: 0xe — 16  [0x540+0x4]
      ▾ package: "org.example.fillyfoal" — STRING  [0x544+0x14]
          ns: 4294967295 — none  [0x544+0x4]
          name: 27 — "package"  [0x548+0x4]
          rawValue: 26 — "org.example.fillyfoal"  [0x54c+0x4]
          size: 8  [0x550+0x2]
          res0: 0  [0x552+0x1]
          dataType: STRING (0x3)  [0x553+0x1]
          data: 0x1a — org.example.fillyfoal  [0x554+0x4]
      ▾ platformBuildVersionCode: "36" — INT_DEC  [0x558+0x14]
          ns: 4294967295 — none  [0x558+0x4]
          name: 28 — "platformBuildVersionCode"  [0x55c+0x4]
          rawValue: 4294967295 — none  [0x560+0x4]
          size: 8  [0x564+0x2]
          res0: 0  [0x566+0x1]
          dataType: INT_DEC (0x10)  [0x567+0x1]
          data: 0x24 — 36  [0x568+0x4]
      ▾ platformBuildVersionName: "16" — INT_DEC  [0x56c+0x14]
          ns: 4294967295 — none  [0x56c+0x4]
          name: 29 — "platformBuildVersionName"  [0x570+0x4]
          rawValue: 4294967295 — none  [0x574+0x4]
          size: 8  [0x578+0x2]
          res0: 0  [0x57a+0x1]
          dataType: INT_DEC (0x10)  [0x57b+0x1]
          data: 0x10 — 16  [0x57c+0x4]
      ▾ <uses-sdk> — android:minSdkVersion=21 android:targetSdkVersion=35  [0x580+0x64]
        ▾ Start tag  [0x580+0x24]
            type: RES_XML_START_ELEMENT_TYPE (0x102)  [0x580+0x2]
            headerSize: 16  [0x582+0x2]
            size: 0x4c  [0x584+0x4]
            lineNumber: 6  [0x588+0x4]
            comment: 4294967295 — none  [0x58c+0x4]
            ns: 4294967295 — none  [0x590+0x4]
            name: 31 — "uses-sdk"  [0x594+0x4]
            attributeStart: 20  [0x598+0x2]
            attributeSize: 20  [0x59a+0x2]
            attributeCount: 2  [0x59c+0x2]
            idIndex: 0  [0x59e+0x2]
            classIndex: 0  [0x5a0+0x2]
            styleIndex: 0  [0x5a2+0x2]
        ▾ android:minSdkVersion: "21" — INT_DEC  [0x5a4+0x14]
            ns: 23 — "http://schemas.android.com/apk/res/android"  [0x5a4+0x4]
            name: 5 — "minSdkVersion"  [0x5a8+0x4]
            rawValue: 4294967295 — none  [0x5ac+0x4]
            size: 8  [0x5b0+0x2]
            res0: 0  [0x5b2+0x1]
            dataType: INT_DEC (0x10)  [0x5b3+0x1]
            data: 0x15 — 21  [0x5b4+0x4]
        ▾ android:targetSdkVersion: "35" — INT_DEC  [0x5b8+0x14]
            ns: 23 — "http://schemas.android.com/apk/res/android"  [0x5b8+0x4]
            name: 8 — "targetSdkVersion"  [0x5bc+0x4]
            rawValue: 4294967295 — none  [0x5c0+0x4]
            size: 8  [0x5c4+0x2]
            res0: 0  [0x5c6+0x1]
            dataType: INT_DEC (0x10)  [0x5c7+0x1]
            data: 0x23 — 35  [0x5c8+0x4]
        ▾ End tag  [0x5cc+0x18]
            type: RES_XML_END_ELEMENT_TYPE (0x103)  [0x5cc+0x2]
            headerSize: 16  [0x5ce+0x2]
            size: 0x18  [0x5d0+0x4]
            lineNumber: 6  [0x5d4+0x4]
            comment: 4294967295 — none  [0x5d8+0x4]
            ns: 4294967295 — none  [0x5dc+0x4]
            name: 31 — "uses-sdk"  [0x5e0+0x4]
      ▾ <uses-permission> — android:name=android.permission.INTERNET  [0x5e4+0x50]
        ▾ Start tag  [0x5e4+0x24]
            type: RES_XML_START_ELEMENT_TYPE (0x102)  [0x5e4+0x2]
            headerSize: 16  [0x5e6+0x2]
            size: 0x38  [0x5e8+0x4]
            lineNumber: 7  [0x5ec+0x4]
            comment: 4294967295 — none  [0x5f0+0x4]
            ns: 4294967295 — none  [0x5f4+0x4]
            name: 30 — "uses-permission"  [0x5f8+0x4]
            attributeStart: 20  [0x5fc+0x2]
            attributeSize: 20  [0x5fe+0x2]
            attributeCount: 1  [0x600+0x2]
            idIndex: 0  [0x602+0x2]
            classIndex: 0  [0x604+0x2]
            styleIndex: 0  [0x606+0x2]
        ▾ android:name: "android.permission.INTERNET" — STRING  [0x608+0x14]
            ns: 23 — "http://schemas.android.com/apk/res/android"  [0x608+0x4]
            name: 3 — "name"  [0x60c+0x4]
            rawValue: 20 — "android.permission.INTERNET"  [0x610+0x4]
            size: 8  [0x614+0x2]
            res0: 0  [0x616+0x1]
            dataType: STRING (0x3)  [0x617+0x1]
            data: 0x14 — android.permission.INTERNET  [0x618+0x4]
        ▾ End tag  [0x61c+0x18]
            type: RES_XML_END_ELEMENT_TYPE (0x103)  [0x61c+0x2]
            headerSize: 16  [0x61e+0x2]
            size: 0x18  [0x620+0x4]
            lineNumber: 7  [0x624+0x4]
            comment: 4294967295 — none  [0x628+0x4]
            ns: 4294967295 — none  [0x62c+0x4]
            name: 30 — "uses-permission"  [0x630+0x4]
      ▾ <application> — android:theme=@0x7f0c0000 android:label=@0x7f0b0001 android:icon=@0x7f060000 android:allowBackup=false  [0x634+0x1cc]
        ▾ Start tag  [0x634+0x24]
            type: RES_XML_START_ELEMENT_TYPE (0x102)  [0x634+0x2]
            headerSize: 16  [0x636+0x2]
            size: 0x74  [0x638+0x4]
            lineNumber: 8  [0x63c+0x4]
            comment: 4294967295 — none  [0x640+0x4]
            ns: 4294967295 — none  [0x644+0x4]
            name: 21 — "application"  [0x648+0x4]
            attributeStart: 20  [0x64c+0x2]
            attributeSize: 20  [0x64e+0x2]
            attributeCount: 4  [0x650+0x2]
            idIndex: 0  [0x652+0x2]
            classIndex: 0  [0x654+0x2]
            styleIndex: 0  [0x656+0x2]
        ▾ android:theme: "@0x7f0c0000" — REFERENCE  [0x658+0x14]
            ns: 23 — "http://schemas.android.com/apk/res/android"  [0x658+0x4]
            name: 0 — "theme"  [0x65c+0x4]
            rawValue: 4294967295 — none  [0x660+0x4]
            size: 8  [0x664+0x2]
            res0: 0  [0x666+0x1]
            dataType: REFERENCE (0x1)  [0x667+0x1]
            data: 0x7f0c0000 — @0x7f0c0000  [0x668+0x4]
        ▾ android:label: "@0x7f0b0001" — REFERENCE  [0x66c+0x14]
            ns: 23 — "http://schemas.android.com/apk/res/android"  [0x66c+0x4]
            name: 1 — "label"  [0x670+0x4]
            rawValue: 4294967295 — none  [0x674+0x4]
            size: 8  [0x678+0x2]
            res0: 0  [0x67a+0x1]
            dataType: REFERENCE (0x1)  [0x67b+0x1]
            data: 0x7f0b0001 — @0x7f0b0001  [0x67c+0x4]
        ▾ android:icon: "@0x7f060000" — REFERENCE  [0x680+0x14]
            ns: 23 — "http://schemas.android.com/apk/res/android"  [0x680+0x4]
            name: 2 — "icon"  [0x684+0x4]
            rawValue: 4294967295 — none  [0x688+0x4]
            size: 8  [0x68c+0x2]
            res0: 0  [0x68e+0x1]
            dataType: REFERENCE (0x1)  [0x68f+0x1]
            data: 0x7f060000 — @0x7f060000  [0x690+0x4]
        ▾ android:allowBackup: "false" — INT_BOOLEAN  [0x694+0x14]
            ns: 23 — "http://schemas.android.com/apk/res/android"  [0x694+0x4]
            name: 9 — "allowBackup"  [0x698+0x4]
            rawValue: 4294967295 — none  [0x69c+0x4]
            size: 8  [0x6a0+0x2]
            res0: 0  [0x6a2+0x1]
            dataType: INT_BOOLEAN (0x12)  [0x6a3+0x1]
            data: 0x0 — false  [0x6a4+0x4]
        ▾ <activity> — android:name=.Main android:exported=true  [0x6a8+0x140]
          ▾ Start tag  [0x6a8+0x24]
              type: RES_XML_START_ELEMENT_TYPE (0x102)  [0x6a8+0x2]
              headerSize: 16  [0x6aa+0x2]
              size: 0x4c  [0x6ac+0x4]
              lineNumber: 13  [0x6b0+0x4]
              comment: 4294967295 — none  [0x6b4+0x4]
              ns: 4294967295 — none  [0x6b8+0x4]
              name: 16 — "activity"  [0x6bc+0x4]
              attributeStart: 20  [0x6c0+0x2]
              attributeSize: 20  [0x6c2+0x2]
              attributeCount: 2  [0x6c4+0x2]
              idIndex: 0  [0x6c6+0x2]
              classIndex: 0  [0x6c8+0x2]
              styleIndex: 0  [0x6ca+0x2]
          ▾ android:name: ".Main" — STRING  [0x6cc+0x14]
              ns: 23 — "http://schemas.android.com/apk/res/android"  [0x6cc+0x4]
              name: 3 — "name"  [0x6d0+0x4]
              rawValue: 12 — ".Main"  [0x6d4+0x4]
              size: 8  [0x6d8+0x2]
              res0: 0  [0x6da+0x1]
              dataType: STRING (0x3)  [0x6db+0x1]
              data: 0xc — .Main  [0x6dc+0x4]
          ▾ android:exported: "true" — INT_BOOLEAN  [0x6e0+0x14]
              ns: 23 — "http://schemas.android.com/apk/res/android"  [0x6e0+0x4]
              name: 4 — "exported"  [0x6e4+0x4]
              rawValue: 4294967295 — none  [0x6e8+0x4]
              size: 8  [0x6ec+0x2]
              res0: 0  [0x6ee+0x1]
              dataType: INT_BOOLEAN (0x12)  [0x6ef+0x1]
              data: 0xffffffff — true  [0x6f0+0x4]
          ▾ <intent-filter>  [0x6f4+0xdc]
            ▾ Start tag  [0x6f4+0x24]
                type: RES_XML_START_ELEMENT_TYPE (0x102)  [0x6f4+0x2]
                headerSize: 16  [0x6f6+0x2]
                size: 0x24  [0x6f8+0x4]
                lineNumber: 14  [0x6fc+0x4]
                comment: 4294967295 — none  [0x700+0x4]
                ns: 4294967295 — none  [0x704+0x4]
                name: 24 — "intent-filter"  [0x708+0x4]
                attributeStart: 20  [0x70c+0x2]
                attributeSize: 20  [0x70e+0x2]
                attributeCount: 0  [0x710+0x2]
                idIndex: 0  [0x712+0x2]
                classIndex: 0  [0x714+0x2]
                styleIndex: 0  [0x716+0x2]
            ▾ <action> — android:name=android.intent.action.MAIN  [0x718+0x50]
              ▾ Start tag  [0x718+0x24]
                  type: RES_XML_START_ELEMENT_TYPE (0x102)  [0x718+0x2]
                  headerSize: 16  [0x71a+0x2]
                  size: 0x38  [0x71c+0x4]
                  lineNumber: 15  [0x720+0x4]
                  comment: 4294967295 — none  [0x724+0x4]
                  ns: 4294967295 — none  [0x728+0x4]
                  name: 15 — "action"  [0x72c+0x4]
                  attributeStart: 20  [0x730+0x2]
                  attributeSize: 20  [0x732+0x2]
                  attributeCount: 1  [0x734+0x2]
                  idIndex: 0  [0x736+0x2]
                  classIndex: 0  [0x738+0x2]
                  styleIndex: 0  [0x73a+0x2]
              ▾ android:name: "android.intent.action.MAIN" — STRING  [0x73c+0x14]
                  ns: 23 — "http://schemas.android.com/apk/res/android"  [0x73c+0x4]
                  name: 3 — "name"  [0x740+0x4]
                  rawValue: 18 — "android.intent.action.MAIN"  [0x744+0x4]
                  size: 8  [0x748+0x2]
                  res0: 0  [0x74a+0x1]
                  dataType: STRING (0x3)  [0x74b+0x1]
                  data: 0x12 — android.intent.action.MAIN  [0x74c+0x4]
              ▾ End tag  [0x750+0x18]
                  type: RES_XML_END_ELEMENT_TYPE (0x103)  [0x750+0x2]
                  headerSize: 16  [0x752+0x2]
                  size: 0x18  [0x754+0x4]
                  lineNumber: 15  [0x758+0x4]
                  comment: 4294967295 — none  [0x75c+0x4]
                  ns: 4294967295 — none  [0x760+0x4]
                  name: 15 — "action"  [0x764+0x4]
            ▾ <category> — android:name=android.intent.category.LAUNCHER  [0x768+0x50]
              ▾ Start tag  [0x768+0x24]
                  type: RES_XML_START_ELEMENT_TYPE (0x102)  [0x768+0x2]
                  headerSize: 16  [0x76a+0x2]
                  size: 0x38  [0x76c+0x4]
                  lineNumber: 16  [0x770+0x4]
                  comment: 4294967295 — none  [0x774+0x4]
                  ns: 4294967295 — none  [0x778+0x4]
                  name: 22 — "category"  [0x77c+0x4]
                  attributeStart: 20  [0x780+0x2]
                  attributeSize: 20  [0x782+0x2]
                  attributeCount: 1  [0x784+0x2]
                  idIndex: 0  [0x786+0x2]
                  classIndex: 0  [0x788+0x2]
                  styleIndex: 0  [0x78a+0x2]
              ▾ android:name: "android.intent.category.LAUNCHER" — STRING  [0x78c+0x14]
                  ns: 23 — "http://schemas.android.com/apk/res/android"  [0x78c+0x4]
                  name: 3 — "name"  [0x790+0x4]
                  rawValue: 19 — "android.intent.category.LAUNCHER"  [0x794+0x4]
                  size: 8  [0x798+0x2]
                  res0: 0  [0x79a+0x1]
                  dataType: STRING (0x3)  [0x79b+0x1]
                  data: 0x13 — android.intent.category.LAUNCHER  [0x79c+0x4]
              ▾ End tag  [0x7a0+0x18]
                  type: RES_XML_END_ELEMENT_TYPE (0x103)  [0x7a0+0x2]
                  headerSize: 16  [0x7a2+0x2]
                  size: 0x18  [0x7a4+0x4]
                  lineNumber: 16  [0x7a8+0x4]
                  comment: 4294967295 — none  [0x7ac+0x4]
                  ns: 4294967295 — none  [0x7b0+0x4]
                  name: 22 — "category"  [0x7b4+0x4]
            ▾ End tag  [0x7b8+0x18]
                type: RES_XML_END_ELEMENT_TYPE (0x103)  [0x7b8+0x2]
                headerSize: 16  [0x7ba+0x2]
                size: 0x18  [0x7bc+0x4]
                lineNumber: 14  [0x7c0+0x4]
                comment: 4294967295 — none  [0x7c4+0x4]
                ns: 4294967295 — none  [0x7c8+0x4]
                name: 24 — "intent-filter"  [0x7cc+0x4]
          ▾ End tag  [0x7d0+0x18]
              type: RES_XML_END_ELEMENT_TYPE (0x103)  [0x7d0+0x2]
              headerSize: 16  [0x7d2+0x2]
              size: 0x18  [0x7d4+0x4]
              lineNumber: 13  [0x7d8+0x4]
              comment: 4294967295 — none  [0x7dc+0x4]
              ns: 4294967295 — none  [0x7e0+0x4]
              name: 16 — "activity"  [0x7e4+0x4]
        ▾ End tag  [0x7e8+0x18]
            type: RES_XML_END_ELEMENT_TYPE (0x103)  [0x7e8+0x2]
            headerSize: 16  [0x7ea+0x2]
            size: 0x18  [0x7ec+0x4]
            lineNumber: 8  [0x7f0+0x4]
            comment: 4294967295 — none  [0x7f4+0x4]
            ns: 4294967295 — none  [0x7f8+0x4]
            name: 21 — "application"  [0x7fc+0x4]
      ▾ End tag  [0x800+0x18]
          type: RES_XML_END_ELEMENT_TYPE (0x103)  [0x800+0x2]
          headerSize: 16  [0x802+0x2]
          size: 0x18  [0x804+0x4]
          lineNumber: 2  [0x808+0x4]
          comment: 4294967295 — none  [0x80c+0x4]
          ns: 4294967295 — none  [0x810+0x4]
          name: 25 — "manifest"  [0x814+0x4]
    ▾ End of xmlns:android: "http://schemas.android.com/apk/res/android"  [0x818+0x18]
        type: RES_XML_END_NAMESPACE_TYPE (0x101)  [0x818+0x2]
        headerSize: 16  [0x81a+0x2]
        size: 0x18  [0x81c+0x4]
        lineNumber: 2  [0x820+0x4]
        comment: 4294967295 — none  [0x824+0x4]
        prefix: 17 — "android"  [0x828+0x4]
        uri: 23 — "http://schemas.android.com/apk/res/android"  [0x82c+0x4]
