---
source: tests/formats.rs
expression: "common::explore(&display_name(&path), &data)"
---
▾ genisoimage-1999.iso — ISO 9660 image "FILLYFOAL", 1.8 MiB, ISO 9660:1999, Rock Ridge, Joliet, El Torito  [0x0+0x1cf000]
    System area — empty  [0x0+0x8000]
  ▾ Volume descriptors — 5 descriptors  [0x8000+0x2800]
    ▾ Primary volume descriptor — "FILLYFOAL", 1.8 MiB  [0x8000+0x800]
        Type: primary volume descriptor (0x1)  [0x8000+0x1]
        Identifier: "CD001"  [0x8001+0x5]
        Version: 1  [0x8006+0x1]
        Unused: 00  |.| — zeros  [0x8007+0x1]
        System identifier: "LINUX"  [0x8008+0x20]
        Volume identifier: "FILLYFOAL"  [0x8028+0x20]
        Unused: 00 00 00 00 00 00 00 00  |........| — zeros  [0x8048+0x8]
        Volume space size: 926  [0x8050+0x8]
        Unused: 00 00 00 00 00 00 00 00 00 00 00 00 00 00 00 00 …  |................| — zeros  [0x8058+0x20]
        Volume set size: 1  [0x8078+0x4]
        Volume sequence number: 1  [0x807c+0x4]
        Logical block size: 2048  [0x8080+0x4]
        Path table size: 112 — 112 bytes  [0x8084+0x8]
        L path table location: 22  [0x808c+0x4]
        Optional L path table location: 0  [0x8090+0x4]
        M path table location: 24  [0x8094+0x4]
        Optional M path table location: 0  [0x8098+0x4]
      ▾ Root directory record  [0x809c+0x22]
          Record length: 34  [0x809c+0x1]
          Extended attribute length: 0  [0x809d+0x1]
          Extent location: 30  [0x809e+0x8]
          Data length: 2048 — 2 KiB  [0x80a6+0x8]
          Recording time: 2026-10-10 00:39:24 UTC  [0x80ae+0x7]
          File flags: 0x2 [DIRECTORY]  [0x80b5+0x1]
          File unit size: 0  [0x80b6+0x1]
          Interleave gap: 0  [0x80b7+0x1]
          Volume sequence number: 1  [0x80b8+0x4]
          Name length: 1  [0x80bc+0x1]
          Name: "\\0 (this directory)"  [0x80bd+0x1]
        Volume set identifier: ""  [0x80be+0x80]
        Publisher identifier: "fillyfoal"  [0x813e+0x80]
        Data preparer identifier: "fillyfoal"  [0x81be+0x80]
        Application identifier: "fillyfoal"  [0x823e+0x80]
        Copyright file: ""  [0x82be+0x25]
        Abstract file: ""  [0x82e3+0x25]
        Bibliographic file: ""  [0x8308+0x25]
        Creation time: "2026-10-10 00:39:24.00 UTC+0:00"  [0x832d+0x11]
        Modification time: "2026-10-10 00:39:24.00 UTC+0:00"  [0x833e+0x11]
        Expiration time: "not set"  [0x834f+0x11]
        Effective time: "2026-10-10 00:39:24.00 UTC+0:00"  [0x8360+0x11]
        File structure version: 1  [0x8371+0x1]
        Reserved: 00  |.| — zeros  [0x8372+0x1]
        Application use: 20 20 20 20 20 20 20 20 20 20 20 20 20 20 20 20 …  |                |  [0x8373+0x200]
        Reserved: 00 00 00 00 00 00 00 00 00 00 00 00 00 00 00 00 …  |................| — zeros  [0x8573+0x28d]
    ▾ Boot record — EL TORITO SPECIFICATION  [0x8800+0x800]
        Type: boot record (0x0)  [0x8800+0x1]
        Identifier: "CD001"  [0x8801+0x5]
        Version: 1  [0x8806+0x1]
        Boot system identifier: "EL TORITO SPECIFICATION"  [0x8807+0x20]
        Boot identifier: ""  [0x8827+0x20]
        Boot catalog sector: 53  [0x8847+0x4]
        Boot system use: 00 00 00 00 00 00 00 00 00 00 00 00 00 00 00 00 …  |................| — zeros  [0x884b+0x7b5]
    ▾ Enhanced volume descriptor — ISO 9660:1999, "FILLYFOAL"  [0x9000+0x800]
        Type: supplementary volume descriptor (0x2)  [0x9000+0x1]
        Identifier: "CD001"  [0x9001+0x5]
        Version: 2 — enhanced volume descriptor (ISO 9660:1999)  [0x9006+0x1]
        Volume flags: 0x0 []  [0x9007+0x1]
        System identifier: "LINUX"  [0x9008+0x20]
        Volume identifier: "FILLYFOAL"  [0x9028+0x20]
        Unused: 00 00 00 00 00 00 00 00  |........| — zeros  [0x9048+0x8]
        Volume space size: 926  [0x9050+0x8]
        Escape sequences: 00 00 00 00 00 00 00 00 00 00 00 00 00 00 00 00 …  |................|  [0x9058+0x20]
        Volume set size: 1  [0x9078+0x4]
        Volume sequence number: 1  [0x907c+0x4]
        Logical block size: 2048  [0x9080+0x4]
        Path table size: 112 — 112 bytes  [0x9084+0x8]
        L path table location: 22  [0x908c+0x4]
        Optional L path table location: 0  [0x9090+0x4]
        M path table location: 24  [0x9094+0x4]
        Optional M path table location: 0  [0x9098+0x4]
      ▾ Root directory record  [0x909c+0x22]
          Record length: 34  [0x909c+0x1]
          Extended attribute length: 0  [0x909d+0x1]
          Extent location: 30  [0x909e+0x8]
          Data length: 2048 — 2 KiB  [0x90a6+0x8]
          Recording time: 2026-10-10 00:39:24 UTC  [0x90ae+0x7]
          File flags: 0x2 [DIRECTORY]  [0x90b5+0x1]
          File unit size: 0  [0x90b6+0x1]
          Interleave gap: 0  [0x90b7+0x1]
          Volume sequence number: 1  [0x90b8+0x4]
          Name length: 1  [0x90bc+0x1]
          Name: "\\0 (this directory)"  [0x90bd+0x1]
        Volume set identifier: ""  [0x90be+0x80]
        Publisher identifier: "fillyfoal"  [0x913e+0x80]
        Data preparer identifier: "fillyfoal"  [0x91be+0x80]
        Application identifier: "fillyfoal"  [0x923e+0x80]
        Copyright file: ""  [0x92be+0x25]
        Abstract file: ""  [0x92e3+0x25]
        Bibliographic file: ""  [0x9308+0x25]
        Creation time: "2026-10-10 00:39:24.00 UTC+0:00"  [0x932d+0x11]
        Modification time: "2026-10-10 00:39:24.00 UTC+0:00"  [0x933e+0x11]
        Expiration time: "not set"  [0x934f+0x11]
        Effective time: "2026-10-10 00:39:24.00 UTC+0:00"  [0x9360+0x11]
        File structure version: 2  [0x9371+0x1]
        Reserved: 00  |.| — zeros  [0x9372+0x1]
        Application use: 20 20 20 20 20 20 20 20 20 20 20 20 20 20 20 20 …  |                |  [0x9373+0x200]
        Reserved: 00 00 00 00 00 00 00 00 00 00 00 00 00 00 00 00 …  |................| — zeros  [0x9573+0x28d]
    ▾ Supplementary volume descriptor — Joliet, "FILLYFOAL"  [0x9800+0x800]
        Type: supplementary volume descriptor (0x2)  [0x9800+0x1]
        Identifier: "CD001"  [0x9801+0x5]
        Version: 1  [0x9806+0x1]
        Volume flags: 0x0 []  [0x9807+0x1]
        System identifier: "LINUX"  [0x9808+0x20]
        Volume identifier: "FILLYFOAL"  [0x9828+0x20]
        Unused: 00 00 00 00 00 00 00 00  |........| — zeros  [0x9848+0x8]
        Volume space size: 926  [0x9850+0x8]
        Escape sequences: 25 2f 45 00 00 00 00 00 00 00 00 00 00 00 00 00 …  |%/E.............| — Joliet level 3 (UCS-2)  [0x9858+0x20]
        Volume set size: 1  [0x9878+0x4]
        Volume sequence number: 1  [0x987c+0x4]
        Logical block size: 2048  [0x9880+0x4]
        Path table size: 116 — 116 bytes  [0x9884+0x8]
        L path table location: 26  [0x988c+0x4]
        Optional L path table location: 0  [0x9890+0x4]
        M path table location: 28  [0x9894+0x4]
        Optional M path table location: 0  [0x9898+0x4]
      ▾ Root directory record  [0x989c+0x22]
          Record length: 34  [0x989c+0x1]
          Extended attribute length: 0  [0x989d+0x1]
          Extent location: 41  [0x989e+0x8]
          Data length: 2048 — 2 KiB  [0x98a6+0x8]
          Recording time: 2026-10-10 00:39:24 UTC  [0x98ae+0x7]
          File flags: 0x2 [DIRECTORY]  [0x98b5+0x1]
          File unit size: 0  [0x98b6+0x1]
          Interleave gap: 0  [0x98b7+0x1]
          Volume sequence number: 1  [0x98b8+0x4]
          Name length: 1  [0x98bc+0x1]
          Name: "\\0 (this directory)"  [0x98bd+0x1]
        Volume set identifier: ""  [0x98be+0x80]
        Publisher identifier: "fillyfoal"  [0x993e+0x80]
        Data preparer identifier: "fillyfoal"  [0x99be+0x80]
        Application identifier: "fillyfoal"  [0x9a3e+0x80]
        Copyright file: ""  [0x9abe+0x25]
        Abstract file: ""  [0x9ae3+0x25]
        Bibliographic file: ""  [0x9b08+0x25]
        Creation time: "2026-10-10 00:39:24.00 UTC+0:00"  [0x9b2d+0x11]
        Modification time: "2026-10-10 00:39:24.00 UTC+0:00"  [0x9b3e+0x11]
        Expiration time: "not set"  [0x9b4f+0x11]
        Effective time: "2026-10-10 00:39:24.00 UTC+0:00"  [0x9b60+0x11]
        File structure version: 1  [0x9b71+0x1]
        Reserved: 00  |.| — zeros  [0x9b72+0x1]
        Application use: 20 20 20 20 20 20 20 20 20 20 20 20 20 20 20 20 …  |                |  [0x9b73+0x200]
        Reserved: 00 00 00 00 00 00 00 00 00 00 00 00 00 00 00 00 …  |................| — zeros  [0x9d73+0x28d]
    ▾ Volume descriptor set terminator  [0xa000+0x800]
        Type: volume descriptor set terminator (0xff)  [0xa000+0x1]
        Identifier: "CD001"  [0xa001+0x5]
        Version: 1  [0xa006+0x1]
        Reserved: 00 00 00 00 00 00 00 00 00 00 00 00 00 00 00 00 …  |................| — zeros  [0xa007+0x7f9]
  ▾ Path table (L) — 11 directories  [0xb000+0x70]
    ▾ Directory 1: "(root)" — extent 30, parent 1  [0xb000+0xa]
        Name length: 1  [0xb000+0x1]
        Extended attribute length: 0  [0xb001+0x1]
        Extent location: 30  [0xb002+0x4]
        Parent directory number: 1  [0xb006+0x2]
        Name: "\0"  [0xb008+0x1]
        Padding: 0  [0xb009+0x1]
    ▾ Directory 2: "deep" — extent 31, parent 1  [0xb00a+0xc]
        Name length: 4  [0xb00a+0x1]
        Extended attribute length: 0  [0xb00b+0x1]
        Extent location: 31  [0xb00c+0x4]
        Parent directory number: 1  [0xb010+0x2]
        Name: "deep"  [0xb012+0x4]
    ▾ Directory 3: "a" — extent 32, parent 2  [0xb016+0xa]
        Name length: 1  [0xb016+0x1]
        Extended attribute length: 0  [0xb017+0x1]
        Extent location: 32  [0xb018+0x4]
        Parent directory number: 2  [0xb01c+0x2]
        Name: "a"  [0xb01e+0x1]
        Padding: 0  [0xb01f+0x1]
    ▾ Directory 4: "b" — extent 33, parent 3  [0xb020+0xa]
        Name length: 1  [0xb020+0x1]
        Extended attribute length: 0  [0xb021+0x1]
        Extent location: 33  [0xb022+0x4]
        Parent directory number: 3  [0xb026+0x2]
        Name: "b"  [0xb028+0x1]
        Padding: 0  [0xb029+0x1]
    ▾ Directory 5: "c" — extent 34, parent 4  [0xb02a+0xa]
        Name length: 1  [0xb02a+0x1]
        Extended attribute length: 0  [0xb02b+0x1]
        Extent location: 34  [0xb02c+0x4]
        Parent directory number: 4  [0xb030+0x2]
        Name: "c"  [0xb032+0x1]
        Padding: 0  [0xb033+0x1]
    ▾ Directory 6: "d" — extent 35, parent 5  [0xb034+0xa]
        Name length: 1  [0xb034+0x1]
        Extended attribute length: 0  [0xb035+0x1]
        Extent location: 35  [0xb036+0x4]
        Parent directory number: 5  [0xb03a+0x2]
        Name: "d"  [0xb03c+0x1]
        Padding: 0  [0xb03d+0x1]
    ▾ Directory 7: "e" — extent 36, parent 6  [0xb03e+0xa]
        Name length: 1  [0xb03e+0x1]
        Extended attribute length: 0  [0xb03f+0x1]
        Extent location: 36  [0xb040+0x4]
        Parent directory number: 6  [0xb044+0x2]
        Name: "e"  [0xb046+0x1]
        Padding: 0  [0xb047+0x1]
    ▾ Directory 8: "f" — extent 37, parent 7  [0xb048+0xa]
        Name length: 1  [0xb048+0x1]
        Extended attribute length: 0  [0xb049+0x1]
        Extent location: 37  [0xb04a+0x4]
        Parent directory number: 7  [0xb04e+0x2]
        Name: "f"  [0xb050+0x1]
        Padding: 0  [0xb051+0x1]
    ▾ Directory 9: "g" — extent 38, parent 8  [0xb052+0xa]
        Name length: 1  [0xb052+0x1]
        Extended attribute length: 0  [0xb053+0x1]
        Extent location: 38  [0xb054+0x4]
        Parent directory number: 8  [0xb058+0x2]
        Name: "g"  [0xb05a+0x1]
        Padding: 0  [0xb05b+0x1]
    ▾ Directory 10: "h" — extent 39, parent 9  [0xb05c+0xa]
        Name length: 1  [0xb05c+0x1]
        Extended attribute length: 0  [0xb05d+0x1]
        Extent location: 39  [0xb05e+0x4]
        Parent directory number: 9  [0xb062+0x2]
        Name: "h"  [0xb064+0x1]
        Padding: 0  [0xb065+0x1]
    ▾ Directory 11: "i" — extent 40, parent 10  [0xb066+0xa]
        Name length: 1  [0xb066+0x1]
        Extended attribute length: 0  [0xb067+0x1]
        Extent location: 40  [0xb068+0x4]
        Parent directory number: 10  [0xb06c+0x2]
        Name: "i"  [0xb06e+0x1]
        Padding: 0  [0xb06f+0x1]
  ▾ Path table (M) — 11 directories  [0xc000+0x70]
    ▾ Directory 1: "(root)" — extent 30, parent 1  [0xc000+0xa]
        Name length: 1  [0xc000+0x1]
        Extended attribute length: 0  [0xc001+0x1]
        Extent location: 30  [0xc002+0x4]
        Parent directory number: 1  [0xc006+0x2]
        Name: "\0"  [0xc008+0x1]
        Padding: 0  [0xc009+0x1]
    ▾ Directory 2: "deep" — extent 31, parent 1  [0xc00a+0xc]
        Name length: 4  [0xc00a+0x1]
        Extended attribute length: 0  [0xc00b+0x1]
        Extent location: 31  [0xc00c+0x4]
        Parent directory number: 1  [0xc010+0x2]
        Name: "deep"  [0xc012+0x4]
    ▾ Directory 3: "a" — extent 32, parent 2  [0xc016+0xa]
        Name length: 1  [0xc016+0x1]
        Extended attribute length: 0  [0xc017+0x1]
        Extent location: 32  [0xc018+0x4]
        Parent directory number: 2  [0xc01c+0x2]
        Name: "a"  [0xc01e+0x1]
        Padding: 0  [0xc01f+0x1]
    ▾ Directory 4: "b" — extent 33, parent 3  [0xc020+0xa]
        Name length: 1  [0xc020+0x1]
        Extended attribute length: 0  [0xc021+0x1]
        Extent location: 33  [0xc022+0x4]
        Parent directory number: 3  [0xc026+0x2]
        Name: "b"  [0xc028+0x1]
        Padding: 0  [0xc029+0x1]
    ▾ Directory 5: "c" — extent 34, parent 4  [0xc02a+0xa]
        Name length: 1  [0xc02a+0x1]
        Extended attribute length: 0  [0xc02b+0x1]
        Extent location: 34  [0xc02c+0x4]
        Parent directory number: 4  [0xc030+0x2]
        Name: "c"  [0xc032+0x1]
        Padding: 0  [0xc033+0x1]
    ▾ Directory 6: "d" — extent 35, parent 5  [0xc034+0xa]
        Name length: 1  [0xc034+0x1]
        Extended attribute length: 0  [0xc035+0x1]
        Extent location: 35  [0xc036+0x4]
        Parent directory number: 5  [0xc03a+0x2]
        Name: "d"  [0xc03c+0x1]
        Padding: 0  [0xc03d+0x1]
    ▾ Directory 7: "e" — extent 36, parent 6  [0xc03e+0xa]
        Name length: 1  [0xc03e+0x1]
        Extended attribute length: 0  [0xc03f+0x1]
        Extent location: 36  [0xc040+0x4]
        Parent directory number: 6  [0xc044+0x2]
        Name: "e"  [0xc046+0x1]
        Padding: 0  [0xc047+0x1]
    ▾ Directory 8: "f" — extent 37, parent 7  [0xc048+0xa]
        Name length: 1  [0xc048+0x1]
        Extended attribute length: 0  [0xc049+0x1]
        Extent location: 37  [0xc04a+0x4]
        Parent directory number: 7  [0xc04e+0x2]
        Name: "f"  [0xc050+0x1]
        Padding: 0  [0xc051+0x1]
    ▾ Directory 9: "g" — extent 38, parent 8  [0xc052+0xa]
        Name length: 1  [0xc052+0x1]
        Extended attribute length: 0  [0xc053+0x1]
        Extent location: 38  [0xc054+0x4]
        Parent directory number: 8  [0xc058+0x2]
        Name: "g"  [0xc05a+0x1]
        Padding: 0  [0xc05b+0x1]
    ▾ Directory 10: "h" — extent 39, parent 9  [0xc05c+0xa]
        Name length: 1  [0xc05c+0x1]
        Extended attribute length: 0  [0xc05d+0x1]
        Extent location: 39  [0xc05e+0x4]
        Parent directory number: 9  [0xc062+0x2]
        Name: "h"  [0xc064+0x1]
        Padding: 0  [0xc065+0x1]
    ▾ Directory 11: "i" — extent 40, parent 10  [0xc066+0xa]
        Name length: 1  [0xc066+0x1]
        Extended attribute length: 0  [0xc067+0x1]
        Extent location: 40  [0xc068+0x4]
        Parent directory number: 10  [0xc06c+0x2]
        Name: "i"  [0xc06e+0x1]
        Padding: 0  [0xc06f+0x1]
  ▾ Root directory — 2 KiB  [0x809c+0x22]
    ▾ Directory record  [0x809c+0x22]
        Record length: 34  [0x809c+0x1]
        Extended attribute length: 0  [0x809d+0x1]
        Extent location: 30  [0x809e+0x8]
        Data length: 2048 — 2 KiB  [0x80a6+0x8]
        Recording time: 2026-10-10 00:39:24 UTC  [0x80ae+0x7]
        File flags: 0x2 [DIRECTORY]  [0x80b5+0x1]
        File unit size: 0  [0x80b6+0x1]
        Interleave gap: 0  [0x80b7+0x1]
        Volume sequence number: 1  [0x80b8+0x4]
        Name length: 1  [0x80bc+0x1]
        Name: "\\0 (this directory)"  [0x80bd+0x1]
    ▾ . (root) — System Use: SUSP indicator and extension references  [0xf000+0x88]
        Record length: 136  [0xf000+0x1]
        Extended attribute length: 0  [0xf001+0x1]
        Extent location: 30  [0xf002+0x8]
        Data length: 2048 — 2 KiB  [0xf00a+0x8]
        Recording time: 2026-10-10 00:39:24 UTC  [0xf012+0x7]
        File flags: 0x2 [DIRECTORY]  [0xf019+0x1]
        File unit size: 0  [0xf01a+0x1]
        Interleave gap: 0  [0xf01b+0x1]
        Volume sequence number: 1  [0xf01c+0x4]
        Name length: 1  [0xf020+0x1]
        Name: "\\0 (this directory)"  [0xf021+0x1]
      ▾ System use — SP RR PX TF CE  [0xf022+0x66]
        ▾ SP: SUSP indicator — SUSP in use, 0 bytes skipped in each System Use area  [0xf022+0x7]
            Signature: "SP"  [0xf022+0x2]
            Length: 7  [0xf024+0x1]
            Version: 1  [0xf025+0x1]
            Check bytes: be ef  |..|  [0xf026+0x2]
            Bytes skipped: 0  [0xf028+0x1]
        ▾ RR: Rock Ridge extensions in use  [0xf029+0x5]
            Signature: "RR"  [0xf029+0x2]
            Length: 5  [0xf02b+0x1]
            Version: 1  [0xf02c+0x1]
            Flags: 0x81 [PX | TF]  [0xf02d+0x1]
        ▾ PX: POSIX attributes: 16877 — drwxr-xr-x, 3 links, uid 0, gid 0  [0xf02e+0x24]
            Signature: "PX"  [0xf02e+0x2]
            Length: 36  [0xf030+0x1]
            Version: 1  [0xf031+0x1]
            Mode: 16877 — 0o40755 drwxr-xr-x  [0xf032+0x8]
            Links: 3  [0xf03a+0x8]
            User id: 0  [0xf042+0x8]
            Group id: 0  [0xf04a+0x8]
        ▾ TF: timestamps  [0xf052+0x1a]
            Signature: "TF"  [0xf052+0x2]
            Length: 26  [0xf054+0x1]
            Version: 1  [0xf055+0x1]
            Flags: 0xe [MODIFY | ACCESS | ATTRIBUTES]  [0xf056+0x1]
            Modified: 2026-10-10 00:39:24 UTC  [0xf057+0x7]
            Accessed: 2026-10-10 00:39:24 UTC  [0xf05e+0x7]
            Attributes changed: 2026-10-10 00:39:24 UTC  [0xf065+0x7]
        ▾ CE: continuation area — 237 bytes at block 52 + 0  [0xf06c+0x1c]
            Signature: "CE"  [0xf06c+0x2]
            Length: 28  [0xf06e+0x1]
            Version: 1  [0xf06f+0x1]
            Block: 52  [0xf070+0x8]
            Offset: 0  [0xf078+0x8]
            Length: 237  [0xf080+0x8]
        ▾ Continuation area — 237 bytes  [0x1a000+0xed]
          ▾ ER: extensions reference: "RRIP_1991A" — RRIP_1991A  [0x1a000+0xed]
              Signature: "ER"  [0x1a000+0x2]
              Length: 237  [0x1a002+0x1]
              Version: 1  [0x1a003+0x1]
              Identifier length: 10  [0x1a004+0x1]
              Descriptor length: 84  [0x1a005+0x1]
              Source length: 135  [0x1a006+0x1]
              Extension version: 1  [0x1a007+0x1]
              Identifier: "RRIP_1991A"  [0x1a008+0xa]
              Descriptor: "THE ROCK RIDGE INTERCHANGE PROTOCOL PROVIDES SUPPORT FOR POSIX FILE SYSTEM SEMANTICS"  [0x1a012+0x54]
              Source: "PLEASE CONTACT DISC PUBLISHER FOR SPECIFICATION SOURCE.  SEE PUBLISHER IDENTIFIER IN PRIMARY VOLUME DESCRIPTOR FOR CONTACT INFORMATION."  [0x1a066+0x87]
    ▾ boot.cat — 2 KiB, -r--r--r--  [0xf0ee+0x7a]
      ▾ Directory record  [0xf0ee+0x7a]
          Record length: 122  [0xf0ee+0x1]
          Extended attribute length: 0  [0xf0ef+0x1]
          Extent location: 53  [0xf0f0+0x8]
          Data length: 2048 — 2 KiB  [0xf0f8+0x8]
          Recording time: 2026-10-10 00:39:24 UTC  [0xf100+0x7]
          File flags: 0x0 []  [0xf107+0x1]
          File unit size: 0  [0xf108+0x1]
          Interleave gap: 0  [0xf109+0x1]
          Volume sequence number: 1  [0xf10a+0x4]
          Name length: 8  [0xf10e+0x1]
          Name: "boot.cat"  [0xf10f+0x8]
          Padding: 0  [0xf117+0x1]
        ▾ System use — RR NM PX TF  [0xf118+0x50]
          ▾ RR: Rock Ridge extensions in use  [0xf118+0x5]
              Signature: "RR"  [0xf118+0x2]
              Length: 5  [0xf11a+0x1]
              Version: 1  [0xf11b+0x1]
              Flags: 0x89 [PX | NM | TF]  [0xf11c+0x1]
          ▾ NM: alternate name: "boot.cat"  [0xf11d+0xd]
              Signature: "NM"  [0xf11d+0x2]
              Length: 13  [0xf11f+0x1]
              Version: 1  [0xf120+0x1]
              Flags: 0x0 []  [0xf121+0x1]
              Name: "boot.cat"  [0xf122+0x8]
          ▾ PX: POSIX attributes: 33060 — -r--r--r--, 1 link, uid 0, gid 0  [0xf12a+0x24]
              Signature: "PX"  [0xf12a+0x2]
              Length: 36  [0xf12c+0x1]
              Version: 1  [0xf12d+0x1]
              Mode: 33060 — 0o100444 -r--r--r--  [0xf12e+0x8]
              Links: 1  [0xf136+0x8]
              User id: 0  [0xf13e+0x8]
              Group id: 0  [0xf146+0x8]
          ▾ TF: timestamps  [0xf14e+0x1a]
              Signature: "TF"  [0xf14e+0x2]
              Length: 26  [0xf150+0x1]
              Version: 1  [0xf151+0x1]
              Flags: 0xe [MODIFY | ACCESS | ATTRIBUTES]  [0xf152+0x1]
              Modified: 2026-10-10 00:39:24 UTC  [0xf153+0x7]
              Accessed: 2026-10-10 00:39:24 UTC  [0xf15a+0x7]
              Attributes changed: 2026-10-10 00:39:24 UTC  [0xf161+0x7]
      ▾ Content — 2 KiB  [0x1a800+0x800]
          ! unsupported: unrecognized format [0x1a800+0x800]
    ▾ deep — directory, drwxr-xr-x  [0xf168+0x72]
      ▾ Directory record  [0xf168+0x72]
          Record length: 114  [0xf168+0x1]
          Extended attribute length: 0  [0xf169+0x1]
          Extent location: 31  [0xf16a+0x8]
          Data length: 2048 — 2 KiB  [0xf172+0x8]
          Recording time: 2026-10-10 00:39:24 UTC  [0xf17a+0x7]
          File flags: 0x2 [DIRECTORY]  [0xf181+0x1]
          File unit size: 0  [0xf182+0x1]
          Interleave gap: 0  [0xf183+0x1]
          Volume sequence number: 1  [0xf184+0x4]
          Name length: 4  [0xf188+0x1]
          Name: "deep"  [0xf189+0x4]
          Padding: 0  [0xf18d+0x1]
        ▾ System use — RR NM PX TF  [0xf18e+0x4c]
          ▾ RR: Rock Ridge extensions in use  [0xf18e+0x5]
              Signature: "RR"  [0xf18e+0x2]
              Length: 5  [0xf190+0x1]
              Version: 1  [0xf191+0x1]
              Flags: 0x89 [PX | NM | TF]  [0xf192+0x1]
          ▾ NM: alternate name: "deep"  [0xf193+0x9]
              Signature: "NM"  [0xf193+0x2]
              Length: 9  [0xf195+0x1]
              Version: 1  [0xf196+0x1]
              Flags: 0x0 []  [0xf197+0x1]
              Name: "deep"  [0xf198+0x4]
          ▾ PX: POSIX attributes: 16877 — drwxr-xr-x, 3 links, uid 0, gid 0  [0xf19c+0x24]
              Signature: "PX"  [0xf19c+0x2]
              Length: 36  [0xf19e+0x1]
              Version: 1  [0xf19f+0x1]
              Mode: 16877 — 0o40755 drwxr-xr-x  [0xf1a0+0x8]
              Links: 3  [0xf1a8+0x8]
              User id: 0  [0xf1b0+0x8]
              Group id: 0  [0xf1b8+0x8]
          ▾ TF: timestamps  [0xf1c0+0x1a]
              Signature: "TF"  [0xf1c0+0x2]
              Length: 26  [0xf1c2+0x1]
              Version: 1  [0xf1c3+0x1]
              Flags: 0xe [MODIFY | ACCESS | ATTRIBUTES]  [0xf1c4+0x1]
              Modified: 2026-10-10 00:39:24 UTC  [0xf1c5+0x7]
              Accessed: 2026-10-10 00:39:24 UTC  [0xf1cc+0x7]
              Attributes changed: 2026-10-10 00:39:24 UTC  [0xf1d3+0x7]
      ▾ a — directory, drwxr-xr-x  [0xf8cc+0x6c]
        ▾ Directory record  [0xf8cc+0x6c]
            Record length: 108  [0xf8cc+0x1]
            Extended attribute length: 0  [0xf8cd+0x1]
            Extent location: 32  [0xf8ce+0x8]
            Data length: 2048 — 2 KiB  [0xf8d6+0x8]
            Recording time: 2026-10-10 00:39:24 UTC  [0xf8de+0x7]
            File flags: 0x2 [DIRECTORY]  [0xf8e5+0x1]
            File unit size: 0  [0xf8e6+0x1]
            Interleave gap: 0  [0xf8e7+0x1]
            Volume sequence number: 1  [0xf8e8+0x4]
            Name length: 1  [0xf8ec+0x1]
            Name: "a"  [0xf8ed+0x1]
          ▾ System use — RR NM PX TF  [0xf8ee+0x4a]
            ▾ RR: Rock Ridge extensions in use  [0xf8ee+0x5]
                Signature: "RR"  [0xf8ee+0x2]
                Length: 5  [0xf8f0+0x1]
                Version: 1  [0xf8f1+0x1]
                Flags: 0x89 [PX | NM | TF]  [0xf8f2+0x1]
            ▾ NM: alternate name: "a"  [0xf8f3+0x6]
                Signature: "NM"  [0xf8f3+0x2]
                Length: 6  [0xf8f5+0x1]
                Version: 1  [0xf8f6+0x1]
                Flags: 0x0 []  [0xf8f7+0x1]
                Name: "a"  [0xf8f8+0x1]
            ▾ PX: POSIX attributes: 16877 — drwxr-xr-x, 3 links, uid 0, gid 0  [0xf8f9+0x24]
                Signature: "PX"  [0xf8f9+0x2]
                Length: 36  [0xf8fb+0x1]
                Version: 1  [0xf8fc+0x1]
                Mode: 16877 — 0o40755 drwxr-xr-x  [0xf8fd+0x8]
                Links: 3  [0xf905+0x8]
                User id: 0  [0xf90d+0x8]
                Group id: 0  [0xf915+0x8]
            ▾ TF: timestamps  [0xf91d+0x1a]
                Signature: "TF"  [0xf91d+0x2]
                Length: 26  [0xf91f+0x1]
                Version: 1  [0xf920+0x1]
                Flags: 0xe [MODIFY | ACCESS | ATTRIBUTES]  [0xf921+0x1]
                Modified: 2026-10-10 00:39:24 UTC  [0xf922+0x7]
                Accessed: 2026-10-10 00:39:24 UTC  [0xf929+0x7]
                Attributes changed: 2026-10-10 00:39:24 UTC  [0xf930+0x7]
        ▾ b — directory, drwxr-xr-x  [0x100cc+0x6c]
          ▾ Directory record  [0x100cc+0x6c]
              Record length: 108  [0x100cc+0x1]
              Extended attribute length: 0  [0x100cd+0x1]
              Extent location: 33  [0x100ce+0x8]
              Data length: 2048 — 2 KiB  [0x100d6+0x8]
              Recording time: 2026-10-10 00:39:24 UTC  [0x100de+0x7]
              File flags: 0x2 [DIRECTORY]  [0x100e5+0x1]
              File unit size: 0  [0x100e6+0x1]
              Interleave gap: 0  [0x100e7+0x1]
              Volume sequence number: 1  [0x100e8+0x4]
              Name length: 1  [0x100ec+0x1]
              Name: "b"  [0x100ed+0x1]
            ▾ System use — RR NM PX TF  [0x100ee+0x4a]
              ▾ RR: Rock Ridge extensions in use  [0x100ee+0x5]
                  Signature: "RR"  [0x100ee+0x2]
                  Length: 5  [0x100f0+0x1]
                  Version: 1  [0x100f1+0x1]
                  Flags: 0x89 [PX | NM | TF]  [0x100f2+0x1]
              ▾ NM: alternate name: "b"  [0x100f3+0x6]
                  Signature: "NM"  [0x100f3+0x2]
                  Length: 6  [0x100f5+0x1]
                  Version: 1  [0x100f6+0x1]
                  Flags: 0x0 []  [0x100f7+0x1]
                  Name: "b"  [0x100f8+0x1]
              ▾ PX: POSIX attributes: 16877 — drwxr-xr-x, 3 links, uid 0, gid 0  [0x100f9+0x24]
                  Signature: "PX"  [0x100f9+0x2]
                  Length: 36  [0x100fb+0x1]
                  Version: 1  [0x100fc+0x1]
                  Mode: 16877 — 0o40755 drwxr-xr-x  [0x100fd+0x8]
                  Links: 3  [0x10105+0x8]
                  User id: 0  [0x1010d+0x8]
                  Group id: 0  [0x10115+0x8]
              ▾ TF: timestamps  [0x1011d+0x1a]
                  Signature: "TF"  [0x1011d+0x2]
                  Length: 26  [0x1011f+0x1]
                  Version: 1  [0x10120+0x1]
                  Flags: 0xe [MODIFY | ACCESS | ATTRIBUTES]  [0x10121+0x1]
                  Modified: 2026-10-10 00:39:24 UTC  [0x10122+0x7]
                  Accessed: 2026-10-10 00:39:24 UTC  [0x10129+0x7]
                  Attributes changed: 2026-10-10 00:39:24 UTC  [0x10130+0x7]
          ▾ c — directory, drwxr-xr-x  [0x108cc+0x6c]
            ▾ Directory record  [0x108cc+0x6c]
                Record length: 108  [0x108cc+0x1]
                Extended attribute length: 0  [0x108cd+0x1]
                Extent location: 34  [0x108ce+0x8]
                Data length: 2048 — 2 KiB  [0x108d6+0x8]
                Recording time: 2026-10-10 00:39:24 UTC  [0x108de+0x7]
                File flags: 0x2 [DIRECTORY]  [0x108e5+0x1]
                File unit size: 0  [0x108e6+0x1]
                Interleave gap: 0  [0x108e7+0x1]
                Volume sequence number: 1  [0x108e8+0x4]
                Name length: 1  [0x108ec+0x1]
                Name: "c"  [0x108ed+0x1]
              ▾ System use — RR NM PX TF  [0x108ee+0x4a]
                ▾ RR: Rock Ridge extensions in use  [0x108ee+0x5]
                    Signature: "RR"  [0x108ee+0x2]
                    Length: 5  [0x108f0+0x1]
                    Version: 1  [0x108f1+0x1]
                    Flags: 0x89 [PX | NM | TF]  [0x108f2+0x1]
                ▾ NM: alternate name: "c"  [0x108f3+0x6]
                    Signature: "NM"  [0x108f3+0x2]
                    Length: 6  [0x108f5+0x1]
                    Version: 1  [0x108f6+0x1]
                    Flags: 0x0 []  [0x108f7+0x1]
                    Name: "c"  [0x108f8+0x1]
                ▾ PX: POSIX attributes: 16877 — drwxr-xr-x, 3 links, uid 0, gid 0  [0x108f9+0x24]
                    Signature: "PX"  [0x108f9+0x2]
                    Length: 36  [0x108fb+0x1]
                    Version: 1  [0x108fc+0x1]
                    Mode: 16877 — 0o40755 drwxr-xr-x  [0x108fd+0x8]
                    Links: 3  [0x10905+0x8]
                    User id: 0  [0x1090d+0x8]
                    Group id: 0  [0x10915+0x8]
                ▾ TF: timestamps  [0x1091d+0x1a]
                    Signature: "TF"  [0x1091d+0x2]
                    Length: 26  [0x1091f+0x1]
                    Version: 1  [0x10920+0x1]
                    Flags: 0xe [MODIFY | ACCESS | ATTRIBUTES]  [0x10921+0x1]
                    Modified: 2026-10-10 00:39:24 UTC  [0x10922+0x7]
                    Accessed: 2026-10-10 00:39:24 UTC  [0x10929+0x7]
                    Attributes changed: 2026-10-10 00:39:24 UTC  [0x10930+0x7]
            ▾ d — directory, drwxr-xr-x  [0x110cc+0x6c]
              ▾ Directory record  [0x110cc+0x6c]
                  Record length: 108  [0x110cc+0x1]
                  Extended attribute length: 0  [0x110cd+0x1]
                  Extent location: 35  [0x110ce+0x8]
                  Data length: 2048 — 2 KiB  [0x110d6+0x8]
                  Recording time: 2026-10-10 00:39:24 UTC  [0x110de+0x7]
                  File flags: 0x2 [DIRECTORY]  [0x110e5+0x1]
                  File unit size: 0  [0x110e6+0x1]
                  Interleave gap: 0  [0x110e7+0x1]
                  Volume sequence number: 1  [0x110e8+0x4]
                  Name length: 1  [0x110ec+0x1]
                  Name: "d"  [0x110ed+0x1]
                ▾ System use — RR NM PX TF  [0x110ee+0x4a]
                  ▾ RR: Rock Ridge extensions in use  [0x110ee+0x5]
                      Signature: "RR"  [0x110ee+0x2]
                      Length: 5  [0x110f0+0x1]
                      Version: 1  [0x110f1+0x1]
                      Flags: 0x89 [PX | NM | TF]  [0x110f2+0x1]
                  ▾ NM: alternate name: "d"  [0x110f3+0x6]
                      Signature: "NM"  [0x110f3+0x2]
                      Length: 6  [0x110f5+0x1]
                      Version: 1  [0x110f6+0x1]
                      Flags: 0x0 []  [0x110f7+0x1]
                      Name: "d"  [0x110f8+0x1]
                  ▾ PX: POSIX attributes: 16877 — drwxr-xr-x, 3 links, uid 0, gid 0  [0x110f9+0x24]
                      Signature: "PX"  [0x110f9+0x2]
                      Length: 36  [0x110fb+0x1]
                      Version: 1  [0x110fc+0x1]
                      Mode: 16877 — 0o40755 drwxr-xr-x  [0x110fd+0x8]
                      Links: 3  [0x11105+0x8]
                      User id: 0  [0x1110d+0x8]
                      Group id: 0  [0x11115+0x8]
                  ▾ TF: timestamps  [0x1111d+0x1a]
                      Signature: "TF"  [0x1111d+0x2]
                      Length: 26  [0x1111f+0x1]
                      Version: 1  [0x11120+0x1]
                      Flags: 0xe [MODIFY | ACCESS | ATTRIBUTES]  [0x11121+0x1]
                      Modified: 2026-10-10 00:39:24 UTC  [0x11122+0x7]
                      Accessed: 2026-10-10 00:39:24 UTC  [0x11129+0x7]
                      Attributes changed: 2026-10-10 00:39:24 UTC  [0x11130+0x7]
              ▾ e — directory, drwxr-xr-x  [0x118cc+0x6c]
                ▾ Directory record  [0x118cc+0x6c]
                    Record length: 108  [0x118cc+0x1]
                    Extended attribute length: 0  [0x118cd+0x1]
                    Extent location: 36  [0x118ce+0x8]
                    Data length: 2048 — 2 KiB  [0x118d6+0x8]
                    Recording time: 2026-10-10 00:39:24 UTC  [0x118de+0x7]
                    File flags: 0x2 [DIRECTORY]  [0x118e5+0x1]
                    File unit size: 0  [0x118e6+0x1]
                    Interleave gap: 0  [0x118e7+0x1]
                    Volume sequence number: 1  [0x118e8+0x4]
                    Name length: 1  [0x118ec+0x1]
                    Name: "e"  [0x118ed+0x1]
                  ▾ System use — RR NM PX TF  [0x118ee+0x4a]
                    ▾ RR: Rock Ridge extensions in use  [0x118ee+0x5]
                        Signature: "RR"  [0x118ee+0x2]
                        Length: 5  [0x118f0+0x1]
                        Version: 1  [0x118f1+0x1]
                        Flags: 0x89 [PX | NM | TF]  [0x118f2+0x1]
                    ▾ NM: alternate name: "e"  [0x118f3+0x6]
                        Signature: "NM"  [0x118f3+0x2]
                        Length: 6  [0x118f5+0x1]
                        Version: 1  [0x118f6+0x1]
                        Flags: 0x0 []  [0x118f7+0x1]
                        Name: "e"  [0x118f8+0x1]
                    ▾ PX: POSIX attributes: 16877 — drwxr-xr-x, 3 links, uid 0, gid 0  [0x118f9+0x24]
                        Signature: "PX"  [0x118f9+0x2]
                        Length: 36  [0x118fb+0x1]
                        Version: 1  [0x118fc+0x1]
                        Mode: 16877 — 0o40755 drwxr-xr-x  [0x118fd+0x8]
                        Links: 3  [0x11905+0x8]
                        User id: 0  [0x1190d+0x8]
                        Group id: 0  [0x11915+0x8]
                    ▾ TF: timestamps  [0x1191d+0x1a]
                        Signature: "TF"  [0x1191d+0x2]
                        Length: 26  [0x1191f+0x1]
                        Version: 1  [0x11920+0x1]
                        Flags: 0xe [MODIFY | ACCESS | ATTRIBUTES]  [0x11921+0x1]
                        Modified: 2026-10-10 00:39:24 UTC  [0x11922+0x7]
                        Accessed: 2026-10-10 00:39:24 UTC  [0x11929+0x7]
                        Attributes changed: 2026-10-10 00:39:24 UTC  [0x11930+0x7]
                ▾ f — directory, drwxr-xr-x  [0x120cc+0x6c]
                  ▾ Directory record  [0x120cc+0x6c]
                      Record length: 108  [0x120cc+0x1]
                      Extended attribute length: 0  [0x120cd+0x1]
                      Extent location: 37  [0x120ce+0x8]
                      Data length: 2048 — 2 KiB  [0x120d6+0x8]
                      Recording time: 2026-10-10 00:39:24 UTC  [0x120de+0x7]
                      File flags: 0x2 [DIRECTORY]  [0x120e5+0x1]
                      File unit size: 0  [0x120e6+0x1]
                      Interleave gap: 0  [0x120e7+0x1]
                      Volume sequence number: 1  [0x120e8+0x4]
                      Name length: 1  [0x120ec+0x1]
                      Name: "f"  [0x120ed+0x1]
                    ▾ System use — RR NM PX TF  [0x120ee+0x4a]
                      ▾ RR: Rock Ridge extensions in use  [0x120ee+0x5]
                          Signature: "RR"  [0x120ee+0x2]
                          Length: 5  [0x120f0+0x1]
                          Version: 1  [0x120f1+0x1]
                          Flags: 0x89 [PX | NM | TF]  [0x120f2+0x1]
                      ▾ NM: alternate name: "f"  [0x120f3+0x6]
                          Signature: "NM"  [0x120f3+0x2]
                          Length: 6  [0x120f5+0x1]
                          Version: 1  [0x120f6+0x1]
                          Flags: 0x0 []  [0x120f7+0x1]
                          Name: "f"  [0x120f8+0x1]
                      ▾ PX: POSIX attributes: 16877 — drwxr-xr-x, 3 links, uid 0, gid 0  [0x120f9+0x24]
                          Signature: "PX"  [0x120f9+0x2]
                          Length: 36  [0x120fb+0x1]
                          Version: 1  [0x120fc+0x1]
                          Mode: 16877 — 0o40755 drwxr-xr-x  [0x120fd+0x8]
                          Links: 3  [0x12105+0x8]
                          User id: 0  [0x1210d+0x8]
                          Group id: 0  [0x12115+0x8]
                      ▾ TF: timestamps  [0x1211d+0x1a]
                          Signature: "TF"  [0x1211d+0x2]
                          Length: 26  [0x1211f+0x1]
                          Version: 1  [0x12120+0x1]
                          Flags: 0xe [MODIFY | ACCESS | ATTRIBUTES]  [0x12121+0x1]
                          Modified: 2026-10-10 00:39:24 UTC  [0x12122+0x7]
                          Accessed: 2026-10-10 00:39:24 UTC  [0x12129+0x7]
                          Attributes changed: 2026-10-10 00:39:24 UTC  [0x12130+0x7]
                  ▾ g — directory, drwxr-xr-x  [0x128cc+0x6c]
                    ▾ Directory record  [0x128cc+0x6c]
                        Record length: 108  [0x128cc+0x1]
                        Extended attribute length: 0  [0x128cd+0x1]
                        Extent location: 38  [0x128ce+0x8]
                        Data length: 2048 — 2 KiB  [0x128d6+0x8]
                        Recording time: 2026-10-10 00:39:24 UTC  [0x128de+0x7]
                        File flags: 0x2 [DIRECTORY]  [0x128e5+0x1]
                        File unit size: 0  [0x128e6+0x1]
                        Interleave gap: 0  [0x128e7+0x1]
                        Volume sequence number: 1  [0x128e8+0x4]
                        Name length: 1  [0x128ec+0x1]
                        Name: "g"  [0x128ed+0x1]
                      ▾ System use — RR NM PX TF  [0x128ee+0x4a]
                        ▾ RR: Rock Ridge extensions in use  [0x128ee+0x5]
                            Signature: "RR"  [0x128ee+0x2]
                            Length: 5  [0x128f0+0x1]
                            Version: 1  [0x128f1+0x1]
                            Flags: 0x89 [PX | NM | TF]  [0x128f2+0x1]
                        ▾ NM: alternate name: "g"  [0x128f3+0x6]
                            Signature: "NM"  [0x128f3+0x2]
                            Length: 6  [0x128f5+0x1]
                            Version: 1  [0x128f6+0x1]
                            Flags: 0x0 []  [0x128f7+0x1]
                            Name: "g"  [0x128f8+0x1]
                        ▾ PX: POSIX attributes: 16877 — drwxr-xr-x, 3 links, uid 0, gid 0  [0x128f9+0x24]
                            Signature: "PX"  [0x128f9+0x2]
                            Length: 36  [0x128fb+0x1]
                            Version: 1  [0x128fc+0x1]
                            Mode: 16877 — 0o40755 drwxr-xr-x  [0x128fd+0x8]
                            Links: 3  [0x12905+0x8]
                            User id: 0  [0x1290d+0x8]
                            Group id: 0  [0x12915+0x8]
                        ▾ TF: timestamps  [0x1291d+0x1a]
                            Signature: "TF"  [0x1291d+0x2]
                            Length: 26  [0x1291f+0x1]
                            Version: 1  [0x12920+0x1]
                            Flags: 0xe [MODIFY | ACCESS | ATTRIBUTES]  [0x12921+0x1]
                            Modified: 2026-10-10 00:39:24 UTC  [0x12922+0x7]
                            Accessed: 2026-10-10 00:39:24 UTC  [0x12929+0x7]
                            Attributes changed: 2026-10-10 00:39:24 UTC  [0x12930+0x7]
                    ▾ h — directory, drwxr-xr-x  [0x130cc+0x6c]
                      ▾ Directory record  [0x130cc+0x6c]
                          Record length: 108  [0x130cc+0x1]
                          Extended attribute length: 0  [0x130cd+0x1]
                          Extent location: 39  [0x130ce+0x8]
                          Data length: 2048 — 2 KiB  [0x130d6+0x8]
                          Recording time: 2026-10-10 00:39:24 UTC  [0x130de+0x7]
                          File flags: 0x2 [DIRECTORY]  [0x130e5+0x1]
                          File unit size: 0  [0x130e6+0x1]
                          Interleave gap: 0  [0x130e7+0x1]
                          Volume sequence number: 1  [0x130e8+0x4]
                          Name length: 1  [0x130ec+0x1]
                          Name: "h"  [0x130ed+0x1]
                        ▾ System use — RR NM PX TF  [0x130ee+0x4a]
                          ▾ RR: Rock Ridge extensions in use  [0x130ee+0x5]
                              Signature: "RR"  [0x130ee+0x2]
                              Length: 5  [0x130f0+0x1]
                              Version: 1  [0x130f1+0x1]
                              Flags: 0x89 [PX | NM | TF]  [0x130f2+0x1]
                          ▾ NM: alternate name: "h"  [0x130f3+0x6]
                              Signature: "NM"  [0x130f3+0x2]
                              Length: 6  [0x130f5+0x1]
                              Version: 1  [0x130f6+0x1]
                              Flags: 0x0 []  [0x130f7+0x1]
                              Name: "h"  [0x130f8+0x1]
                          ▾ PX: POSIX attributes: 16877 — drwxr-xr-x, 3 links, uid 0, gid 0  [0x130f9+0x24]
                              Signature: "PX"  [0x130f9+0x2]
                              Length: 36  [0x130fb+0x1]
                              Version: 1  [0x130fc+0x1]
                              Mode: 16877 — 0o40755 drwxr-xr-x  [0x130fd+0x8]
                              Links: 3  [0x13105+0x8]
                              User id: 0  [0x1310d+0x8]
                              Group id: 0  [0x13115+0x8]
                          ▾ TF: timestamps  [0x1311d+0x1a]
                              Signature: "TF"  [0x1311d+0x2]
                              Length: 26  [0x1311f+0x1]
                              Version: 1  [0x13120+0x1]
                              Flags: 0xe [MODIFY | ACCESS | ATTRIBUTES]  [0x13121+0x1]
                              Modified: 2026-10-10 00:39:24 UTC  [0x13122+0x7]
                              Accessed: 2026-10-10 00:39:24 UTC  [0x13129+0x7]
                              Attributes changed: 2026-10-10 00:39:24 UTC  [0x13130+0x7]
                      ▾ i — directory, drwxr-xr-x  [0x138cc+0x6c]
                        ▾ Directory record  [0x138cc+0x6c]
                            Record length: 108  [0x138cc+0x1]
                            Extended attribute length: 0  [0x138cd+0x1]
                            Extent location: 40  [0x138ce+0x8]
                            Data length: 2048 — 2 KiB  [0x138d6+0x8]
                            Recording time: 2026-10-10 00:39:24 UTC  [0x138de+0x7]
                            File flags: 0x2 [DIRECTORY]  [0x138e5+0x1]
                            File unit size: 0  [0x138e6+0x1]
                            Interleave gap: 0  [0x138e7+0x1]
                            Volume sequence number: 1  [0x138e8+0x4]
                            Name length: 1  [0x138ec+0x1]
                            Name: "i"  [0x138ed+0x1]
                          ▾ System use — RR NM PX TF  [0x138ee+0x4a]
                            ▾ RR: Rock Ridge extensions in use  [0x138ee+0x5]
                                Signature: "RR"  [0x138ee+0x2]
                                Length: 5  [0x138f0+0x1]
                                Version: 1  [0x138f1+0x1]
                                Flags: 0x89 [PX | NM | TF]  [0x138f2+0x1]
                            ▾ NM: alternate name: "i"  [0x138f3+0x6]
                                Signature: "NM"  [0x138f3+0x2]
                                Length: 6  [0x138f5+0x1]
                                Version: 1  [0x138f6+0x1]
                                Flags: 0x0 []  [0x138f7+0x1]
                                Name: "i"  [0x138f8+0x1]
                            ▾ PX: POSIX attributes: 16877 — drwxr-xr-x, 2 links, uid 0, gid 0  [0x138f9+0x24]
                                Signature: "PX"  [0x138f9+0x2]
                                Length: 36  [0x138fb+0x1]
                                Version: 1  [0x138fc+0x1]
                                Mode: 16877 — 0o40755 drwxr-xr-x  [0x138fd+0x8]
                                Links: 2  [0x13905+0x8]
                                User id: 0  [0x1390d+0x8]
                                Group id: 0  [0x13915+0x8]
                            ▾ TF: timestamps  [0x1391d+0x1a]
                                Signature: "TF"  [0x1391d+0x2]
                                Length: 26  [0x1391f+0x1]
                                Version: 1  [0x13920+0x1]
                                Flags: 0xe [MODIFY | ACCESS | ATTRIBUTES]  [0x13921+0x1]
                                Modified: 2026-10-10 00:39:24 UTC  [0x13922+0x7]
                                Accessed: 2026-10-10 00:39:24 UTC  [0x13929+0x7]
                                Attributes changed: 2026-10-10 00:39:24 UTC  [0x13930+0x7]
                        ▾ leaf.txt — 5 bytes, -rw-r--r--  [0x140cc+0x7a]
                          ▾ Directory record  [0x140cc+0x7a]
                              Record length: 122  [0x140cc+0x1]
                              Extended attribute length: 0  [0x140cd+0x1]
                              Extent location: 775  [0x140ce+0x8]
                              Data length: 5 — 5 bytes  [0x140d6+0x8]
                              Recording time: 2026-10-10 00:39:24 UTC  [0x140de+0x7]
                              File flags: 0x0 []  [0x140e5+0x1]
                              File unit size: 0  [0x140e6+0x1]
                              Interleave gap: 0  [0x140e7+0x1]
                              Volume sequence number: 1  [0x140e8+0x4]
                              Name length: 8  [0x140ec+0x1]
                              Name: "leaf.txt"  [0x140ed+0x8]
                              Padding: 0  [0x140f5+0x1]
                            ▾ System use — RR NM PX TF  [0x140f6+0x50]
                              ▾ RR: Rock Ridge extensions in use  [0x140f6+0x5]
                                  Signature: "RR"  [0x140f6+0x2]
                                  Length: 5  [0x140f8+0x1]
                                  Version: 1  [0x140f9+0x1]
                                  Flags: 0x89 [PX | NM | TF]  [0x140fa+0x1]
                              ▾ NM: alternate name: "leaf.txt"  [0x140fb+0xd]
                                  Signature: "NM"  [0x140fb+0x2]
                                  Length: 13  [0x140fd+0x1]
                                  Version: 1  [0x140fe+0x1]
                                  Flags: 0x0 []  [0x140ff+0x1]
                                  Name: "leaf.txt"  [0x14100+0x8]
                              ▾ PX: POSIX attributes: 33188 — -rw-r--r--, 1 link, uid 0, gid 0  [0x14108+0x24]
                                  Signature: "PX"  [0x14108+0x2]
                                  Length: 36  [0x1410a+0x1]
                                  Version: 1  [0x1410b+0x1]
                                  Mode: 33188 — 0o100644 -rw-r--r--  [0x1410c+0x8]
                                  Links: 1  [0x14114+0x8]
                                  User id: 0  [0x1411c+0x8]
                                  Group id: 0  [0x14124+0x8]
                              ▾ TF: timestamps  [0x1412c+0x1a]
                                  Signature: "TF"  [0x1412c+0x2]
                                  Length: 26  [0x1412e+0x1]
                                  Version: 1  [0x1412f+0x1]
                                  Flags: 0xe [MODIFY | ACCESS | ATTRIBUTES]  [0x14130+0x1]
                                  Modified: 2026-10-10 00:39:24 UTC  [0x14131+0x7]
                                  Accessed: 2026-10-10 00:39:24 UTC  [0x14138+0x7]
                                  Attributes changed: 2026-10-10 00:39:24 UTC  [0x1413f+0x7]
                          ▾ Content — UTF-8 text, LF line endings, 1 line  [0x183800+0x5]
                              Encoding: "UTF-8"
                              Line endings: "LF" — 1 LF, 0 CRLF, 0 CR
                            ▾ Lines — 1 line  [0x183800+0x5]
                                Line 1: "deep"  [0x183800+0x4]
                          Directory extent — 2 KiB, 3 records (with . and ..), the rest padding  [0x14000+0x800]
                        Directory extent — 2 KiB, 3 records (with . and ..), the rest padding  [0x13800+0x800]
                      Directory extent — 2 KiB, 3 records (with . and ..), the rest padding  [0x13000+0x800]
                    Directory extent — 2 KiB, 3 records (with . and ..), the rest padding  [0x12800+0x800]
                  Directory extent — 2 KiB, 3 records (with . and ..), the rest padding  [0x12000+0x800]
                Directory extent — 2 KiB, 3 records (with . and ..), the rest padding  [0x11800+0x800]
              Directory extent — 2 KiB, 3 records (with . and ..), the rest padding  [0x11000+0x800]
            Directory extent — 2 KiB, 3 records (with . and ..), the rest padding  [0x10800+0x800]
          Directory extent — 2 KiB, 3 records (with . and ..), the rest padding  [0x10000+0x800]
        Directory extent — 2 KiB, 3 records (with . and ..), the rest padding  [0xf800+0x800]
    ▾ floppy.img — 1.4 MiB, -rw-r--r--  [0xf1da+0x7e]
      ▾ Directory record  [0xf1da+0x7e]
          Record length: 126  [0xf1da+0x1]
          Extended attribute length: 0  [0xf1db+0x1]
          Extent location: 54  [0xf1dc+0x8]
          Data length: 1474560 — 1.4 MiB  [0xf1e4+0x8]
          Recording time: 2026-10-10 00:39:24 UTC  [0xf1ec+0x7]
          File flags: 0x0 []  [0xf1f3+0x1]
          File unit size: 0  [0xf1f4+0x1]
          Interleave gap: 0  [0xf1f5+0x1]
          Volume sequence number: 1  [0xf1f6+0x4]
          Name length: 10  [0xf1fa+0x1]
          Name: "floppy.img"  [0xf1fb+0xa]
          Padding: 0  [0xf205+0x1]
        ▾ System use — RR NM PX TF  [0xf206+0x52]
          ▾ RR: Rock Ridge extensions in use  [0xf206+0x5]
              Signature: "RR"  [0xf206+0x2]
              Length: 5  [0xf208+0x1]
              Version: 1  [0xf209+0x1]
              Flags: 0x89 [PX | NM | TF]  [0xf20a+0x1]
          ▾ NM: alternate name: "floppy.img"  [0xf20b+0xf]
              Signature: "NM"  [0xf20b+0x2]
              Length: 15  [0xf20d+0x1]
              Version: 1  [0xf20e+0x1]
              Flags: 0x0 []  [0xf20f+0x1]
              Name: "floppy.img"  [0xf210+0xa]
          ▾ PX: POSIX attributes: 33188 — -rw-r--r--, 1 link, uid 0, gid 0  [0xf21a+0x24]
              Signature: "PX"  [0xf21a+0x2]
              Length: 36  [0xf21c+0x1]
              Version: 1  [0xf21d+0x1]
              Mode: 33188 — 0o100644 -rw-r--r--  [0xf21e+0x8]
              Links: 1  [0xf226+0x8]
              User id: 0  [0xf22e+0x8]
              Group id: 0  [0xf236+0x8]
          ▾ TF: timestamps  [0xf23e+0x1a]
              Signature: "TF"  [0xf23e+0x2]
              Length: 26  [0xf240+0x1]
              Version: 1  [0xf241+0x1]
              Flags: 0xe [MODIFY | ACCESS | ATTRIBUTES]  [0xf242+0x1]
              Modified: 2026-10-10 00:39:24 UTC  [0xf243+0x7]
              Accessed: 2026-10-10 00:39:24 UTC  [0xf24a+0x7]
              Attributes changed: 2026-10-10 00:39:24 UTC  [0xf251+0x7]
      ▾ Content — FAT12 filesystem "FLOPPY", 1.4 MiB, 2847 clusters of 512 bytes  [0x1b000+0x168000]
        ▾ Boot sector (BPB) — OEM "mkfs.fat"  [0x1b000+0x200]
            Jump instruction: eb 3c 90  |.<.|  [0x1b000+0x3]
            OEM name: "mkfs.fat"  [0x1b003+0x8]
            Bytes per sector: 512  [0x1b00b+0x2]
            Sectors per cluster: 1  [0x1b00d+0x1]
            Reserved sectors: 1  [0x1b00e+0x2]
            Number of FATs: 2  [0x1b010+0x1]
            Root directory entries: 224  [0x1b011+0x2]
            Total sectors (16-bit): 2880  [0x1b013+0x2]
            Media descriptor: removable (1.44 MB floppy and others) (0xf0)  [0x1b015+0x1]
            Sectors per FAT (FAT12/16): 9  [0x1b016+0x2]
            Sectors per track: 18  [0x1b018+0x2]
            Heads: 2  [0x1b01a+0x2]
            Hidden sectors: 0  [0x1b01c+0x4]
            Total sectors (32-bit): 0  [0x1b020+0x4]
        ▾ Extended BPB  [0x1b024+0x1a]
            Drive number: 0x0  [0x1b024+0x1]
            Reserved: 0  [0x1b025+0x1]
            Extended boot signature: 0x29  [0x1b026+0x1]
            Volume serial number: 0xf10ff11  [0x1b027+0x4]
            Volume label: "FLOPPY     "  [0x1b02b+0xb]
            Filesystem type: "FAT12   "  [0x1b036+0x8]
          Boot code — 448 bytes  [0x1b03e+0x1c0]
          Boot signature: 0xaa55  [0x1b1fe+0x2]
        ▾ FAT 1 — FAT12 entries  [0x1b200+0x1200]
            Entry 0: 0xff0 — the media descriptor, padded with ones  [0x1b200+0x2]
            Entry 1: 0xfff — end of chain marker  [0x1b201+0x2]
            Clusters 2–2848: 0 — free  [0x1b203+0x10af]
            Unused — entries beyond the last cluster  [0x1c2b2+0x14e]
          FAT 2 — copy  [0x1c400+0x1200]
        ▾ Root directory  [0x1d600+0x1c00]
            Volume label: "FLOPPY"  [0x1d600+0x20]
            Unused entries — 223 free slots (end of directory)  [0x1d620+0x1be0]
          Data region — 1.4 MiB  [0x1f200+0x163e00]
        ▾ Free clusters — from the FAT
            Clusters 2–2848 — free, 1.4 MiB  [0x1f200+0x163e00]
    ▾ hello.txt — 21 bytes, -rw-r--r--  [0xf258+0x7c]
      ▾ Directory record  [0xf258+0x7c]
          Record length: 124  [0xf258+0x1]
          Extended attribute length: 0  [0xf259+0x1]
          Extent location: 774  [0xf25a+0x8]
          Data length: 21 — 21 bytes  [0xf262+0x8]
          Recording time: 2026-10-10 00:39:24 UTC  [0xf26a+0x7]
          File flags: 0x0 []  [0xf271+0x1]
          File unit size: 0  [0xf272+0x1]
          Interleave gap: 0  [0xf273+0x1]
          Volume sequence number: 1  [0xf274+0x4]
          Name length: 9  [0xf278+0x1]
          Name: "hello.txt"  [0xf279+0x9]
        ▾ System use — RR NM PX TF  [0xf282+0x52]
          ▾ RR: Rock Ridge extensions in use  [0xf282+0x5]
              Signature: "RR"  [0xf282+0x2]
              Length: 5  [0xf284+0x1]
              Version: 1  [0xf285+0x1]
              Flags: 0x89 [PX | NM | TF]  [0xf286+0x1]
          ▾ NM: alternate name: "hello.txt"  [0xf287+0xe]
              Signature: "NM"  [0xf287+0x2]
              Length: 14  [0xf289+0x1]
              Version: 1  [0xf28a+0x1]
              Flags: 0x0 []  [0xf28b+0x1]
              Name: "hello.txt"  [0xf28c+0x9]
          ▾ PX: POSIX attributes: 33188 — -rw-r--r--, 1 link, uid 0, gid 0  [0xf295+0x24]
              Signature: "PX"  [0xf295+0x2]
              Length: 36  [0xf297+0x1]
              Version: 1  [0xf298+0x1]
              Mode: 33188 — 0o100644 -rw-r--r--  [0xf299+0x8]
              Links: 1  [0xf2a1+0x8]
              User id: 0  [0xf2a9+0x8]
              Group id: 0  [0xf2b1+0x8]
          ▾ TF: timestamps  [0xf2b9+0x1a]
              Signature: "TF"  [0xf2b9+0x2]
              Length: 26  [0xf2bb+0x1]
              Version: 1  [0xf2bc+0x1]
              Flags: 0xe [MODIFY | ACCESS | ATTRIBUTES]  [0xf2bd+0x1]
              Modified: 2026-10-10 00:39:24 UTC  [0xf2be+0x7]
              Accessed: 2026-10-10 00:39:24 UTC  [0xf2c5+0x7]
              Attributes changed: 2026-10-10 00:39:24 UTC  [0xf2cc+0x7]
      ▾ Content — UTF-8 text, LF line endings, 1 line  [0x183000+0x15]
          Encoding: "UTF-8"
          Line endings: "LF" — 1 LF, 0 CRLF, 0 CR
        ▾ Lines — 1 line  [0x183000+0x15]
            Line 1: "hello from fillyfoal"  [0x183000+0x14]
      Directory extent — 2 KiB, 6 records (with . and ..), the rest padding  [0xf000+0x800]
  ▾ Joliet path table (L) — 11 directories  [0xd000+0x74]
    ▾ Directory 1: "(root)" — extent 41, parent 1  [0xd000+0xa]
        Name length: 1  [0xd000+0x1]
        Extended attribute length: 0  [0xd001+0x1]
        Extent location: 41  [0xd002+0x4]
        Parent directory number: 1  [0xd006+0x2]
        Name: ""  [0xd008+0x1]
        Padding: 0  [0xd009+0x1]
    ▾ Directory 2: "deep" — extent 42, parent 1  [0xd00a+0x10]
        Name length: 8  [0xd00a+0x1]
        Extended attribute length: 0  [0xd00b+0x1]
        Extent location: 42  [0xd00c+0x4]
        Parent directory number: 1  [0xd010+0x2]
        Name: "deep"  [0xd012+0x8]
    ▾ Directory 3: "a" — extent 43, parent 2  [0xd01a+0xa]
        Name length: 2  [0xd01a+0x1]
        Extended attribute length: 0  [0xd01b+0x1]
        Extent location: 43  [0xd01c+0x4]
        Parent directory number: 2  [0xd020+0x2]
        Name: "a"  [0xd022+0x2]
    ▾ Directory 4: "b" — extent 44, parent 3  [0xd024+0xa]
        Name length: 2  [0xd024+0x1]
        Extended attribute length: 0  [0xd025+0x1]
        Extent location: 44  [0xd026+0x4]
        Parent directory number: 3  [0xd02a+0x2]
        Name: "b"  [0xd02c+0x2]
    ▾ Directory 5: "c" — extent 45, parent 4  [0xd02e+0xa]
        Name length: 2  [0xd02e+0x1]
        Extended attribute length: 0  [0xd02f+0x1]
        Extent location: 45  [0xd030+0x4]
        Parent directory number: 4  [0xd034+0x2]
        Name: "c"  [0xd036+0x2]
    ▾ Directory 6: "d" — extent 46, parent 5  [0xd038+0xa]
        Name length: 2  [0xd038+0x1]
        Extended attribute length: 0  [0xd039+0x1]
        Extent location: 46  [0xd03a+0x4]
        Parent directory number: 5  [0xd03e+0x2]
        Name: "d"  [0xd040+0x2]
    ▾ Directory 7: "e" — extent 47, parent 6  [0xd042+0xa]
        Name length: 2  [0xd042+0x1]
        Extended attribute length: 0  [0xd043+0x1]
        Extent location: 47  [0xd044+0x4]
        Parent directory number: 6  [0xd048+0x2]
        Name: "e"  [0xd04a+0x2]
    ▾ Directory 8: "f" — extent 48, parent 7  [0xd04c+0xa]
        Name length: 2  [0xd04c+0x1]
        Extended attribute length: 0  [0xd04d+0x1]
        Extent location: 48  [0xd04e+0x4]
        Parent directory number: 7  [0xd052+0x2]
        Name: "f"  [0xd054+0x2]
    ▾ Directory 9: "g" — extent 49, parent 8  [0xd056+0xa]
        Name length: 2  [0xd056+0x1]
        Extended attribute length: 0  [0xd057+0x1]
        Extent location: 49  [0xd058+0x4]
        Parent directory number: 8  [0xd05c+0x2]
        Name: "g"  [0xd05e+0x2]
    ▾ Directory 10: "h" — extent 50, parent 9  [0xd060+0xa]
        Name length: 2  [0xd060+0x1]
        Extended attribute length: 0  [0xd061+0x1]
        Extent location: 50  [0xd062+0x4]
        Parent directory number: 9  [0xd066+0x2]
        Name: "h"  [0xd068+0x2]
    ▾ Directory 11: "i" — extent 51, parent 10  [0xd06a+0xa]
        Name length: 2  [0xd06a+0x1]
        Extended attribute length: 0  [0xd06b+0x1]
        Extent location: 51  [0xd06c+0x4]
        Parent directory number: 10  [0xd070+0x2]
        Name: "i"  [0xd072+0x2]
  ▾ Joliet path table (M) — 11 directories  [0xe000+0x74]
    ▾ Directory 1: "(root)" — extent 41, parent 1  [0xe000+0xa]
        Name length: 1  [0xe000+0x1]
        Extended attribute length: 0  [0xe001+0x1]
        Extent location: 41  [0xe002+0x4]
        Parent directory number: 1  [0xe006+0x2]
        Name: ""  [0xe008+0x1]
        Padding: 0  [0xe009+0x1]
    ▾ Directory 2: "deep" — extent 42, parent 1  [0xe00a+0x10]
        Name length: 8  [0xe00a+0x1]
        Extended attribute length: 0  [0xe00b+0x1]
        Extent location: 42  [0xe00c+0x4]
        Parent directory number: 1  [0xe010+0x2]
        Name: "deep"  [0xe012+0x8]
    ▾ Directory 3: "a" — extent 43, parent 2  [0xe01a+0xa]
        Name length: 2  [0xe01a+0x1]
        Extended attribute length: 0  [0xe01b+0x1]
        Extent location: 43  [0xe01c+0x4]
        Parent directory number: 2  [0xe020+0x2]
        Name: "a"  [0xe022+0x2]
    ▾ Directory 4: "b" — extent 44, parent 3  [0xe024+0xa]
        Name length: 2  [0xe024+0x1]
        Extended attribute length: 0  [0xe025+0x1]
        Extent location: 44  [0xe026+0x4]
        Parent directory number: 3  [0xe02a+0x2]
        Name: "b"  [0xe02c+0x2]
    ▾ Directory 5: "c" — extent 45, parent 4  [0xe02e+0xa]
        Name length: 2  [0xe02e+0x1]
        Extended attribute length: 0  [0xe02f+0x1]
        Extent location: 45  [0xe030+0x4]
        Parent directory number: 4  [0xe034+0x2]
        Name: "c"  [0xe036+0x2]
    ▾ Directory 6: "d" — extent 46, parent 5  [0xe038+0xa]
        Name length: 2  [0xe038+0x1]
        Extended attribute length: 0  [0xe039+0x1]
        Extent location: 46  [0xe03a+0x4]
        Parent directory number: 5  [0xe03e+0x2]
        Name: "d"  [0xe040+0x2]
    ▾ Directory 7: "e" — extent 47, parent 6  [0xe042+0xa]
        Name length: 2  [0xe042+0x1]
        Extended attribute length: 0  [0xe043+0x1]
        Extent location: 47  [0xe044+0x4]
        Parent directory number: 6  [0xe048+0x2]
        Name: "e"  [0xe04a+0x2]
    ▾ Directory 8: "f" — extent 48, parent 7  [0xe04c+0xa]
        Name length: 2  [0xe04c+0x1]
        Extended attribute length: 0  [0xe04d+0x1]
        Extent location: 48  [0xe04e+0x4]
        Parent directory number: 7  [0xe052+0x2]
        Name: "f"  [0xe054+0x2]
    ▾ Directory 9: "g" — extent 49, parent 8  [0xe056+0xa]
        Name length: 2  [0xe056+0x1]
        Extended attribute length: 0  [0xe057+0x1]
        Extent location: 49  [0xe058+0x4]
        Parent directory number: 8  [0xe05c+0x2]
        Name: "g"  [0xe05e+0x2]
    ▾ Directory 10: "h" — extent 50, parent 9  [0xe060+0xa]
        Name length: 2  [0xe060+0x1]
        Extended attribute length: 0  [0xe061+0x1]
        Extent location: 50  [0xe062+0x4]
        Parent directory number: 9  [0xe066+0x2]
        Name: "h"  [0xe068+0x2]
    ▾ Directory 11: "i" — extent 51, parent 10  [0xe06a+0xa]
        Name length: 2  [0xe06a+0x1]
        Extended attribute length: 0  [0xe06b+0x1]
        Extent location: 51  [0xe06c+0x4]
        Parent directory number: 10  [0xe070+0x2]
        Name: "i"  [0xe072+0x2]
  ▾ Joliet root directory — 2 KiB  [0x989c+0x22]
    ▾ Directory record  [0x989c+0x22]
        Record length: 34  [0x989c+0x1]
        Extended attribute length: 0  [0x989d+0x1]
        Extent location: 41  [0x989e+0x8]
        Data length: 2048 — 2 KiB  [0x98a6+0x8]
        Recording time: 2026-10-10 00:39:24 UTC  [0x98ae+0x7]
        File flags: 0x2 [DIRECTORY]  [0x98b5+0x1]
        File unit size: 0  [0x98b6+0x1]
        Interleave gap: 0  [0x98b7+0x1]
        Volume sequence number: 1  [0x98b8+0x4]
        Name length: 1  [0x98bc+0x1]
        Name: "\\0 (this directory)"  [0x98bd+0x1]
    ▾ boot.cat — 2 KiB  [0x14844+0x32]
      ▾ Directory record  [0x14844+0x32]
          Record length: 50  [0x14844+0x1]
          Extended attribute length: 0  [0x14845+0x1]
          Extent location: 53  [0x14846+0x8]
          Data length: 2048 — 2 KiB  [0x1484e+0x8]
          Recording time: 2026-10-10 00:39:24 UTC  [0x14856+0x7]
          File flags: 0x0 []  [0x1485d+0x1]
          File unit size: 0  [0x1485e+0x1]
          Interleave gap: 0  [0x1485f+0x1]
          Volume sequence number: 1  [0x14860+0x4]
          Name length: 16  [0x14864+0x1]
          Name: "boot.cat"  [0x14865+0x10]
          Padding: 0  [0x14875+0x1]
      ▾ Content — 2 KiB  [0x1a800+0x800]
          ! unsupported: unrecognized format [0x1a800+0x800]
    ▾ deep — directory  [0x14876+0x2a]
      ▾ Directory record  [0x14876+0x2a]
          Record length: 42  [0x14876+0x1]
          Extended attribute length: 0  [0x14877+0x1]
          Extent location: 42  [0x14878+0x8]
          Data length: 2048 — 2 KiB  [0x14880+0x8]
          Recording time: 2026-10-10 00:39:24 UTC  [0x14888+0x7]
          File flags: 0x2 [DIRECTORY]  [0x1488f+0x1]
          File unit size: 0  [0x14890+0x1]
          Interleave gap: 0  [0x14891+0x1]
          Volume sequence number: 1  [0x14892+0x4]
          Name length: 8  [0x14896+0x1]
          Name: "deep"  [0x14897+0x8]
          Padding: 0  [0x1489f+0x1]
      ▾ a — directory  [0x15044+0x24]
        ▾ Directory record  [0x15044+0x24]
            Record length: 36  [0x15044+0x1]
            Extended attribute length: 0  [0x15045+0x1]
            Extent location: 43  [0x15046+0x8]
            Data length: 2048 — 2 KiB  [0x1504e+0x8]
            Recording time: 2026-10-10 00:39:24 UTC  [0x15056+0x7]
            File flags: 0x2 [DIRECTORY]  [0x1505d+0x1]
            File unit size: 0  [0x1505e+0x1]
            Interleave gap: 0  [0x1505f+0x1]
            Volume sequence number: 1  [0x15060+0x4]
            Name length: 2  [0x15064+0x1]
            Name: "a"  [0x15065+0x2]
            Padding: 0  [0x15067+0x1]
        ▾ b — directory  [0x15844+0x24]
          ▾ Directory record  [0x15844+0x24]
              Record length: 36  [0x15844+0x1]
              Extended attribute length: 0  [0x15845+0x1]
              Extent location: 44  [0x15846+0x8]
              Data length: 2048 — 2 KiB  [0x1584e+0x8]
              Recording time: 2026-10-10 00:39:24 UTC  [0x15856+0x7]
              File flags: 0x2 [DIRECTORY]  [0x1585d+0x1]
              File unit size: 0  [0x1585e+0x1]
              Interleave gap: 0  [0x1585f+0x1]
              Volume sequence number: 1  [0x15860+0x4]
              Name length: 2  [0x15864+0x1]
              Name: "b"  [0x15865+0x2]
              Padding: 0  [0x15867+0x1]
          ▾ c — directory  [0x16044+0x24]
            ▾ Directory record  [0x16044+0x24]
                Record length: 36  [0x16044+0x1]
                Extended attribute length: 0  [0x16045+0x1]
                Extent location: 45  [0x16046+0x8]
                Data length: 2048 — 2 KiB  [0x1604e+0x8]
                Recording time: 2026-10-10 00:39:24 UTC  [0x16056+0x7]
                File flags: 0x2 [DIRECTORY]  [0x1605d+0x1]
                File unit size: 0  [0x1605e+0x1]
                Interleave gap: 0  [0x1605f+0x1]
                Volume sequence number: 1  [0x16060+0x4]
                Name length: 2  [0x16064+0x1]
                Name: "c"  [0x16065+0x2]
                Padding: 0  [0x16067+0x1]
            ▾ d — directory  [0x16844+0x24]
              ▾ Directory record  [0x16844+0x24]
                  Record length: 36  [0x16844+0x1]
                  Extended attribute length: 0  [0x16845+0x1]
                  Extent location: 46  [0x16846+0x8]
                  Data length: 2048 — 2 KiB  [0x1684e+0x8]
                  Recording time: 2026-10-10 00:39:24 UTC  [0x16856+0x7]
                  File flags: 0x2 [DIRECTORY]  [0x1685d+0x1]
                  File unit size: 0  [0x1685e+0x1]
                  Interleave gap: 0  [0x1685f+0x1]
                  Volume sequence number: 1  [0x16860+0x4]
                  Name length: 2  [0x16864+0x1]
                  Name: "d"  [0x16865+0x2]
                  Padding: 0  [0x16867+0x1]
              ▾ e — directory  [0x17044+0x24]
                ▾ Directory record  [0x17044+0x24]
                    Record length: 36  [0x17044+0x1]
                    Extended attribute length: 0  [0x17045+0x1]
                    Extent location: 47  [0x17046+0x8]
                    Data length: 2048 — 2 KiB  [0x1704e+0x8]
                    Recording time: 2026-10-10 00:39:24 UTC  [0x17056+0x7]
                    File flags: 0x2 [DIRECTORY]  [0x1705d+0x1]
                    File unit size: 0  [0x1705e+0x1]
                    Interleave gap: 0  [0x1705f+0x1]
                    Volume sequence number: 1  [0x17060+0x4]
                    Name length: 2  [0x17064+0x1]
                    Name: "e"  [0x17065+0x2]
                    Padding: 0  [0x17067+0x1]
                ▾ f — directory  [0x17844+0x24]
                  ▾ Directory record  [0x17844+0x24]
                      Record length: 36  [0x17844+0x1]
                      Extended attribute length: 0  [0x17845+0x1]
                      Extent location: 48  [0x17846+0x8]
                      Data length: 2048 — 2 KiB  [0x1784e+0x8]
                      Recording time: 2026-10-10 00:39:24 UTC  [0x17856+0x7]
                      File flags: 0x2 [DIRECTORY]  [0x1785d+0x1]
                      File unit size: 0  [0x1785e+0x1]
                      Interleave gap: 0  [0x1785f+0x1]
                      Volume sequence number: 1  [0x17860+0x4]
                      Name length: 2  [0x17864+0x1]
                      Name: "f"  [0x17865+0x2]
                      Padding: 0  [0x17867+0x1]
                  ▾ g — directory  [0x18044+0x24]
                    ▾ Directory record  [0x18044+0x24]
                        Record length: 36  [0x18044+0x1]
                        Extended attribute length: 0  [0x18045+0x1]
                        Extent location: 49  [0x18046+0x8]
                        Data length: 2048 — 2 KiB  [0x1804e+0x8]
                        Recording time: 2026-10-10 00:39:24 UTC  [0x18056+0x7]
                        File flags: 0x2 [DIRECTORY]  [0x1805d+0x1]
                        File unit size: 0  [0x1805e+0x1]
                        Interleave gap: 0  [0x1805f+0x1]
                        Volume sequence number: 1  [0x18060+0x4]
                        Name length: 2  [0x18064+0x1]
                        Name: "g"  [0x18065+0x2]
                        Padding: 0  [0x18067+0x1]
                    ▾ h — directory  [0x18844+0x24]
                      ▾ Directory record  [0x18844+0x24]
                          Record length: 36  [0x18844+0x1]
                          Extended attribute length: 0  [0x18845+0x1]
                          Extent location: 50  [0x18846+0x8]
                          Data length: 2048 — 2 KiB  [0x1884e+0x8]
                          Recording time: 2026-10-10 00:39:24 UTC  [0x18856+0x7]
                          File flags: 0x2 [DIRECTORY]  [0x1885d+0x1]
                          File unit size: 0  [0x1885e+0x1]
                          Interleave gap: 0  [0x1885f+0x1]
                          Volume sequence number: 1  [0x18860+0x4]
                          Name length: 2  [0x18864+0x1]
                          Name: "h"  [0x18865+0x2]
                          Padding: 0  [0x18867+0x1]
                      ▾ i — directory  [0x19044+0x24]
                        ▾ Directory record  [0x19044+0x24]
                            Record length: 36  [0x19044+0x1]
                            Extended attribute length: 0  [0x19045+0x1]
                            Extent location: 51  [0x19046+0x8]
                            Data length: 2048 — 2 KiB  [0x1904e+0x8]
                            Recording time: 2026-10-10 00:39:24 UTC  [0x19056+0x7]
                            File flags: 0x2 [DIRECTORY]  [0x1905d+0x1]
                            File unit size: 0  [0x1905e+0x1]
                            Interleave gap: 0  [0x1905f+0x1]
                            Volume sequence number: 1  [0x19060+0x4]
                            Name length: 2  [0x19064+0x1]
                            Name: "i"  [0x19065+0x2]
                            Padding: 0  [0x19067+0x1]
                        ▾ leaf.txt — 5 bytes  [0x19844+0x32]
                          ▾ Directory record  [0x19844+0x32]
                              Record length: 50  [0x19844+0x1]
                              Extended attribute length: 0  [0x19845+0x1]
                              Extent location: 775  [0x19846+0x8]
                              Data length: 5 — 5 bytes  [0x1984e+0x8]
                              Recording time: 2026-10-10 00:39:24 UTC  [0x19856+0x7]
                              File flags: 0x0 []  [0x1985d+0x1]
                              File unit size: 0  [0x1985e+0x1]
                              Interleave gap: 0  [0x1985f+0x1]
                              Volume sequence number: 1  [0x19860+0x4]
                              Name length: 16  [0x19864+0x1]
                              Name: "leaf.txt"  [0x19865+0x10]
                              Padding: 0  [0x19875+0x1]
                          ▾ Content — UTF-8 text, LF line endings, 1 line  [0x183800+0x5]
                              Encoding: "UTF-8"
                              Line endings: "LF" — 1 LF, 0 CRLF, 0 CR
                            ▾ Lines — 1 line  [0x183800+0x5]
                                Line 1: "deep"  [0x183800+0x4]
                          Directory extent — 2 KiB, 3 records (with . and ..), the rest padding  [0x19800+0x800]
                        Directory extent — 2 KiB, 3 records (with . and ..), the rest padding  [0x19000+0x800]
                      Directory extent — 2 KiB, 3 records (with . and ..), the rest padding  [0x18800+0x800]
                    Directory extent — 2 KiB, 3 records (with . and ..), the rest padding  [0x18000+0x800]
                  Directory extent — 2 KiB, 3 records (with . and ..), the rest padding  [0x17800+0x800]
                Directory extent — 2 KiB, 3 records (with . and ..), the rest padding  [0x17000+0x800]
              Directory extent — 2 KiB, 3 records (with . and ..), the rest padding  [0x16800+0x800]
            Directory extent — 2 KiB, 3 records (with . and ..), the rest padding  [0x16000+0x800]
          Directory extent — 2 KiB, 3 records (with . and ..), the rest padding  [0x15800+0x800]
        Directory extent — 2 KiB, 3 records (with . and ..), the rest padding  [0x15000+0x800]
    ▾ floppy.img — 1.4 MiB  [0x148a0+0x36]
      ▾ Directory record  [0x148a0+0x36]
          Record length: 54  [0x148a0+0x1]
          Extended attribute length: 0  [0x148a1+0x1]
          Extent location: 54  [0x148a2+0x8]
          Data length: 1474560 — 1.4 MiB  [0x148aa+0x8]
          Recording time: 2026-10-10 00:39:24 UTC  [0x148b2+0x7]
          File flags: 0x0 []  [0x148b9+0x1]
          File unit size: 0  [0x148ba+0x1]
          Interleave gap: 0  [0x148bb+0x1]
          Volume sequence number: 1  [0x148bc+0x4]
          Name length: 20  [0x148c0+0x1]
          Name: "floppy.img"  [0x148c1+0x14]
          Padding: 0  [0x148d5+0x1]
      ▾ Content — FAT12 filesystem "FLOPPY", 1.4 MiB, 2847 clusters of 512 bytes  [0x1b000+0x168000]
        ▾ Boot sector (BPB) — OEM "mkfs.fat"  [0x1b000+0x200]
            Jump instruction: eb 3c 90  |.<.|  [0x1b000+0x3]
            OEM name: "mkfs.fat"  [0x1b003+0x8]
            Bytes per sector: 512  [0x1b00b+0x2]
            Sectors per cluster: 1  [0x1b00d+0x1]
            Reserved sectors: 1  [0x1b00e+0x2]
            Number of FATs: 2  [0x1b010+0x1]
            Root directory entries: 224  [0x1b011+0x2]
            Total sectors (16-bit): 2880  [0x1b013+0x2]
            Media descriptor: removable (1.44 MB floppy and others) (0xf0)  [0x1b015+0x1]
            Sectors per FAT (FAT12/16): 9  [0x1b016+0x2]
            Sectors per track: 18  [0x1b018+0x2]
            Heads: 2  [0x1b01a+0x2]
            Hidden sectors: 0  [0x1b01c+0x4]
            Total sectors (32-bit): 0  [0x1b020+0x4]
        ▾ Extended BPB  [0x1b024+0x1a]
            Drive number: 0x0  [0x1b024+0x1]
            Reserved: 0  [0x1b025+0x1]
            Extended boot signature: 0x29  [0x1b026+0x1]
            Volume serial number: 0xf10ff11  [0x1b027+0x4]
            Volume label: "FLOPPY     "  [0x1b02b+0xb]
            Filesystem type: "FAT12   "  [0x1b036+0x8]
          Boot code — 448 bytes  [0x1b03e+0x1c0]
          Boot signature: 0xaa55  [0x1b1fe+0x2]
        ▾ FAT 1 — FAT12 entries  [0x1b200+0x1200]
            Entry 0: 0xff0 — the media descriptor, padded with ones  [0x1b200+0x2]
            Entry 1: 0xfff — end of chain marker  [0x1b201+0x2]
            Clusters 2–2848: 0 — free  [0x1b203+0x10af]
            Unused — entries beyond the last cluster  [0x1c2b2+0x14e]
          FAT 2 — copy  [0x1c400+0x1200]
        ▾ Root directory  [0x1d600+0x1c00]
            Volume label: "FLOPPY"  [0x1d600+0x20]
            Unused entries — 223 free slots (end of directory)  [0x1d620+0x1be0]
          Data region — 1.4 MiB  [0x1f200+0x163e00]
        ▾ Free clusters — from the FAT
            Clusters 2–2848 — free, 1.4 MiB  [0x1f200+0x163e00]
    ▾ hello.txt — 21 bytes  [0x148d6+0x34]
      ▾ Directory record  [0x148d6+0x34]
          Record length: 52  [0x148d6+0x1]
          Extended attribute length: 0  [0x148d7+0x1]
          Extent location: 774  [0x148d8+0x8]
          Data length: 21 — 21 bytes  [0x148e0+0x8]
          Recording time: 2026-10-10 00:39:24 UTC  [0x148e8+0x7]
          File flags: 0x0 []  [0x148ef+0x1]
          File unit size: 0  [0x148f0+0x1]
          Interleave gap: 0  [0x148f1+0x1]
          Volume sequence number: 1  [0x148f2+0x4]
          Name length: 18  [0x148f6+0x1]
          Name: "hello.txt"  [0x148f7+0x12]
          Padding: 0  [0x14909+0x1]
      ▾ Content — UTF-8 text, LF line endings, 1 line  [0x183000+0x15]
          Encoding: "UTF-8"
          Line endings: "LF" — 1 LF, 0 CRLF, 0 CR
        ▾ Lines — 1 line  [0x183000+0x15]
            Line 1: "hello from fillyfoal"  [0x183000+0x14]
      Directory extent — 2 KiB, 6 records (with . and ..), the rest padding  [0x14800+0x800]
  ▾ Boot catalog  [0x1a800+0x800]
    ▾ Validation entry — x86, "fillyfoal"  [0x1a800+0x20]
        Header id: 0x1  [0x1a800+0x1]
        Platform: x86 (0x0)  [0x1a801+0x1]
        Reserved: 0  [0x1a802+0x2]
        Id string: "fillyfoal"  [0x1a804+0x18]
        Checksum: 0xb784  [0x1a81c+0x2]
        Key: 55 aa  |U.|  [0x1a81e+0x2]
    ▾ Default entry — bootable, 1.44 MB floppy, 1.4 MiB at sector 54  [0x1a820+0x20] → 0x1b000+0x168000
      ▾ Fields  [0x1a820+0x20]
          Boot indicator: 0x88 — bootable  [0x1a820+0x1]
          Media type: 1.44 MB floppy (0x2)  [0x1a821+0x1]
          Load segment: 0x0 — default (0x7C0)  [0x1a822+0x2]
          System type: 0x0  [0x1a824+0x1]
          Unused: 0  [0x1a825+0x1]
          Sector count: 1  [0x1a826+0x2]
          Load RBA: 54  [0x1a828+0x4]
          Selection criteria type: 0  [0x1a82c+0x1]
          Selection criteria: 00 00 00 00 00 00 00 00 00 00 00 00 00 00 00 00 …  |................|  [0x1a82d+0x13]
      ▾ Boot image — FAT12 filesystem "FLOPPY", 1.4 MiB, 2847 clusters of 512 bytes  [0x1b000+0x168000]
        ▾ Boot sector (BPB) — OEM "mkfs.fat"  [0x1b000+0x200]
            Jump instruction: eb 3c 90  |.<.|  [0x1b000+0x3]
            OEM name: "mkfs.fat"  [0x1b003+0x8]
            Bytes per sector: 512  [0x1b00b+0x2]
            Sectors per cluster: 1  [0x1b00d+0x1]
            Reserved sectors: 1  [0x1b00e+0x2]
            Number of FATs: 2  [0x1b010+0x1]
            Root directory entries: 224  [0x1b011+0x2]
            Total sectors (16-bit): 2880  [0x1b013+0x2]
            Media descriptor: removable (1.44 MB floppy and others) (0xf0)  [0x1b015+0x1]
            Sectors per FAT (FAT12/16): 9  [0x1b016+0x2]
            Sectors per track: 18  [0x1b018+0x2]
            Heads: 2  [0x1b01a+0x2]
            Hidden sectors: 0  [0x1b01c+0x4]
            Total sectors (32-bit): 0  [0x1b020+0x4]
        ▾ Extended BPB  [0x1b024+0x1a]
            Drive number: 0x0  [0x1b024+0x1]
            Reserved: 0  [0x1b025+0x1]
            Extended boot signature: 0x29  [0x1b026+0x1]
            Volume serial number: 0xf10ff11  [0x1b027+0x4]
            Volume label: "FLOPPY     "  [0x1b02b+0xb]
            Filesystem type: "FAT12   "  [0x1b036+0x8]
          Boot code — 448 bytes  [0x1b03e+0x1c0]
          Boot signature: 0xaa55  [0x1b1fe+0x2]
        ▾ FAT 1 — FAT12 entries  [0x1b200+0x1200]
            Entry 0: 0xff0 — the media descriptor, padded with ones  [0x1b200+0x2]
            Entry 1: 0xfff — end of chain marker  [0x1b201+0x2]
            Clusters 2–2848: 0 — free  [0x1b203+0x10af]
            Unused — entries beyond the last cluster  [0x1c2b2+0x14e]
          FAT 2 — copy  [0x1c400+0x1200]
        ▾ Root directory  [0x1d600+0x1c00]
            Volume label: "FLOPPY"  [0x1d600+0x20]
            Unused entries — 223 free slots (end of directory)  [0x1d620+0x1be0]
          Data region — 1.4 MiB  [0x1f200+0x163e00]
        ▾ Free clusters — from the FAT
            Clusters 2–2848 — free, 1.4 MiB  [0x1f200+0x163e00]
      Unused — 1.9 KiB  [0x1a840+0x7c0]
  ▾ Image layout — what each sector holds  [0x0+0x1cf000]
      System area — 32 KiB  [0x0+0x8000]
      Volume descriptors — 10 KiB  [0x8000+0x2800]
      Unused — 2 KiB, not referenced by any directory  [0xa800+0x800]
      Path table — 2 KiB  [0xb000+0x800]
      Unused — 2 KiB, not referenced by any directory  [0xb800+0x800]
      Path table — 2 KiB  [0xc000+0x800]
      Unused — 2 KiB, not referenced by any directory  [0xc800+0x800]
      Path table — 2 KiB  [0xd000+0x800]
      Unused — 2 KiB, not referenced by any directory  [0xd800+0x800]
      Path table — 2 KiB  [0xe000+0x800]
      Unused — 2 KiB, not referenced by any directory  [0xe800+0x800]
      Directory — 22 KiB  [0xf000+0x5800]
      Joliet directory — 22 KiB  [0x14800+0x5800]
      Continuation area — 237 bytes  [0x1a000+0xed]
      Unused — 1.8 KiB, not referenced by any directory  [0x1a0ed+0x713]
      Boot catalog — 2 KiB  [0x1a800+0x800]
      File data — 1.4 MiB  [0x1b000+0x168800]
      File data — 2 KiB  [0x183800+0x800]
      Unused — 300 KiB, not referenced by any directory  [0x184000+0x4b000]
