---
source: tests/formats.rs
expression: "common::explore(&display_name(&path), &data)"
---
▾ waves.fst — FST waveform, 3 block(s); fillyfoal fst writer, time 0–100 ×10^-9 s, 1 scope(s), 2 variable(s)  [0x0+0x1a0]
  ▾ HDR: 329  [0x0+0x14a]
      Start time: 0  [0x9+0x8]
      End time: 100  [0x11+0x8]
      Endianness test (e): 2.718281828459045  [0x19+0x8]
      Writer memory use: 1048576  [0x21+0x8]
      Scopes: 1  [0x29+0x8]
      Hierarchy variables: 2  [0x31+0x8]
      Variables: 2  [0x39+0x8]
      Value change sections: 1  [0x41+0x8]
      Timescale (10^n s): -9  [0x49+0x1]
      Writer version: "fillyfoal fst writer"  [0x4a+0x80]
      Date: "Fri May 17 10:30:00 2024"  [0xca+0x77]
      File type: Verilog (0x0)  [0x141+0x1]
      Time zero: 0  [0x142+0x8]
  ▾ HIER: 58  [0x14a+0x3b]
      Uncompressed length: 22  [0x153+0x8]
    ▾ Hierarchy (gzip) — gzip, 22 bytes uncompressed  [0x15b+0x2a]
      ▾ Header  [0x15b+0xa]
          ID: 1f 8b  |..|  [0x15b+0x2]
          CM: deflate (0x8)  [0x15d+0x1]
          FLG: 0x0 []  [0x15e+0x1]
          MTIME: 1970-01-01 00:00:00 UTC  [0x15f+0x4]
          XFL: best compression (0x2)  [0x163+0x1]
          OS: unknown (0xff)  [0x164+0x1]
      ▾ Trailer  [0x17d+0x8]
          CRC32: 0xf1289b3  [0x17d+0x4]
          ISIZE: 22  [0x181+0x4]
      ▾ Content — 0x16 bytes decompressed  [0x165+0x18]
          Data  [#1:0x0+0x16]
    GEOM: 26  [0x185+0x1b]
