---
source: tests/formats.rs
expression: "common::explore(&name, &data)"
---
▾ beep.8svx — 8SVX, 8363 Hz, 100 samples, 12 ms  [0x0+0xde]
  ▾ Header  [0x0+0xc]
      Chunk ID: "FORM"  [0x0+0x4]
      Size: 214  [0x4+0x4]
      Form type: "8SVX"  [0x8+0x4]
  ▾ VHDR — 8363 Hz, 1 octaves, 80 + 20 samples  [0xc+0x1c]
      Chunk ID: "VHDR"  [0xc+0x4]
      Chunk size: 20  [0x10+0x4]
    ▾ Voice header  [0x14+0x14]
        One-shot samples: 80  [0x14+0x4]
        Repeat samples: 20  [0x18+0x4]
        Samples per cycle: 16  [0x1c+0x4]
        Samples per second: 8363  [0x20+0x2]
        Octaves: 1  [0x22+0x1]
        Compression: none (0x0)  [0x23+0x1]
        Volume: 0x10000 — 1.000  [0x24+0x4]
  ▾ NAME — Beep  [0x28+0xc]
      Chunk ID: "NAME"  [0x28+0x4]
      Chunk size: 4  [0x2c+0x4]
      Text: "Beep"  [0x30+0x4]
  ▾ AUTH — fillyfoal  [0x34+0x12]
      Chunk ID: "AUTH"  [0x34+0x4]
      Chunk size: 9  [0x38+0x4]
      Text: "fillyfoal"  [0x3c+0x9]
      Pad byte  [0x45+0x1]
  ▾ (c) — 2026  [0x46+0xc]
      Chunk ID: "(c) "  [0x46+0x4]
      Chunk size: 4  [0x4a+0x4]
      Text: "2026"  [0x4e+0x4]
  ▾ ANNO — test sample  [0x52+0x14]
      Chunk ID: "ANNO"  [0x52+0x4]
      Chunk size: 11  [0x56+0x4]
      Text: "test sample"  [0x5a+0xb]
      Pad byte  [0x65+0x1]
  ▾ CHAN — 4 bytes  [0x66+0xc]
      Chunk ID: "CHAN"  [0x66+0x4]
      Chunk size: 4  [0x6a+0x4]
      Channel: left (0x2)  [0x6e+0x4]
  ▾ BODY — 100 bytes  [0x72+0x6c]
      Chunk ID: "BODY"  [0x72+0x4]
      Chunk size: 100  [0x76+0x4]
      Samples  [0x7a+0x64]
