---
source: tests/formats.rs
expression: "common::explore(&display_name(&path), &data)"
---
▾ audit.log — Linux audit log, 3 events (1 CWD, 1 EXECVE, 1 PATH, 1 PROCTITLE)  [0x0+0x381]
  ▾ Event 812: 2023-03-02 11:30:00 UTC — USER_LOGIN — /usr/sbin/sshd  [0x0+0xb5]
    ▾ USER_LOGIN: "pid=2201 uid=0 auid=1000 ses=4 msg='op=login id=1000 exe=\"/usr/sbin/sshd\" hostname=? addr=192.0.2.10 terminal=/dev/pts/0 res=success'"  [0x0+0xb5]
        pid: "2201"  [0x0+0xb5]
        uid: "0"  [0x0+0xb5]
        auid: "1000"  [0x0+0xb5]
        ses: "4"  [0x0+0xb5]
        msg: "op=login id=1000 exe=\"/usr/sbin/sshd\" hostname=? addr=192.0.2.10 terminal=/dev/pts/0 res=success"  [0x0+0xb5]
  ▾ Event 813: 2023-03-02 11:31:00 UTC — SYSCALL, EXECVE, CWD, PATH, PROCTITLE — /usr/bin/cat  [0xb5+0x237]
    ▾ SYSCALL: "arch=c000003e syscall=59 success=yes exit=0 a0=55d1 a1=55d2 a2=55d3 a3=0 items=2 ppid=2210 pid=2250 auid=1000 uid=1000 gid=1000 euid=1000 comm=\"cat\" exe=\"/usr/bin/cat\" key=\"passwd_read\""  [0xb5+0xe6]
        arch: "c000003e"  [0xb5+0xe6]
        syscall: "59"  [0xb5+0xe6]
        success: "yes"  [0xb5+0xe6]
        exit: "0"  [0xb5+0xe6]
        a0: "55d1"  [0xb5+0xe6]
        a1: "55d2"  [0xb5+0xe6]
        a2: "55d3"  [0xb5+0xe6]
        a3: "0"  [0xb5+0xe6]
        items: "2"  [0xb5+0xe6]
        ppid: "2210"  [0xb5+0xe6]
        pid: "2250"  [0xb5+0xe6]
        auid: "1000"  [0xb5+0xe6]
        uid: "1000"  [0xb5+0xe6]
        gid: "1000"  [0xb5+0xe6]
        euid: "1000"  [0xb5+0xe6]
        comm: "cat"  [0xb5+0xe6]
        exe: "/usr/bin/cat"  [0xb5+0xe6]
        key: "passwd_read"  [0xb5+0xe6]
    ▾ EXECVE: "argc=2 a0=\"cat\" a1=\"/etc/passwd\""  [0x19b+0x4c]
        argc: "2"  [0x19b+0x4c]
        a0: "cat"  [0x19b+0x4c]
        a1: "/etc/passwd"  [0x19b+0x4c]
    ▾ CWD: "cwd=\"/home/alice\""  [0x1e7+0x3a]
        cwd: "/home/alice"  [0x1e7+0x3a]
    ▾ PATH: "item=0 name=\"/usr/bin/cat\" inode=1234 dev=08:01 mode=0100755 ouid=0 ogid=0"  [0x221+0x74]
        item: "0"  [0x221+0x74]
        name: "/usr/bin/cat"  [0x221+0x74]
        inode: "1234"  [0x221+0x74]
        dev: "08:01"  [0x221+0x74]
        mode: "0100755"  [0x221+0x74]
        ouid: "0"  [0x221+0x74]
        ogid: "0"  [0x221+0x74]
    ▾ PROCTITLE: "proctitle=636174002F6574632F706173737764"  [0x295+0x57]
        proctitle: "636174002F6574632F706173737764" — cat /etc/passwd  [0x295+0x57]
  ▾ Event 820: 2023-03-02 11:36:40 UTC — USER_END — /usr/sbin/sshd  [0x2ec+0x95]
    ▾ USER_END: "pid=2201 uid=0 auid=1000 ses=4 msg='op=PAM:session_close acct=\"alice\" exe=\"/usr/sbin/sshd\" res=success'"  [0x2ec+0x95]
        pid: "2201"  [0x2ec+0x95]
        uid: "0"  [0x2ec+0x95]
        auid: "1000"  [0x2ec+0x95]
        ses: "4"  [0x2ec+0x95]
        msg: "op=PAM:session_close acct=\"alice\" exe=\"/usr/sbin/sshd\" res=success"  [0x2ec+0x95]
