---
source: tests/formats.rs
expression: "common::explore(&display_name(&path), &data)"
---
▾ bolt.db — bbolt v2, 4 pages of 4096 bytes, txid 9  [0x0+0x2000]
    Page ID: 0  [0x0+0x8]
    Flags: 0x4  [0x8+0x2]
    Count: 0  [0xa+0x2]
    Overflow: 0  [0xc+0x4]
    Magic: 0xed0cdaed  [0x10+0x4]
    Version: 2  [0x14+0x4]
    Page size: 4096  [0x18+0x4]
    Flags: 0x0  [0x1c+0x4]
    Root bucket page: 3  [0x20+0x8]
    Root bucket sequence: 0  [0x28+0x8]
    Freelist page: 2  [0x30+0x8]
    High water mark (pages): 4  [0x38+0x8]
    Transaction ID: 9  [0x40+0x8]
