---
source: tests/formats.rs
expression: "common::explore(&display_name(&path), &data)"
---
▾ kdewallet.kwl — KWallet 0.1, Blowfish (CBC), PBKDF2-SHA512, 2 folders, 3 entries  [0x0+0xcc]
    Signature: 4b 57 41 4c 4c 45 54 0a 0d 00 0d 0a  |KWALLET.....|  [0x0+0xc]
    Major version: 0  [0xc+0x1]
    Minor version: 1  [0xd+0x1]
    Cipher: Blowfish (CBC) (0x1)  [0xe+0x1]
    Hash: PBKDF2-SHA512 (0x2)  [0xf+0x1]
    Number of folders: 2  [0x10+0x4]
  ▾ Folder 0: "e18ee67232545172093ce053ae9d2c73" — 2 entries  [0x14+0x34]
      Entry 0: "bf215181b5140522137b3d4f6b73544a"  [0x28+0x10]
      Entry 1: "b83a886a5c437ccd9ac15473fd6f1788"  [0x38+0x10]
  ▾ Folder 1: "ec559fc895e8cc77ef0c4d6fdff5bdcb" — 1 entries  [0x48+0x24]
      Entry 0: "c984d06aafbecf6bc55569f964148ea3"  [0x5c+0x10]
    Encrypted data  [0x6c+0x60]
      ! note: requires the wallet password
