---
source: tests/formats.rs
expression: "common::explore(&name, &data)"
---
▾ luks2.img — LUKS2 encrypted volume "fixture", UUID 0f1e2d3c-4b5a-4968-8776-655443322110  [0x0+0x9200]
  ▾ Binary header — sequence 3  [0x0+0x1000]
      Magic: 4c 55 4b 53 ba be  |LUKS..|  [0x0+0x6]
      Version: 2  [0x6+0x2]
      Header size (binary + JSON): 16384 — 16 KiB  [0x8+0x8]
      Sequence id: 3  [0x10+0x8]
      Label: "fixture"  [0x18+0x30]
      Checksum algorithm: "sha256"  [0x48+0x20]
      Salt: 00 01 02 03 04 05 06 07 08 09 0a 0b 0c 0d 0e 0f …  |................|  [0x68+0x40]
      UUID: "0f1e2d3c-4b5a-4968-8776-655443322110"  [0xa8+0x28]
      Subsystem: ""  [0xd0+0x30]
      Header offset: 0  [0x100+0x8]
      Padding: 00 00 00 00 00 00 00 00 00 00 00 00 00 00 00 00 …  |................|  [0x108+0xb8]
      Checksum: 00 00 00 00 00 00 00 00 00 00 00 00 00 00 00 00 …  |................|  [0x1c0+0x40]
    JSON metadata: "{\"keyslots\":{\"0\":{\"type\":\"luks2\",\"key_size\":64,\"af\":{\"type\":\"luks1\",\"stripes\":4000,\"hash\":\"sha256\"},\"area\":{\"type\":\"raw\",\"offset\":\"32768\",\"size\":\"258048\",\"encryption\":\"aes-xts-plain64\",\"key_size\":64},\"kdf\":{\"type\":\"argon2id\",\"time\":4,\"memory\":1048576,\"cpus\":4,\"salt\":\"c2FsdHNhbHRzYWx0\"}}},\"tokens\":{},\"segments\":{\"0\":{\"type\":\"crypt\",\"offset\":\"36864\",\"size\":\"dynamic\",\"iv_tweak\":\"0\",\"encryption\":\"aes-xts-plain64\",\"sector_size\":512}},\"digests\":{\"0\":{\"type\":\"pbkdf2\",\"keyslots\":[\"0\"],\"segments\":[\"0\"],\"hash\":\"sha256\",\"iterations\":100000,\"salt\":\"ZGlnZXN0c2FsdA==\",\"digest\":\"ZGlnZXN0ZGlnZXN0\"}},\"config\":{\"json_size\":\"12288\",\"keyslots_size\":\"16744448\"}}" — 649 bytes of JSON in a 12 KiB area  [0x1000+0x289]
  ▾ Secondary binary header  [0x4000+0x1000]
      Magic: 53 4b 55 4c ba be  |SKUL..|  [0x4000+0x6]
      Version: 2  [0x4006+0x2]
      Header size (binary + JSON): 16384 — 16 KiB  [0x4008+0x8]
      Sequence id: 3  [0x4010+0x8]
      Label: "fixture"  [0x4018+0x30]
      Checksum algorithm: "sha256"  [0x4048+0x20]
      Salt: 00 01 02 03 04 05 06 07 08 09 0a 0b 0c 0d 0e 0f …  |................|  [0x4068+0x40]
      UUID: "0f1e2d3c-4b5a-4968-8776-655443322110"  [0x40a8+0x28]
      Subsystem: ""  [0x40d0+0x30]
      Header offset: 16384  [0x4100+0x8]
      Padding: 00 00 00 00 00 00 00 00 00 00 00 00 00 00 00 00 …  |................|  [0x4108+0xb8]
      Checksum: 00 00 00 00 00 00 00 00 00 00 00 00 00 00 00 00 …  |................|  [0x41c0+0x40]
    Secondary JSON metadata  [0x5000+0x3000]
    Encrypted payload — 512 bytes at 0x9000  [0x9000+0x200]
