---
source: tests/formats.rs
expression: "common::explore(&display_name(&path), &data)"
---
▾ kdbx3.kdbx — KeePass KDBX 3.1, AES-256-CBC, AES-KDF, 1000 rounds  [0x0+0x65e]
    Signature 1: 0x9aa2d903  [0x0+0x4]
    Signature 2: 0xb54bfb67  [0x4+0x4]
    Minor version: 1  [0x8+0x2]
    Major version: 3  [0xa+0x2]
    Cipher ID: "AES-256-CBC"  [0xc+0x13] → 0xf+0x10
    Compression flags: gzip (0x1)  [0x1f+0x7] → 0x22+0x4
    Master seed — 32 bytes  [0x26+0x23] → 0x29+0x20
    Transform seed — 32 bytes  [0x49+0x23] → 0x4c+0x20
    Transform rounds: 1000  [0x6c+0xb] → 0x6f+0x8
    Encryption IV — 16 bytes  [0x77+0x13] → 0x7a+0x10
    Protected stream key — 32 bytes  [0x8a+0x23] → 0x8d+0x20
    Stream start bytes — 32 bytes  [0xad+0x23] → 0xb0+0x20
    Inner random stream ID: Salsa20 (0x2)  [0xd0+0x7] → 0xd3+0x4
    End of header — 4 bytes  [0xd7+0x7] → 0xda+0x4
  ▾ Payload — unlocked  [0xde+0x580]
      Decrypted — AES-256-CBC, 1405 bytes  [#1:0x0+0x57d]
      Stream start bytes — match the header (password verified)  [#1:0x0+0x20]
    ▾ Hashed block stream — 2 blocks, SHA-256 verified  [#1:0x20+0x55d]
        Block 0 — 1293 bytes  [#1:0x20+0x535] → #1:0x48+0x50d
        Block 1 — end  [#1:0x555+0x28] → #1:0x57d+0x0
      Decompressed — gzip, 6760 bytes  [#3:0x0+0x1a68]
    ▾ XML — XML document, root <KeePassFile>  [#3:0x0+0x1a68]
      ▾ KeePassFile — 2 elements  [#3:0x0+0x1a68]
        ▾ Meta — 25 elements  [#3:0xd+0x5b0]
            Generator: "KeePassXC"  [#3:0x13+0x20]
            DatabaseName: "Passwords"  [#3:0x33+0x26]
            DatabaseNameChanged: "246s1Q4AAAA="  [#3:0x59+0x37]
            DatabaseDescription  [#3:0x90+0x16]
            DatabaseDescriptionChanged: "0o6s1Q4AAAA="  [#3:0xa6+0x45]
            DefaultUserName  [#3:0xeb+0x12]
            DefaultUserNameChanged: "0o6s1Q4AAAA="  [#3:0xfd+0x3d]
            MaintenanceHistoryDays: "365"  [#3:0x13a+0x34]
            Color  [#3:0x16e+0x8]
            MasterKeyChanged: "2XjK3Q4AAAA="  [#3:0x176+0x31]
            MasterKeyChangeRec: "-1"  [#3:0x1a7+0x2b]
            MasterKeyChangeForce: "-1"  [#3:0x1d2+0x2f]
          ▾ MemoryProtection — 5 elements  [#3:0x201+0xd6]
              ProtectTitle: "False"  [#3:0x213+0x22]
              ProtectUserName: "False"  [#3:0x235+0x28]
              ProtectPassword: "True"  [#3:0x25d+0x27]
              ProtectURL: "False"  [#3:0x284+0x1e]
              ProtectNotes: "False"  [#3:0x2a2+0x22]
            CustomIcons  [#3:0x2d7+0xe]
            RecycleBinEnabled: "True"  [#3:0x2e5+0x2b]
            RecycleBinUUID: "AAAAAAAAAAAAAAAAAAAAAA=="  [#3:0x310+0x39]
            RecycleBinChanged: "0o6s1Q4AAAA="  [#3:0x349+0x33]
            EntryTemplatesGroup: "AAAAAAAAAAAAAAAAAAAAAA=="  [#3:0x37c+0x43]
            EntryTemplatesGroupChanged: "0o6s1Q4AAAA="  [#3:0x3bf+0x45]
            LastSelectedGroup: "AAAAAAAAAAAAAAAAAAAAAA=="  [#3:0x404+0x3f]
            LastTopVisibleGroup: "AAAAAAAAAAAAAAAAAAAAAA=="  [#3:0x443+0x43]
            HistoryMaxItems: "10"  [#3:0x486+0x25]
            HistoryMaxSize: "6291456"  [#3:0x4ab+0x28]
            SettingsChanged: "0o6s1Q4AAAA="  [#3:0x4d3+0x2f]
          ▾ CustomData — 2 elements  [#3:0x502+0xb4]
            ▾ Item — 2 elements  [#3:0x50e+0x4a]
                Key: "KPXC_DECRYPTION_TIME_PREFERENCE"  [#3:0x514+0x2a]
                Value: "1000"  [#3:0x53e+0x13]
            ▾ Item — 2 elements  [#3:0x558+0x51]
                Key: "_LAST_MODIFIED"  [#3:0x55e+0x19]
                Value: "Sun Jan 12 03:51:58 2020 GMT"  [#3:0x577+0x2b]
        ▾ Root — 2 elements  [#3:0x5bd+0x149d]
          ▾ Group — 13 elements  [#3:0x5c3+0x147f]
              UUID: "F69os494TDK6douojK65vQ=="  [#3:0x5ca+0x25]
              Name: "Root"  [#3:0x5ef+0x11]
              Notes  [#3:0x600+0x8]
              IconID: "48"  [#3:0x608+0x13]
            ▾ Times — 7 elements  [#3:0x61b+0x124]
                LastModificationTime: "0o6s1Q4AAAA="  [#3:0x622+0x39]
                CreationTime: "0o6s1Q4AAAA="  [#3:0x65b+0x29]
                LastAccessTime: "0o6s1Q4AAAA="  [#3:0x684+0x2d]
                ExpiryTime: "0o6s1Q4AAAA="  [#3:0x6b1+0x25]
                Expires: "False"  [#3:0x6d6+0x18]
                UsageCount: "0"  [#3:0x6ee+0x1a]
                LocationChanged: "0o6s1Q4AAAA="  [#3:0x708+0x2f]
              IsExpanded: "True"  [#3:0x73f+0x1d]
              DefaultAutoTypeSequence  [#3:0x75c+0x1a]
              EnableAutoType: "null"  [#3:0x776+0x25]
              EnableSearching: "null"  [#3:0x79b+0x27]
              LastTopVisibleEntry: "AAAAAAAAAAAAAAAAAAAAAA=="  [#3:0x7c2+0x43]
            ▾ Group — 5 elements  [#3:0x805+0xd61]
                UUID: "3A5+Y2j2ENaMiVmogx89QA=="  [#3:0x80c+0x25]
              ▾ Times — 7 elements  [#3:0x831+0x124]
                  CreationTime: "2XjK3Q4AAAA="  [#3:0x838+0x29]
                  LastModificationTime: "2XjK3Q4AAAA="  [#3:0x861+0x39]
                  LastAccessTime: "2XjK3Q4AAAA="  [#3:0x89a+0x2d]
                  ExpiryTime: "2XjK3Q4AAAA="  [#3:0x8c7+0x25]
                  Expires: "False"  [#3:0x8ec+0x18]
                  UsageCount: "0"  [#3:0x904+0x1a]
                  LocationChanged: "2XjK3Q4AAAA="  [#3:0x91e+0x2f]
                Name: "Web"  [#3:0x955+0x10]
              ▾ Group — 4 elements  [#3:0x965+0x82e]
                  UUID: "Ig9GJ/d+E4+qwtmwygYvAw=="  [#3:0x96c+0x25]
                ▾ Times — 7 elements  [#3:0x991+0x124]
                    CreationTime: "2XjK3Q4AAAA="  [#3:0x998+0x29]
                    LastModificationTime: "2XjK3Q4AAAA="  [#3:0x9c1+0x39]
                    LastAccessTime: "2XjK3Q4AAAA="  [#3:0x9fa+0x2d]
                    ExpiryTime: "2XjK3Q4AAAA="  [#3:0xa27+0x25]
                    Expires: "False"  [#3:0xa4c+0x18]
                    UsageCount: "0"  [#3:0xa64+0x1a]
                    LocationChanged: "2XjK3Q4AAAA="  [#3:0xa7e+0x2f]
                  Name: "Mail"  [#3:0xab5+0x11]
                ▾ Entry — 9 elements  [#3:0xac6+0x6c5]
                    UUID: "GwVZe1t0G1qy2TGc7V2ySQ=="  [#3:0xacd+0x25]
                  ▾ Times — 7 elements  [#3:0xaf2+0x124]
                      CreationTime: "2XjK3Q4AAAA="  [#3:0xaf9+0x29]
                      LastModificationTime: "2XjK3Q4AAAA="  [#3:0xb22+0x39]
                      LastAccessTime: "2XjK3Q4AAAA="  [#3:0xb5b+0x2d]
                      ExpiryTime: "2XjK3Q4AAAA="  [#3:0xb88+0x25]
                      Expires: "False"  [#3:0xbad+0x18]
                      UsageCount: "0"  [#3:0xbc5+0x1a]
                      LocationChanged: "2XjK3Q4AAAA="  [#3:0xbdf+0x2f]
                  ▾ String — 2 elements  [#3:0xc16+0x37]
                      Key: "Title"  [#3:0xc1e+0x10]
                      Value: "Mailbox"  [#3:0xc2e+0x16]
                  ▾ String — 2 elements  [#3:0xc4d+0x44]
                      Key: "UserName"  [#3:0xc55+0x13]
                      Value: "alice@example.com"  [#3:0xc68+0x20]
                  ▾ String — 2 elements  [#3:0xc91+0x4c]
                      Key: "Password"  [#3:0xc99+0x13]
                    ▾ Value: "Tpz5bUcZ" — Protected="True"  [#3:0xcac+0x28]
                        @Protected: "True"  [#3:0xcbe+0x4]
                        #text: "Tpz5bUcZ"  [#3:0xcc4+0x8]
                  ▾ String — 2 elements  [#3:0xcdd+0x46]
                      Key: "URL"  [#3:0xce5+0xe]
                      Value: "imaps://mail.example.com"  [#3:0xcf3+0x27]
                  ▾ AutoType — 4 elements  [#3:0xd23+0xd6]
                      Enabled: "True"  [#3:0xd2d+0x17]
                      DataTransferObfuscation: "0"  [#3:0xd44+0x34]
                      DefaultSequence  [#3:0xd78+0x23]
                    ▾ Association — 2 elements  [#3:0xd9b+0x53]
                        Window  [#3:0xda8+0x11]
                        KeystrokeSequence  [#3:0xdb9+0x27]
                  ▾ History — 1 element  [#3:0xdf9+0x34e]
                    ▾ Entry — 7 elements  [#3:0xe02+0x33b]
                        UUID: "GwVZe1t0G1qy2TGc7V2ySQ=="  [#3:0xe09+0x25]
                      ▾ Times — 7 elements  [#3:0xe2e+0x124]
                          CreationTime: "2XjK3Q4AAAA="  [#3:0xe35+0x29]
                          LastModificationTime: "2XjK3Q4AAAA="  [#3:0xe5e+0x39]
                          LastAccessTime: "2XjK3Q4AAAA="  [#3:0xe97+0x2d]
                          ExpiryTime: "2XjK3Q4AAAA="  [#3:0xec4+0x25]
                          Expires: "False"  [#3:0xee9+0x18]
                          UsageCount: "0"  [#3:0xf01+0x1a]
                          LocationChanged: "2XjK3Q4AAAA="  [#3:0xf1b+0x2f]
                      ▾ String — 2 elements  [#3:0xf52+0x37]
                          Key: "Title"  [#3:0xf5a+0x10]
                          Value: "Mailbox"  [#3:0xf6a+0x16]
                      ▾ String — 2 elements  [#3:0xf89+0x44]
                          Key: "UserName"  [#3:0xf91+0x13]
                          Value: "alice@example.com"  [#3:0xfa4+0x20]
                      ▾ String — 2 elements  [#3:0xfcd+0x4c]
                          Key: "Password"  [#3:0xfd5+0x13]
                        ▾ Value: "TnSk5/YN" — Protected="True"  [#3:0xfe8+0x28]
                            @Protected: "True"  [#3:0xffa+0x4]
                            #text: "TnSk5/YN"  [#3:0x1000+0x8]
                      ▾ String — 2 elements  [#3:0x1019+0x46]
                          Key: "URL"  [#3:0x1021+0xe]
                          Value: "imaps://mail.example.com"  [#3:0x102f+0x27]
                      ▾ AutoType — 4 elements  [#3:0x105f+0xd6]
                          Enabled: "True"  [#3:0x1069+0x17]
                          DataTransferObfuscation: "0"  [#3:0x1080+0x34]
                          DefaultSequence  [#3:0x10b4+0x23]
                        ▾ Association — 2 elements  [#3:0x10d7+0x53]
                            Window  [#3:0x10e4+0x11]
                            KeystrokeSequence  [#3:0x10f5+0x27]
                  ▾ String — 2 elements  [#3:0x1147+0x3c]
                      Key: "Notes"  [#3:0x114f+0x10]
                      Value: "changed once"  [#3:0x115f+0x1b]
              ▾ Entry — 9 elements  [#3:0x1193+0x3cb]
                  UUID: "pLeEIqEvGT2XWh3D10gA9A=="  [#3:0x119a+0x25]
                ▾ Times — 7 elements  [#3:0x11bf+0x124]
                    CreationTime: "2XjK3Q4AAAA="  [#3:0x11c6+0x29]
                    LastModificationTime: "2XjK3Q4AAAA="  [#3:0x11ef+0x39]
                    LastAccessTime: "2XjK3Q4AAAA="  [#3:0x1228+0x2d]
                    ExpiryTime: "2XjK3Q4AAAA="  [#3:0x1255+0x25]
                    Expires: "False"  [#3:0x127a+0x18]
                    UsageCount: "0"  [#3:0x1292+0x1a]
                    LocationChanged: "2XjK3Q4AAAA="  [#3:0x12ac+0x2f]
                ▾ String — 2 elements  [#3:0x12e3+0x37]
                    Key: "Title"  [#3:0x12eb+0x10]
                    Value: "Example"  [#3:0x12fb+0x16]
                ▾ String — 2 elements  [#3:0x131a+0x38]
                    Key: "UserName"  [#3:0x1322+0x13]
                    Value: "alice"  [#3:0x1335+0x14]
                ▾ String — 2 elements  [#3:0x1352+0x58]
                    Key: "Password"  [#3:0x135a+0x13]
                  ▾ Value: "DC6qR0hH/F9CyecSHw==" — Protected="True"  [#3:0x136d+0x34]
                      @Protected: "True"  [#3:0x137f+0x4]
                      #text: "DC6qR0hH/F9CyecSHw=="  [#3:0x1385+0x14]
                ▾ String — 2 elements  [#3:0x13aa+0x47]
                    Key: "URL"  [#3:0x13b2+0xe]
                    Value: "https://example.com/login"  [#3:0x13c0+0x28]
                ▾ AutoType — 4 elements  [#3:0x13f1+0xd6]
                    Enabled: "True"  [#3:0x13fb+0x17]
                    DataTransferObfuscation: "0"  [#3:0x1412+0x34]
                    DefaultSequence  [#3:0x1446+0x23]
                  ▾ Association — 2 elements  [#3:0x1469+0x53]
                      Window  [#3:0x1476+0x11]
                      KeystrokeSequence  [#3:0x1487+0x27]
                ▾ String — 2 elements  [#3:0x14c7+0x47]
                    Key: "PIN"  [#3:0x14cf+0xe]
                  ▾ Value: "B6SIPA==" — Protected="True"  [#3:0x14dd+0x28]
                      @Protected: "True"  [#3:0x14ef+0x4]
                      #text: "B6SIPA=="  [#3:0x14f5+0x8]
                ▾ String — 2 elements  [#3:0x150e+0x48]
                    Key: "Account"  [#3:0x1516+0x12]
                  ▾ Value: "A-17" — Protected="False"  [#3:0x1528+0x25]
                      @Protected: "False"  [#3:0x153a+0x5]
                      #text: "A-17"  [#3:0x1541+0x4]
            ▾ Group — 3 elements  [#3:0x1566+0x16a]
                UUID: "mXw8dZvRF72ELj4UjqD+VQ=="  [#3:0x156d+0x25]
              ▾ Times — 7 elements  [#3:0x1592+0x124]
                  CreationTime: "2XjK3Q4AAAA="  [#3:0x1599+0x29]
                  LastModificationTime: "2XjK3Q4AAAA="  [#3:0x15c2+0x39]
                  LastAccessTime: "2XjK3Q4AAAA="  [#3:0x15fb+0x2d]
                  ExpiryTime: "2XjK3Q4AAAA="  [#3:0x1628+0x25]
                  Expires: "False"  [#3:0x164d+0x18]
                  UsageCount: "0"  [#3:0x1665+0x1a]
                  LocationChanged: "2XjK3Q4AAAA="  [#3:0x167f+0x2f]
                Name: "Empty"  [#3:0x16b6+0x12]
            ▾ Entry — 8 elements  [#3:0x16d0+0x36a]
                UUID: "GikwvfDDEguKhViLk/XnRw=="  [#3:0x16d7+0x25]
              ▾ Times — 7 elements  [#3:0x16fc+0x124]
                  CreationTime: "2XjK3Q4AAAA="  [#3:0x1703+0x29]
                  LastModificationTime: "2XjK3Q4AAAA="  [#3:0x172c+0x39]
                  LastAccessTime: "2XjK3Q4AAAA="  [#3:0x1765+0x2d]
                  ExpiryTime: "2XjK3Q4AAAA="  [#3:0x1792+0x25]
                  Expires: "False"  [#3:0x17b7+0x18]
                  UsageCount: "0"  [#3:0x17cf+0x1a]
                  LocationChanged: "2XjK3Q4AAAA="  [#3:0x17e9+0x2f]
              ▾ String — 2 elements  [#3:0x1820+0x36]
                  Key: "Title"  [#3:0x1828+0x10]
                  Value: "Router"  [#3:0x1838+0x15]
              ▾ String — 2 elements  [#3:0x1856+0x38]
                  Key: "UserName"  [#3:0x185e+0x13]
                  Value: "admin"  [#3:0x1871+0x14]
              ▾ String — 2 elements  [#3:0x188e+0x50]
                  Key: "Password"  [#3:0x1896+0x13]
                ▾ Value: "YoOxzsbuiA==" — Protected="True"  [#3:0x18a9+0x2c]
                    @Protected: "True"  [#3:0x18bb+0x4]
                    #text: "YoOxzsbuiA=="  [#3:0x18c1+0xc]
              ▾ String — 2 elements  [#3:0x18de+0x41]
                  Key: "URL"  [#3:0x18e6+0xe]
                  Value: "http://192.168.0.1/"  [#3:0x18f4+0x22]
              ▾ String — 2 elements  [#3:0x191f+0x3d]
                  Key: "Notes"  [#3:0x1927+0x10]
                  Value: "Behind the TV"  [#3:0x1937+0x1c]
              ▾ AutoType — 4 elements  [#3:0x195c+0xd6]
                  Enabled: "True"  [#3:0x1966+0x17]
                  DataTransferObfuscation: "0"  [#3:0x197d+0x34]
                  DefaultSequence  [#3:0x19b1+0x23]
                ▾ Association — 2 elements  [#3:0x19d4+0x53]
                    Window  [#3:0x19e1+0x11]
                    KeystrokeSequence  [#3:0x19f2+0x27]
            DeletedObjects  [#3:0x1a42+0x11]
    ▾ Database — 4 groups, 3 entries  [#3:0x0+0x1a68]
      ▾ Meta  [#3:0xd+0x5b0]
          Generator: "KeePassXC"  [#3:0x13+0x20]
          DatabaseName: "Passwords"  [#3:0x33+0x26]
          MaintenanceHistoryDays: "365"  [#3:0x13a+0x34]
          RecycleBinEnabled: "True"  [#3:0x2e5+0x2b]
          HistoryMaxItems: "10"  [#3:0x486+0x25]
          HistoryMaxSize: "6291456"  [#3:0x4ab+0x28]
      ▾ Root — 2 groups, 1 entry  [#3:0x5c3+0x147f]
        ▾ Web — 1 group, 1 entry  [#3:0x805+0xd61]
          ▾ Mail — 0 groups, 1 entry  [#3:0x965+0x82e]
            ▾ Mailbox — alice@example.com — imaps://mail.example.com  [#3:0xac6+0x6c5]
                Title: "Mailbox"  [#3:0xc2e+0x16]
                UserName: "alice@example.com"  [#3:0xc68+0x20]
                Password — protected  [#3:0xcac+0x28]
                URL: "imaps://mail.example.com"  [#3:0xcf3+0x27]
                Notes: "changed once"  [#3:0x115f+0x1b]
              ▾ History — 1 revision
                ▾ Revision: Mailbox — alice@example.com — imaps://mail.example.com  [#3:0xe02+0x33b]
                    Title: "Mailbox"  [#3:0xf6a+0x16]
                    UserName: "alice@example.com"  [#3:0xfa4+0x20]
                    Password — protected  [#3:0xfe8+0x28]
                    URL: "imaps://mail.example.com"  [#3:0x102f+0x27]
          ▾ Example — alice — https://example.com/login  [#3:0x1193+0x3cb]
              Title: "Example"  [#3:0x12fb+0x16]
              UserName: "alice"  [#3:0x1335+0x14]
              Password — protected  [#3:0x136d+0x34]
              URL: "https://example.com/login"  [#3:0x13c0+0x28]
              PIN — protected  [#3:0x14dd+0x28]
              Account: "A-17"  [#3:0x1528+0x25]
        ▾ Empty — 0 groups, 0 entries  [#3:0x1566+0x16a]
        ▾ Router — admin — http://192.168.0.1/  [#3:0x16d0+0x36a]
            Title: "Router"  [#3:0x1838+0x15]
            UserName: "admin"  [#3:0x1871+0x14]
            Password — protected  [#3:0x18a9+0x2c]
            URL: "http://192.168.0.1/"  [#3:0x18f4+0x22]
            Notes: "Behind the TV"  [#3:0x1937+0x1c]
