---
source: tests/formats.rs
expression: "common::explore(&display_name(&path), &data)"
---
▾ hello_1.0_all.deb — Debian package, format 2.0, 3 members  [0x0+0x1d0]
    Signature: "!<arch>"  [0x0+0x8]
  ▾ debian-binary — 4 bytes  [0x8+0x40]
    ▾ Header  [0x8+0x3c]
        Name: "debian-binary   "  [0x8+0x10]
        Modification time: 2024-01-02 03:04:00 UTC  [0x18+0xc]
        Owner ID: 0  [0x24+0x6]
        Group ID: 0  [0x2a+0x6]
        Mode: 33188 — 0o100644 -rw-r--r--  [0x30+0x8]
        Size: 4 — 4 bytes  [0x38+0xa]
        Terminator: 60 0a  |`.|  [0x42+0x2]
    ▾ Content — UTF-8 text, LF line endings, 1 line  [0x44+0x4]
        Encoding: "UTF-8"
        Line endings: "LF" — 1 LF, 0 CRLF, 0 CR
      ▾ Lines — 1 line  [0x44+0x4]
          Line 1: "2.0"  [0x44+0x3]
  ▾ control.tar.gz — 159 bytes  [0x48+0xdc]
    ▾ Header  [0x48+0x3c]
        Name: "control.tar.gz  "  [0x48+0x10]
        Modification time: 2024-01-02 03:04:00 UTC  [0x58+0xc]
        Owner ID: 0  [0x64+0x6]
        Group ID: 0  [0x6a+0x6]
        Mode: 33188 — 0o100644 -rw-r--r--  [0x70+0x8]
        Size: 159 — 159 bytes  [0x78+0xa]
        Terminator: 60 0a  |`.|  [0x82+0x2]
    ▾ Content — gzip, 2048 bytes uncompressed  [0x84+0x9f]
      ▾ Header  [0x84+0xa]
          ID: 1f 8b  |..|  [0x84+0x2]
          CM: deflate (0x8)  [0x86+0x1]
          FLG: 0x0 []  [0x87+0x1]
          MTIME: 1970-01-01 00:00:00 UTC  [0x88+0x4]
          XFL: best compression (0x2)  [0x8c+0x1]
          OS: unknown (0xff)  [0x8d+0x1]
      ▾ Trailer  [0x11b+0x8]
          CRC32: 0xe98d48a1  [0x11b+0x4]
          ISIZE: 2048  [0x11f+0x4]
      ▾ Content — tar archive (ustar), 1 entry, 83 bytes  [0x8e+0x8d]
        ▾ ./control — 83 bytes, -rw-r--r--  [#1:0x0+0x400]
          ▾ Header — ustar  [#1:0x0+0x200]
              Name: "./control"  [#1:0x0+0x64]
              Mode: 420 — 0o644 -rw-r--r--  [#1:0x64+0x8]
              UID: 0  [#1:0x6c+0x8]
              GID: 0  [#1:0x74+0x8]
              Size: 83 — 83 bytes  [#1:0x7c+0xc]
              Modification time: 2024-01-02 03:04:00 UTC  [#1:0x88+0xc]
              Checksum: 3950 — valid  [#1:0x94+0x8]
              Type: regular file (0x30)  [#1:0x9c+0x1]
              Link name: ""  [#1:0x9d+0x64]
              Magic: "ustar"  [#1:0x101+0x6]
              Version: "00"  [#1:0x107+0x2]
              Owner name: ""  [#1:0x109+0x20]
              Group name: ""  [#1:0x129+0x20]
              Device major: 0  [#1:0x149+0x8]
              Device minor: 0  [#1:0x151+0x8]
              Prefix: ""  [#1:0x159+0x9b]
          ▾ Content — YAML document  [#1:0x200+0x53]
              Package: "hello"  [#1:0x209+0x5]
              Version: 1  [#1:0x218+0x3]
              Architecture: "all"  [#1:0x22a+0x3]
              Maintainer: "nobody"  [#1:0x23a+0x6]
              Description: "test"  [#1:0x24e+0x4]
          End of archive — 2 zero blocks  [#1:0x400+0x400]
      Padding  [0x123+0x1]
  ▾ data.tar.gz — 111 bytes  [0x124+0xac]
    ▾ Header  [0x124+0x3c]
        Name: "data.tar.gz     "  [0x124+0x10]
        Modification time: 2024-01-02 03:04:00 UTC  [0x134+0xc]
        Owner ID: 0  [0x140+0x6]
        Group ID: 0  [0x146+0x6]
        Mode: 33188 — 0o100644 -rw-r--r--  [0x14c+0x8]
        Size: 111 — 111 bytes  [0x154+0xa]
        Terminator: 60 0a  |`.|  [0x15e+0x2]
    ▾ Content — gzip, 2048 bytes uncompressed  [0x160+0x6f]
      ▾ Header  [0x160+0xa]
          ID: 1f 8b  |..|  [0x160+0x2]
          CM: deflate (0x8)  [0x162+0x1]
          FLG: 0x0 []  [0x163+0x1]
          MTIME: 1970-01-01 00:00:00 UTC  [0x164+0x4]
          XFL: best compression (0x2)  [0x168+0x1]
          OS: unknown (0xff)  [0x169+0x1]
      ▾ Trailer  [0x1c7+0x8]
          CRC32: 0xa7b4d11b  [0x1c7+0x4]
          ISIZE: 2048  [0x1cb+0x4]
      ▾ Content — tar archive (ustar), 1 entry, 6 bytes  [0x16a+0x5d]
        ▾ ./usr/share/doc/hello/README — 6 bytes, -rw-r--r--  [#2:0x0+0x400]
          ▾ Header — ustar  [#2:0x0+0x200]
              Name: "./usr/share/doc/hello/README"  [#2:0x0+0x64]
              Mode: 420 — 0o644 -rw-r--r--  [#2:0x64+0x8]
              UID: 0  [#2:0x6c+0x8]
              GID: 0  [#2:0x74+0x8]
              Size: 6 — 6 bytes  [#2:0x7c+0xc]
              Modification time: 2024-01-02 03:04:00 UTC  [#2:0x88+0xc]
              Checksum: 5518 — valid  [#2:0x94+0x8]
              Type: regular file (0x30)  [#2:0x9c+0x1]
              Link name: ""  [#2:0x9d+0x64]
              Magic: "ustar"  [#2:0x101+0x6]
              Version: "00"  [#2:0x107+0x2]
              Owner name: ""  [#2:0x109+0x20]
              Group name: ""  [#2:0x129+0x20]
              Device major: 0  [#2:0x149+0x8]
              Device minor: 0  [#2:0x151+0x8]
              Prefix: ""  [#2:0x159+0x9b]
          ▾ Content — UTF-8 text, LF line endings, 1 line  [#2:0x200+0x6]
              Encoding: "UTF-8"
              Line endings: "LF" — 1 LF, 0 CRLF, 0 CR
            ▾ Lines — 1 line  [#2:0x200+0x6]
                Line 1: "hello"  [#2:0x200+0x5]
          End of archive — 2 zero blocks  [#2:0x400+0x400]
      Padding  [0x1cf+0x1]
