---
source: tests/formats.rs
expression: "common::explore(&display_name(&path), &data)"
---
▾ ed25519-v2.ppk — PuTTY v2 ssh-ed25519 key (256 bits) "v2 plain", unencrypted  [0x0+0x114]
    PuTTY-User-Key-File-2: "ssh-ed25519"  [0x0+0x22]
    Encryption: "none"  [0x23+0x10]
    Comment: "v2 plain"  [0x34+0x11]
  ▾ Public key — ssh-ed25519, 256 bits  [0x56+0x45]
      Key type: "ssh-ed25519"  [#1:0x0+0xf]
      Public key: 79 b5 56 2e 8f e6 54 f9 40 78 b1 12 e8 a9 8b a7 …  |y.V...T.@x......| — 32 bytes  [#1:0xf+0x24]
  ▾ Private key — base64  [0xad+0x30]
      MAC check — HMAC-SHA-1, verified  [0xde+0x35]
      Secret key — present, 32 bytes  [#2:0x0+0x24]
    Private-MAC: "4a18a210c39c7b21d7a1ed6c0ace0c4c7c5ceb4a"  [0xde+0x35]
