---
source: tests/formats.rs
expression: "common::explore(&display_name(&path), &data)"
---
▾ one-chunk.evtx — Windows event log 3.1, 1 chunks, records 1–3 (3 events)  [0x0+0x12f0]
  ▾ File header — version 3.1, 1 chunks, checksum valid  [0x0+0x80]
      Signature: "ElfFile"  [0x0+0x8]
      First chunk number: 0  [0x8+0x8]
      Last chunk number: 0  [0x10+0x8]
      Next record identifier: 4  [0x18+0x8]
      Header size: 128  [0x20+0x4]
      Minor version: 1  [0x24+0x2]
      Major version: 3  [0x26+0x2]
      Header block size: 0x1000  [0x28+0x2]
      Number of chunks: 1  [0x2a+0x2]
      Reserved: 00 00 00 00 00 00 00 00 00 00 00 00 00 00 00 00 …  |................|  [0x2c+0x4c]
      File flags: 0x0 []  [0x78+0x4]
      Checksum: 0x7f7b3e5f  [0x7c+0x4]
    Header block padding  [0x80+0xf80]
  ▾ Chunk 0 — records 1–3 (3 events)  [0x1000+0x2f0]
      ! truncated: needed 0x10000 bytes at 0x1000, only 0x2f0 available [0x1000+0x10000]
    ▾ Chunk header — header checksum valid  [0x1000+0x80]
        Signature: "ElfChnk"  [0x1000+0x8]
        First event record number: 1  [0x1008+0x8]
        Last event record number: 3  [0x1010+0x8]
        First event record identifier: 1  [0x1018+0x8]
        Last event record identifier: 3  [0x1020+0x8]
        Header size: 128  [0x1028+0x4]
        Last event record offset: 0x29c  [0x102c+0x4]
        Free space offset: 0x2f0  [0x1030+0x4]
        Event records checksum: 0xf15c26f7  [0x1034+0x4]
        Reserved: 00 00 00 00 00 00 00 00 00 00 00 00 00 00 00 00 …  |................|  [0x1038+0x40]
        Flags: 0x0 []  [0x1078+0x4]
        Header checksum: 0x473efece  [0x107c+0x4]
    ▾ String table: "0 of 64 buckets used"  [0x1080+0x100]
    ▾ Template table: "0 of 32 buckets used"  [0x1180+0x80]
      Event records checksum: 0xf15c26f7 — valid  [0x1200+0xf0]
    ▾ Record 1: 2026-09-21 14:13:20 UTC — 72 bytes  [0x1200+0x48]
        ! truncated: needed 0xc6 bytes at 0x122a, only 0x1a available [0x122a+0xc6]
        Signature: 2a 2a 00 00  |**..|  [0x1200+0x4]
        Size: 72  [0x1204+0x4]
        Event record identifier: 1  [0x1208+0x8]
        Written: 2026-09-21 14:13:20 UTC  [0x1210+0x8]
      ▾ Binary XML — 44 bytes  [0x1218+0x2c]
          ! truncated: needed 0xc6 bytes at 0x122a, only 0x1a available [0x122a+0xc6]
          Fragment header: "1.1" — BinXML 1.1, flags 0x00  [0x1218+0x4]
        ▾ Template instance
            Instance header: 0xc0c0c0c — template 0x0c0c0c0c, definition at 0xc0c0c0c  [0x121c+0xa] → 0x12f0+0x0
            Substitution count: 202116108  [0x1226+0x4]
        Size copy: 72  [0x1244+0x4]
    ▾ Record 2: 2026-09-21 14:14:20 UTC — 80 bytes  [0x1248+0x50]
        Signature: 2a 2a 00 00  |**..|  [0x1248+0x4]
        Size: 80  [0x124c+0x4]
        Event record identifier: 2  [0x1250+0x8]
        Written: 2026-09-21 14:14:20 UTC  [0x1258+0x8]
        Event XML: ""
      ▾ Binary XML — 52 bytes  [0x1260+0x34]
          Fragment header: "1.1" — BinXML 1.1, flags 0x00  [0x1260+0x4]
          Substitution #3341: Bool (0xd) — normal  [0x1264+0x4]
          Substitution #3341: Bool (0xd) — normal  [0x1268+0x4]
          Substitution #3341: Bool (0xd) — normal  [0x126c+0x4]
          Substitution #3341: Bool (0xd) — normal  [0x1270+0x4]
          Substitution #3341: Bool (0xd) — normal  [0x1274+0x4]
          Substitution #3341: Bool (0xd) — normal  [0x1278+0x4]
          Substitution #3341: Bool (0xd) — normal  [0x127c+0x4]
          Substitution #3341: Bool (0xd) — normal  [0x1280+0x4]
          Substitution #3341: Bool (0xd) — normal  [0x1284+0x4]
          Substitution #3341: Bool (0xd) — normal  [0x1288+0x4]
          Substitution #3341: Bool (0xd) — normal  [0x128c+0x4]
          Substitution #3341: Bool (0xd) — normal  [0x1290+0x4]
        Size copy: 80  [0x1294+0x4]
    ▾ Record 3: 2026-09-21 14:15:20 UTC — 88 bytes  [0x1298+0x58]
        Signature: 2a 2a 00 00  |**..|  [0x1298+0x4]
        Size: 88  [0x129c+0x4]
        Event record identifier: 3  [0x12a0+0x8]
        Written: 2026-09-21 14:15:20 UTC  [0x12a8+0x8]
        Event XML: ""
      ▾ Binary XML — 60 bytes  [0x12b0+0x3c]
          Fragment header: "1.1" — BinXML 1.1, flags 0x00  [0x12b0+0x4]
          Substitution #3598: Binary (0xe) — optional (omitted when null)  [0x12b4+0x4]
          Substitution #3598: Binary (0xe) — optional (omitted when null)  [0x12b8+0x4]
          Substitution #3598: Binary (0xe) — optional (omitted when null)  [0x12bc+0x4]
          Substitution #3598: Binary (0xe) — optional (omitted when null)  [0x12c0+0x4]
          Substitution #3598: Binary (0xe) — optional (omitted when null)  [0x12c4+0x4]
          Substitution #3598: Binary (0xe) — optional (omitted when null)  [0x12c8+0x4]
          Substitution #3598: Binary (0xe) — optional (omitted when null)  [0x12cc+0x4]
          Substitution #3598: Binary (0xe) — optional (omitted when null)  [0x12d0+0x4]
          Substitution #3598: Binary (0xe) — optional (omitted when null)  [0x12d4+0x4]
          Substitution #3598: Binary (0xe) — optional (omitted when null)  [0x12d8+0x4]
          Substitution #3598: Binary (0xe) — optional (omitted when null)  [0x12dc+0x4]
          Substitution #3598: Binary (0xe) — optional (omitted when null)  [0x12e0+0x4]
          Substitution #3598: Binary (0xe) — optional (omitted when null)  [0x12e4+0x4]
          Substitution #3598: Binary (0xe) — optional (omitted when null)  [0x12e8+0x4]
        Size copy: 88  [0x12ec+0x4]
