---
source: tests/formats.rs
expression: "common::explore(&display_name(&path), &data)"
---
▾ tiny.gxt — GXT v0x10000003, 1 textures  [0x0+0x80]
    Signature: "GXT"  [0x0+0x4]
    Version: 0x10000003  [0x4+0x4]
    Textures: 1  [0x8+0x4]
    Data offset: 0x40  [0xc+0x4]
    Data size: 64  [0x10+0x4]
    P4 palettes: 0  [0x14+0x4]
    P8 palettes: 0  [0x18+0x4]
    Padding: 0  [0x1c+0x4]
    Texture 0 — 8×8, linear, format 0x0c001000  [0x20+0x20] → 0x40+0x40
