---
source: tests/formats.rs
expression: "common::explore(&display_name(&path), &data)"
---
▾ filly-import.lib — Windows import library for filly.dll, 6 members, 8 symbols: filly.dll, filly.dll, filly.dll, filly.dll, filly.dll, filly.dll  [0x0+0x6bc]
    Magic: "!<arch>"  [0x0+0x8]
  ▾ / (symbol index) — 0xd6 bytes  [0x8+0x112]
    ▾ Header  [0x8+0x3c]
        ar_name: "/               "  [0x8+0x10]
        ar_date: 1970-01-01 00:00:00 UTC  [0x18+0xc]
        ar_uid: "0     "  [0x24+0x6]
        ar_gid: "0     "  [0x2a+0x6]
        ar_mode: "0       "  [0x30+0x8]
        ar_size: "214       "  [0x38+0xa]
        ar_fmag: 60 0a  |`.|  [0x42+0x2]
    ▾ Symbols  [0x44+0xd6]
        __IMPORT_DESCRIPTOR_filly: 0x238 — member header offset → 0x238+0x3c
        __NULL_IMPORT_DESCRIPTOR: 0x3e0 — member header offset → 0x3e0+0x3c
        filly_NULL_THUNK_DATA: 0x49c — member header offset → 0x49c+0x3c
        __imp_fillyfoal_answer: 0x57a — member header offset → 0x57a+0x3c
        fillyfoal_answer: 0x57a — member header offset → 0x57a+0x3c
        __imp_fillyfoal_data: 0x5e6 — member header offset → 0x5e6+0x3c
        __imp_fillyfoal_ordinal: 0x650 — member header offset → 0x650+0x3c
        fillyfoal_ordinal: 0x650 — member header offset → 0x650+0x3c
  ▾ / (symbol index) — 0xe2 bytes  [0x11a+0x11e]
    ▾ Header  [0x11a+0x3c]
        ar_name: "/               "  [0x11a+0x10]
        ar_date: 1970-01-01 00:00:00 UTC  [0x12a+0xc]
        ar_uid: "0     "  [0x136+0x6]
        ar_gid: "0     "  [0x13c+0x6]
        ar_mode: "0       "  [0x142+0x8]
        ar_size: "226       "  [0x14a+0xa]
        ar_fmag: 60 0a  |`.|  [0x154+0x2]
    ▾ Symbols  [0x156+0xe2]
        __IMPORT_DESCRIPTOR_filly: 0x238 — member header offset → 0x238+0x3c
        __NULL_IMPORT_DESCRIPTOR: 0x3e0 — member header offset → 0x3e0+0x3c
        __imp_fillyfoal_answer: 0x57a — member header offset → 0x57a+0x3c
        __imp_fillyfoal_data: 0x5e6 — member header offset → 0x5e6+0x3c
        __imp_fillyfoal_ordinal: 0x650 — member header offset → 0x650+0x3c
        fillyfoal_answer: 0x57a — member header offset → 0x57a+0x3c
        fillyfoal_ordinal: 0x650 — member header offset → 0x650+0x3c
        filly_NULL_THUNK_DATA: 0x49c — member header offset → 0x49c+0x3c
  ▾ filly.dll — 0x16c bytes  [0x238+0x1a8]
    ▾ Header  [0x238+0x3c]
        ar_name: "filly.dll/      "  [0x238+0x10]
        ar_date: 1970-01-01 00:00:00 UTC  [0x248+0xc]
        ar_uid: "0     "  [0x254+0x6]
        ar_gid: "0     "  [0x25a+0x6]
        ar_mode: "644     "  [0x260+0x8]
        ar_size: "364       "  [0x268+0xa]
        ar_fmag: 60 0a  |`.|  [0x272+0x2]
    ▾ Contents — COFF object, AMD64, 2 sections, 7 symbols  [0x274+0x16c]
      ▾ File Header  [0x274+0x14]
          Machine: AMD64 (0x8664)  [0x274+0x2]
          NumberOfSections: 2  [0x276+0x2]
          TimeDateStamp: 1970-01-01 00:00:00 UTC  [0x278+0x4]
          PointerToSymbolTable: 0xa0  [0x27c+0x4]
          NumberOfSymbols: 7  [0x280+0x4]
          SizeOfOptionalHeader: 0  [0x284+0x2]
          Characteristics: 0x0 []  [0x286+0x2]
      ▾ Section Table — 2 sections  [0x288+0x50]
        ▾ .idata$2 — rw-  0x14 bytes at 0x64, 3 relocations  [0x288+0x28]
            Name: ".idata$2"  [0x288+0x8]
            VirtualSize: 0x0  [0x290+0x4]
            VirtualAddress: 0x0  [0x294+0x4]
            SizeOfRawData: 0x14  [0x298+0x4]
            PointerToRawData: 0x64  [0x29c+0x4] → 0x2d8+0x14
            PointerToRelocations: 0x78  [0x2a0+0x4]
            PointerToLinenumbers: 0x0  [0x2a4+0x4]
            NumberOfRelocations: 3  [0x2a8+0x2]
            NumberOfLinenumbers: 0  [0x2aa+0x2]
            Characteristics: 0xc0300040 [CNT_INITIALIZED_DATA | ALIGN_4BYTES | MEM_READ | MEM_WRITE]  [0x2ac+0x4]
            Raw Data  [0x2d8+0x14]
          ▾ Relocations — 3 entries  [0x2ec+0x1e]
              ADDR32NB: 0xc — .idata$6  [0x2ec+0xa]
              ADDR32NB: 0x0 — .idata$4  [0x2f6+0xa]
              ADDR32NB: 0x10 — .idata$5  [0x300+0xa]
        ▾ .idata$6 — rw-  0xa bytes at 0x96, 0 relocations  [0x2b0+0x28]
            Name: ".idata$6"  [0x2b0+0x8]
            VirtualSize: 0x0  [0x2b8+0x4]
            VirtualAddress: 0x0  [0x2bc+0x4]
            SizeOfRawData: 0xa  [0x2c0+0x4]
            PointerToRawData: 0x96  [0x2c4+0x4] → 0x30a+0xa
            PointerToRelocations: 0x0  [0x2c8+0x4]
            PointerToLinenumbers: 0x0  [0x2cc+0x4]
            NumberOfRelocations: 0  [0x2d0+0x2]
            NumberOfLinenumbers: 0  [0x2d2+0x2]
            Characteristics: 0xc0200040 [CNT_INITIALIZED_DATA | ALIGN_2BYTES | MEM_READ | MEM_WRITE]  [0x2d4+0x4]
            Raw Data  [0x30a+0xa]
      ▾ Symbol Table — 7 records  [0x314+0x7e]
        ▾ __IMPORT_DESCRIPTOR_filly: 0x0 — EXTERNAL .idata$2  [0x314+0x12]
            Name: "__IMPORT_DESCRIPTOR_filly"  [0x314+0x8]
            Value: 0x0  [0x31c+0x4]
            SectionNumber: 1 — .idata$2  [0x320+0x2]
            Type: 0x0  [0x322+0x2]
            StorageClass: EXTERNAL (0x2)  [0x324+0x1]
            NumberOfAuxSymbols: 0  [0x325+0x1]
        ▾ .idata$2: 0x0 — SECTION .idata$2  [0x326+0x12]
            Name: ".idata$2"  [0x326+0x8]
            Value: 0x0  [0x32e+0x4]
            SectionNumber: 1 — .idata$2  [0x332+0x2]
            Type: 0x0  [0x334+0x2]
            StorageClass: SECTION (0x68)  [0x336+0x1]
            NumberOfAuxSymbols: 0  [0x337+0x1]
        ▾ .idata$6: 0x0 — STATIC .idata$6  [0x338+0x12]
            Name: ".idata$6"  [0x338+0x8]
            Value: 0x0  [0x340+0x4]
            SectionNumber: 2 — .idata$6  [0x344+0x2]
            Type: 0x0  [0x346+0x2]
            StorageClass: STATIC (0x3)  [0x348+0x1]
            NumberOfAuxSymbols: 0  [0x349+0x1]
        ▾ .idata$4: 0x0 — SECTION UNDEF  [0x34a+0x12]
            Name: ".idata$4"  [0x34a+0x8]
            Value: 0x0  [0x352+0x4]
            SectionNumber: 0 — UNDEF  [0x356+0x2]
            Type: 0x0  [0x358+0x2]
            StorageClass: SECTION (0x68)  [0x35a+0x1]
            NumberOfAuxSymbols: 0  [0x35b+0x1]
        ▾ .idata$5: 0x0 — SECTION UNDEF  [0x35c+0x12]
            Name: ".idata$5"  [0x35c+0x8]
            Value: 0x0  [0x364+0x4]
            SectionNumber: 0 — UNDEF  [0x368+0x2]
            Type: 0x0  [0x36a+0x2]
            StorageClass: SECTION (0x68)  [0x36c+0x1]
            NumberOfAuxSymbols: 0  [0x36d+0x1]
        ▾ __NULL_IMPORT_DESCRIPTOR: 0x0 — EXTERNAL UNDEF  [0x36e+0x12]
            Name: "__NULL_IMPORT_DESCRIPTOR"  [0x36e+0x8]
            Value: 0x0  [0x376+0x4]
            SectionNumber: 0 — UNDEF  [0x37a+0x2]
            Type: 0x0  [0x37c+0x2]
            StorageClass: EXTERNAL (0x2)  [0x37e+0x1]
            NumberOfAuxSymbols: 0  [0x37f+0x1]
        ▾ filly_NULL_THUNK_DATA: 0x0 — EXTERNAL UNDEF  [0x380+0x12]
            Name: "\u{7f}filly_NULL_THUNK_DATA"  [0x380+0x8]
            Value: 0x0  [0x388+0x4]
            SectionNumber: 0 — UNDEF  [0x38c+0x2]
            Type: 0x0  [0x38e+0x2]
            StorageClass: EXTERNAL (0x2)  [0x390+0x1]
            NumberOfAuxSymbols: 0  [0x391+0x1]
      ▾ String Table  [0x392+0x4e]
          0x0: "__IMPORT_DESCRIPTOR_filly"  [0x396+0x1a]
          0x1a: "__NULL_IMPORT_DESCRIPTOR"  [0x3b0+0x19]
          0x33: "\u{7f}filly_NULL_THUNK_DATA"  [0x3c9+0x17]
  ▾ filly.dll — 0x7f bytes  [0x3e0+0xbb]
    ▾ Header  [0x3e0+0x3c]
        ar_name: "filly.dll/      "  [0x3e0+0x10]
        ar_date: 1970-01-01 00:00:00 UTC  [0x3f0+0xc]
        ar_uid: "0     "  [0x3fc+0x6]
        ar_gid: "0     "  [0x402+0x6]
        ar_mode: "644     "  [0x408+0x8]
        ar_size: "127       "  [0x410+0xa]
        ar_fmag: 60 0a  |`.|  [0x41a+0x2]
    ▾ Contents — COFF object, AMD64, 1 sections, 1 symbols  [0x41c+0x7f]
      ▾ File Header  [0x41c+0x14]
          Machine: AMD64 (0x8664)  [0x41c+0x2]
          NumberOfSections: 1  [0x41e+0x2]
          TimeDateStamp: 1970-01-01 00:00:00 UTC  [0x420+0x4]
          PointerToSymbolTable: 0x50  [0x424+0x4]
          NumberOfSymbols: 1  [0x428+0x4]
          SizeOfOptionalHeader: 0  [0x42c+0x2]
          Characteristics: 0x0 []  [0x42e+0x2]
      ▾ Section Table — 1 sections  [0x430+0x28]
        ▾ .idata$3 — rw-  0x14 bytes at 0x3c, 0 relocations  [0x430+0x28]
            Name: ".idata$3"  [0x430+0x8]
            VirtualSize: 0x0  [0x438+0x4]
            VirtualAddress: 0x0  [0x43c+0x4]
            SizeOfRawData: 0x14  [0x440+0x4]
            PointerToRawData: 0x3c  [0x444+0x4] → 0x458+0x14
            PointerToRelocations: 0x0  [0x448+0x4]
            PointerToLinenumbers: 0x0  [0x44c+0x4]
            NumberOfRelocations: 0  [0x450+0x2]
            NumberOfLinenumbers: 0  [0x452+0x2]
            Characteristics: 0xc0300040 [CNT_INITIALIZED_DATA | ALIGN_4BYTES | MEM_READ | MEM_WRITE]  [0x454+0x4]
            Raw Data  [0x458+0x14]
      ▾ Symbol Table — 1 records  [0x46c+0x12]
        ▾ __NULL_IMPORT_DESCRIPTOR: 0x0 — EXTERNAL .idata$3  [0x46c+0x12]
            Name: "__NULL_IMPORT_DESCRIPTOR"  [0x46c+0x8]
            Value: 0x0  [0x474+0x4]
            SectionNumber: 1 — .idata$3  [0x478+0x2]
            Type: 0x0  [0x47a+0x2]
            StorageClass: EXTERNAL (0x2)  [0x47c+0x1]
            NumberOfAuxSymbols: 0  [0x47d+0x1]
      ▾ String Table  [0x47e+0x1d]
          0x0: "__NULL_IMPORT_DESCRIPTOR"  [0x482+0x19]
  ▾ filly.dll — 0xa1 bytes  [0x49c+0xdd]
    ▾ Header  [0x49c+0x3c]
        ar_name: "filly.dll/      "  [0x49c+0x10]
        ar_date: 1970-01-01 00:00:00 UTC  [0x4ac+0xc]
        ar_uid: "0     "  [0x4b8+0x6]
        ar_gid: "0     "  [0x4be+0x6]
        ar_mode: "644     "  [0x4c4+0x8]
        ar_size: "161       "  [0x4cc+0xa]
        ar_fmag: 60 0a  |`.|  [0x4d6+0x2]
    ▾ Contents — COFF object, AMD64, 2 sections, 1 symbols  [0x4d8+0xa1]
      ▾ File Header  [0x4d8+0x14]
          Machine: AMD64 (0x8664)  [0x4d8+0x2]
          NumberOfSections: 2  [0x4da+0x2]
          TimeDateStamp: 1970-01-01 00:00:00 UTC  [0x4dc+0x4]
          PointerToSymbolTable: 0x74  [0x4e0+0x4]
          NumberOfSymbols: 1  [0x4e4+0x4]
          SizeOfOptionalHeader: 0  [0x4e8+0x2]
          Characteristics: 0x0 []  [0x4ea+0x2]
      ▾ Section Table — 2 sections  [0x4ec+0x50]
        ▾ .idata$5 — rw-  0x8 bytes at 0x64, 0 relocations  [0x4ec+0x28]
            Name: ".idata$5"  [0x4ec+0x8]
            VirtualSize: 0x0  [0x4f4+0x4]
            VirtualAddress: 0x0  [0x4f8+0x4]
            SizeOfRawData: 0x8  [0x4fc+0x4]
            PointerToRawData: 0x64  [0x500+0x4] → 0x53c+0x8
            PointerToRelocations: 0x0  [0x504+0x4]
            PointerToLinenumbers: 0x0  [0x508+0x4]
            NumberOfRelocations: 0  [0x50c+0x2]
            NumberOfLinenumbers: 0  [0x50e+0x2]
            Characteristics: 0xc0400040 [CNT_INITIALIZED_DATA | ALIGN_8BYTES | MEM_READ | MEM_WRITE]  [0x510+0x4]
            Raw Data  [0x53c+0x8]
        ▾ .idata$4 — rw-  0x8 bytes at 0x6c, 0 relocations  [0x514+0x28]
            Name: ".idata$4"  [0x514+0x8]
            VirtualSize: 0x0  [0x51c+0x4]
            VirtualAddress: 0x0  [0x520+0x4]
            SizeOfRawData: 0x8  [0x524+0x4]
            PointerToRawData: 0x6c  [0x528+0x4] → 0x544+0x8
            PointerToRelocations: 0x0  [0x52c+0x4]
            PointerToLinenumbers: 0x0  [0x530+0x4]
            NumberOfRelocations: 0  [0x534+0x2]
            NumberOfLinenumbers: 0  [0x536+0x2]
            Characteristics: 0xc0400040 [CNT_INITIALIZED_DATA | ALIGN_8BYTES | MEM_READ | MEM_WRITE]  [0x538+0x4]
            Raw Data  [0x544+0x8]
      ▾ Symbol Table — 1 records  [0x54c+0x12]
        ▾ filly_NULL_THUNK_DATA: 0x0 — EXTERNAL .idata$5  [0x54c+0x12]
            Name: "\u{7f}filly_NULL_THUNK_DATA"  [0x54c+0x8]
            Value: 0x0  [0x554+0x4]
            SectionNumber: 1 — .idata$5  [0x558+0x2]
            Type: 0x0  [0x55a+0x2]
            StorageClass: EXTERNAL (0x2)  [0x55c+0x1]
            NumberOfAuxSymbols: 0  [0x55d+0x1]
      ▾ String Table  [0x55e+0x1b]
          0x0: "\u{7f}filly_NULL_THUNK_DATA"  [0x562+0x17]
  ▾ filly.dll — 0x2f bytes  [0x57a+0x6b]
    ▾ Header  [0x57a+0x3c]
        ar_name: "filly.dll/      "  [0x57a+0x10]
        ar_date: 1970-01-01 00:00:00 UTC  [0x58a+0xc]
        ar_uid: "0     "  [0x596+0x6]
        ar_gid: "0     "  [0x59c+0x6]
        ar_mode: "644     "  [0x5a2+0x8]
        ar_size: "47        "  [0x5aa+0xa]
        ar_fmag: 60 0a  |`.|  [0x5b4+0x2]
    ▾ Contents — Import record: filly.dll!fillyfoal_answer (code, by name, hint 0)  [0x5b6+0x2f]
      ▾ Import Header  [0x5b6+0x14]
          Sig1: 0x0  [0x5b6+0x2]
          Sig2: 0xffff  [0x5b8+0x2]
          Version: 0  [0x5ba+0x2]
          Machine: AMD64 (0x8664)  [0x5bc+0x2]
          TimeDateStamp: 1970-01-01 00:00:00 UTC  [0x5be+0x4]
          SizeOfData: 27  [0x5c2+0x4]
          OrdinalOrHint: 0  [0x5c6+0x2]
          Type: 0x4 — CODE, NAME  [0x5c8+0x2]
        Symbol: "fillyfoal_answer"  [0x5ca+0x11]
        DLL: "filly.dll"  [0x5db+0xa]
  ▾ filly.dll — 0x2d bytes  [0x5e6+0x69]
    ▾ Header  [0x5e6+0x3c]
        ar_name: "filly.dll/      "  [0x5e6+0x10]
        ar_date: 1970-01-01 00:00:00 UTC  [0x5f6+0xc]
        ar_uid: "0     "  [0x602+0x6]
        ar_gid: "0     "  [0x608+0x6]
        ar_mode: "644     "  [0x60e+0x8]
        ar_size: "45        "  [0x616+0xa]
        ar_fmag: 60 0a  |`.|  [0x620+0x2]
    ▾ Contents — Import record: filly.dll!fillyfoal_data (data, by name, hint 0)  [0x622+0x2d]
      ▾ Import Header  [0x622+0x14]
          Sig1: 0x0  [0x622+0x2]
          Sig2: 0xffff  [0x624+0x2]
          Version: 0  [0x626+0x2]
          Machine: AMD64 (0x8664)  [0x628+0x2]
          TimeDateStamp: 1970-01-01 00:00:00 UTC  [0x62a+0x4]
          SizeOfData: 25  [0x62e+0x4]
          OrdinalOrHint: 0  [0x632+0x2]
          Type: 0x5 — DATA, NAME  [0x634+0x2]
        Symbol: "fillyfoal_data"  [0x636+0xf]
        DLL: "filly.dll"  [0x645+0xa]
  ▾ filly.dll — 0x30 bytes  [0x650+0x6c]
    ▾ Header  [0x650+0x3c]
        ar_name: "filly.dll/      "  [0x650+0x10]
        ar_date: 1970-01-01 00:00:00 UTC  [0x660+0xc]
        ar_uid: "0     "  [0x66c+0x6]
        ar_gid: "0     "  [0x672+0x6]
        ar_mode: "644     "  [0x678+0x8]
        ar_size: "48        "  [0x680+0xa]
        ar_fmag: 60 0a  |`.|  [0x68a+0x2]
    ▾ Contents — Import record: filly.dll!fillyfoal_ordinal (code, by ordinal 7)  [0x68c+0x30]
      ▾ Import Header  [0x68c+0x14]
          Sig1: 0x0  [0x68c+0x2]
          Sig2: 0xffff  [0x68e+0x2]
          Version: 0  [0x690+0x2]
          Machine: AMD64 (0x8664)  [0x692+0x2]
          TimeDateStamp: 1970-01-01 00:00:00 UTC  [0x694+0x4]
          SizeOfData: 28  [0x698+0x4]
          OrdinalOrHint: 7  [0x69c+0x2]
          Type: 0x0 — CODE, ORDINAL  [0x69e+0x2]
        Symbol: "fillyfoal_ordinal"  [0x6a0+0x12]
        DLL: "filly.dll"  [0x6b2+0xa]
