---
source: tests/formats.rs
expression: "common::explore(&display_name(&path), &data)"
---
▾ bw64-adm.wav — BW64 PCM 16-bit, 8 kHz, stereo, 20 ms  [0x0+0x43c]
  ▾ Header  [0x0+0xc]
      Chunk ID: "BW64"  [0x0+0x4]
      Size: 4294967295  [0x4+0x4]
      Form type: "WAVE"  [0x8+0x4]
  ▾ ds64 — data 640 bytes, 160 samples  [0xc+0x30]
      Chunk ID: "ds64"  [0xc+0x4]
      Chunk size: 40  [0x10+0x4]
      RIFF size: 1076  [0x14+0x8]
      data size: 640  [0x1c+0x8]
      Sample count: 160  [0x24+0x8]
      Table length: 1  [0x2c+0x4]
    ▾ Size table — 1 entries  [0x30+0xc]
      ▾ Entry 0 — axml: 252 bytes  [0x30+0xc]
          Chunk ID: "axml"  [0x30+0x4]
          Size: 252  [0x34+0x8]
  ▾ fmt — PCM 16-bit, 8 kHz, stereo  [0x3c+0x18]
      Chunk ID: "fmt "  [0x3c+0x4]
      Chunk size: 16  [0x40+0x4]
      Format tag: PCM (0x1)  [0x44+0x2]
      Channels: 2  [0x46+0x2]
      Sample rate: 8000  [0x48+0x4]
      Average bytes per second: 32000 — 256 kb/s  [0x4c+0x4]
      Block align: 4  [0x50+0x2]
      Bits per sample: 16  [0x52+0x2]
  ▾ chna — 2 tracks, 2 track UIDs  [0x54+0x5c]
      Chunk ID: "chna"  [0x54+0x4]
      Chunk size: 84  [0x58+0x4]
      Tracks: 2  [0x5c+0x2]
      Track UIDs: 2  [0x5e+0x2]
    ▾ Track UIDs — 2 entries  [0x60+0x50]
      ▾ Track 0 — track 1: ATU_00000001, AT_00010001_01  [0x60+0x28]
          Track index: 1  [0x60+0x2]
          Track UID: "ATU_00000001"  [0x62+0xc]
          Track format reference: "AT_00010001_01"  [0x6e+0xe]
          Pack format reference: "AP_00010002"  [0x7c+0xb]
          Padding: 0  [0x87+0x1]
      ▾ Track 1 — track 2: ATU_00000002, AT_00010002_01  [0x88+0x28]
          Track index: 2  [0x88+0x2]
          Track UID: "ATU_00000002"  [0x8a+0xc]
          Track format reference: "AT_00010002_01"  [0x96+0xe]
          Pack format reference: "AP_00010002"  [0xa4+0xb]
          Padding: 0  [0xaf+0x1]
  ▾ axml — 252 bytes  [0xb0+0x104]
      Chunk ID: "axml"  [0xb0+0x4]
      Chunk size: 4294967295 — see ds64: 252 bytes  [0xb4+0x4]
    ▾ XML — XML document, root <ebuCoreMain>  [0xb8+0xfc]
      ▾ XML declaration  [0xb8+0x26]
          Version: "1.0"  [0xc7+0x3]
          Encoding: "UTF-8"  [0xd6+0x5]
      ▾ ebuCoreMain — 1 element  [0xdf+0xd4]
        ▾ coreMetadata — 1 element  [0xec+0xb9]
          ▾ format — 1 element  [0xfa+0x9c]
            ▾ audioFormatExtended — version="ITU-R_BS.2076-2" (2 elements)  [0x102+0x8b]
                @version: "ITU-R_BS.2076-2"  [0x120+0xf]
              ▾ audioTrackUID — UID="ATU_00000001"  [0x131+0x23]
                  @UID: "ATU_00000001"  [0x145+0xc]
              ▾ audioTrackUID — UID="ATU_00000002"  [0x154+0x23]
                  @UID: "ATU_00000002"  [0x168+0xc]
  ▾ data — 640 bytes, 20 ms  [0x1b4+0x288]
      Chunk ID: "data"  [0x1b4+0x4]
      Chunk size: 4294967295 — see ds64: 640 bytes  [0x1b8+0x4]
      Samples — 160 frames, 20 ms  [0x1bc+0x280]
