---
source: tests/formats.rs
expression: "common::explore(&display_name(&path), &data)"
---
▾ tiny.osm.pbf — OSM PBF, 2 blocks  [0x0+0x69]
  ▾ OSMHeader — 51 bytes  [0x0+0x44]
      Header length: 13  [0x0+0x4]
    ▾ BlobHeader  [0x4+0xd]
        type: "OSMHeader"  [0x4+0xb]
        datasize: 51  [0xf+0x2]
    ▾ Blob  [0x11+0x33]
        raw_size: 39  [0x11+0x2]
        zlib_data — 47 bytes  [0x13+0x31]
    ▾ HeaderBlock — 0x27 bytes decompressed  [0x15+0x2f]
        required_features: "OsmSchema-V0.6"  [#1:0x0+0x10]
        required_features: "DenseNodes"  [#1:0x10+0xc]
        ! truncated: needed 0x66 bytes at 0x1f, only 0x8 available [#1:0x1f+0x66]
  ▾ OSMData — 22 bytes  [0x44+0x25]
      Header length: 11  [0x44+0x4]
    ▾ BlobHeader  [0x48+0xb]
        type: "OSMData"  [0x48+0x9]
        datasize: 22  [0x51+0x2]
    ▾ Blob  [0x53+0x16]
        raw_size: 28  [0x53+0x2]
        zlib_data — 18 bytes  [0x55+0x14]
    ▾ PrimitiveBlock — 0x1c bytes decompressed  [0x57+0x12]
      ▾ stringtable — StringTable, 5 bytes  [#2:0x0+0x7]
          s: "abc"  [#2:0x2+0x5]
      ▾ stringtable — StringTable, 5 bytes  [#2:0x7+0x7]
          s: "abc"  [#2:0x9+0x5]
      ▾ stringtable — StringTable, 5 bytes  [#2:0xe+0x7]
          s: "abc"  [#2:0x10+0x5]
      ▾ stringtable — StringTable, 5 bytes  [#2:0x15+0x7]
          s: "abc"  [#2:0x17+0x5]
