---
source: tests/formats.rs
expression: "common::explore(&display_name(&path), &data)"
---
▾ signed.apk.idsig — APK Signature Scheme v4 signature v2, Merkle tree 4 KiB  [0x0+0x1524]
    Version: 2  [0x0+0x4]
    Hashing info length: 45  [0x4+0x4]
  ▾ Hashing info  [0x8+0x2d]
      Hash algorithm: SHA-256 (0x1)  [0x8+0x4]
      Log2 block size: 12 — 4096-byte blocks  [0xc+0x1]
      Salt length: 0  [0xd+0x4]
      Root hash length: 32  [0x11+0x4]
      Root hash: d9 83 b4 b9 bb b9 6e 10 d2 f8 d8 cc 51 9e d0 e2 …  |......n.....Q...|  [0x15+0x20]
    Signing info length: 1255  [0x35+0x4]
  ▾ Signing info  [0x39+0x4e7]
      APK digest length: 32  [0x39+0x4]
      APK digest: 4b 9d ce a9 c6 91 b4 fd 70 e0 52 f3 98 d0 46 6e …  |K.......p.R...Fn|  [0x3d+0x20]
      Certificate length: 404  [0x5d+0x4]
    ▾ Certificate — X.509 certificate, CN=fillyfoal test old, self-signed, valid 2026-10-10 to 2054-02-25, EC P-256 (prime256v1)  [0x61+0x194]
      ▾ Certificate — SEQUENCE, CN=fillyfoal test old, self-signed, valid 2026-10-10 to 2054-02-25, EC P-256 (prime256v1)  [0x61+0x194]
        ▾ tbsCertificate — SEQUENCE  [0x65+0x13b]
          ▾ version — [0]  [0x69+0x5]
              Version: v3 (0x2) — INTEGER  [0x6b+0x3]
            serialNumber: 7817696433635653010 — INTEGER  [0x6e+0xa]
          ▾ signature — SEQUENCE, ecdsa-with-SHA384  [0x78+0xc]
              algorithm: "1.2.840.10045.4.3.3" — OBJECT IDENTIFIER, ecdsa-with-SHA384  [0x7a+0xa]
          ▾ issuer — SEQUENCE, C=US, O=Example, CN=fillyfoal test old  [0x84+0x3e]
            ▾ RelativeDistinguishedName — SET  [0x86+0xd]
              ▾ AttributeTypeAndValue — SEQUENCE, countryName = US  [0x88+0xb]
                  type: "2.5.4.6" — OBJECT IDENTIFIER, countryName  [0x8a+0x5]
                  value: "US" — PrintableString  [0x8f+0x4]
            ▾ RelativeDistinguishedName — SET  [0x93+0x12]
              ▾ AttributeTypeAndValue — SEQUENCE, organizationName = Example  [0x95+0x10]
                  type: "2.5.4.10" — OBJECT IDENTIFIER, organizationName  [0x97+0x5]
                  value: "Example" — PrintableString  [0x9c+0x9]
            ▾ RelativeDistinguishedName — SET  [0xa5+0x1d]
              ▾ AttributeTypeAndValue — SEQUENCE, commonName = fillyfoal test old  [0xa7+0x1b]
                  type: "2.5.4.3" — OBJECT IDENTIFIER, commonName  [0xa9+0x5]
                  value: "fillyfoal test old" — PrintableString  [0xae+0x14]
          ▾ validity — SEQUENCE, 2026-10-10 to 2054-02-25 (10000 days)  [0xc2+0x22]
              notBefore: 2026-10-10 18:09:19 UTC — UTCTime  [0xc4+0xf]
              notAfter: 2054-02-25 18:09:19 UTC — GeneralizedTime  [0xd3+0x11]
          ▾ subject — SEQUENCE, C=US, O=Example, CN=fillyfoal test old  [0xe4+0x3e]
            ▾ RelativeDistinguishedName — SET  [0xe6+0xd]
              ▾ AttributeTypeAndValue — SEQUENCE, countryName = US  [0xe8+0xb]
                  type: "2.5.4.6" — OBJECT IDENTIFIER, countryName  [0xea+0x5]
                  value: "US" — PrintableString  [0xef+0x4]
            ▾ RelativeDistinguishedName — SET  [0xf3+0x12]
              ▾ AttributeTypeAndValue — SEQUENCE, organizationName = Example  [0xf5+0x10]
                  type: "2.5.4.10" — OBJECT IDENTIFIER, organizationName  [0xf7+0x5]
                  value: "Example" — PrintableString  [0xfc+0x9]
            ▾ RelativeDistinguishedName — SET  [0x105+0x1d]
              ▾ AttributeTypeAndValue — SEQUENCE, commonName = fillyfoal test old  [0x107+0x1b]
                  type: "2.5.4.3" — OBJECT IDENTIFIER, commonName  [0x109+0x5]
                  value: "fillyfoal test old" — PrintableString  [0x10e+0x14]
          ▾ subjectPublicKeyInfo — SEQUENCE, EC P-256 (prime256v1)  [0x122+0x5b]
            ▾ algorithm — SEQUENCE, ecPublicKey = prime256v1  [0x124+0x15]
                algorithm: "1.2.840.10045.2.1" — OBJECT IDENTIFIER, ecPublicKey  [0x126+0x9]
                namedCurve: "1.2.840.10045.3.1.7" — OBJECT IDENTIFIER, prime256v1  [0x12f+0xa]
            ▾ subjectPublicKey: 04 a9 be bb a3 62 da c0 5a e2 c5 81 3c c8 82 bf …  |.....b..Z...<...| — BIT STRING, uncompressed point, 256-bit coordinates  [0x139+0x44]
                format: uncompressed (0x4)  [0x13c+0x1]
                x: a9 be bb a3 62 da c0 5a e2 c5 81 3c c8 82 bf cb …  |....b..Z...<....| — 32 bytes  [0x13d+0x20]
                y: ce 29 01 61 65 98 dd 79 59 0e ec 33 8b c3 66 43 …  |.).ae..yY..3..fC| — 32 bytes  [0x15d+0x20]
          ▾ extensions — [3]  [0x17d+0x23]
            ▾ Extensions — SEQUENCE  [0x17f+0x21]
              ▾ Extension — SEQUENCE, subjectKeyIdentifier: 5D:15:9D:AE:1D:1F:36:B2:56:DF:9A:20:05:F9:71:5E:E6:30:82:42  [0x181+0x1f]
                  extnID: "2.5.29.14" — OBJECT IDENTIFIER, subjectKeyIdentifier  [0x183+0x5]
                ▾ extnValue — OCTET STRING, 22 bytes, encapsulates DER  [0x188+0x18]
                    SubjectKeyIdentifier: "5D:15:9D:AE:1D:1F:36:B2:56:DF:9A:20:05:F9:71:5E:E6:30:82:42" — OCTET STRING, 20 bytes  [0x18a+0x16]
        ▾ signatureAlgorithm — SEQUENCE, ecdsa-with-SHA384  [0x1a0+0xc]
            algorithm: "1.2.840.10045.4.3.3" — OBJECT IDENTIFIER, ecdsa-with-SHA384  [0x1a2+0xa]
        ▾ signatureValue — BIT STRING, 560 bits, encapsulates DER  [0x1ac+0x49]
          ▾ Dss-Sig-Value — SEQUENCE  [0x1af+0x46]
              r: 25 82 5f 88 98 e6 88 50 4c 18 b5 d3 0b 6b 49 cd …  |%._....PL....kI.| — INTEGER, 254-bit  [0x1b1+0x22]
              s: 1a ec 4d b3 8f 73 23 c1 f9 06 91 bc 14 94 97 6f …  |..M..s#........o| — INTEGER, 253-bit  [0x1d3+0x22]
      Additional data length: 0  [0x1f5+0x4]
      Public key length: 91  [0x1f9+0x4]
    ▾ Public key — ASN.1 DER, SEQUENCE, 91 bytes  [0x1fd+0x5b]
      ▾ SEQUENCE  [0x1fd+0x5b]
        ▾ SEQUENCE — ecPublicKey = prime256v1  [0x1ff+0x15]
            OBJECT IDENTIFIER: "1.2.840.10045.2.1" — ecPublicKey  [0x201+0x9]
            OBJECT IDENTIFIER: "1.2.840.10045.3.1.7" — prime256v1  [0x20a+0xa]
          BIT STRING: 04 a9 be bb a3 62 da c0 5a e2 c5 81 3c c8 82 bf …  |.....b..Z...<...| — 520 bits  [0x214+0x44]
      Signature algorithm: ECDSA_WITH_SHA256 (0x201)  [0x258+0x4]
      Signature length: 72  [0x25c+0x4]
      Signature: 30 46 02 21 00 f3 14 23 40 17 20 74 d1 f8 d5 b9 …  |0F.!...#@. t....|  [0x260+0x48]
      Block ID: APK Signature Scheme v3.1 (0x1b93ad61)  [0x2a8+0x4]
      Signing info length: 624  [0x2ac+0x4]
    ▾ Signing info (rotated key)  [0x2b0+0x270]
        APK digest length: 32  [0x2b0+0x4]
        APK digest: 4b 9d ce a9 c6 91 b4 fd 70 e0 52 f3 98 d0 46 6e …  |K.......p.R...Fn|  [0x2b4+0x20]
        Certificate length: 406  [0x2d4+0x4]
      ▾ Certificate — X.509 certificate, CN=fillyfoal test new, self-signed, valid 2026-10-10 to 2054-02-25, EC P-256 (prime256v1)  [0x2d8+0x196]
        ▾ Certificate — SEQUENCE, CN=fillyfoal test new, self-signed, valid 2026-10-10 to 2054-02-25, EC P-256 (prime256v1)  [0x2d8+0x196]
          ▾ tbsCertificate — SEQUENCE  [0x2dc+0x13c]
            ▾ version — [0]  [0x2e0+0x5]
                Version: v3 (0x2) — INTEGER  [0x2e2+0x3]
              serialNumber: e3 79 d9 b5 3c fe 7a 93  |.y..<.z.| — INTEGER, 64-bit  [0x2e5+0xb]
            ▾ signature — SEQUENCE, ecdsa-with-SHA384  [0x2f0+0xc]
                algorithm: "1.2.840.10045.4.3.3" — OBJECT IDENTIFIER, ecdsa-with-SHA384  [0x2f2+0xa]
            ▾ issuer — SEQUENCE, C=US, O=Example, CN=fillyfoal test new  [0x2fc+0x3e]
              ▾ RelativeDistinguishedName — SET  [0x2fe+0xd]
                ▾ AttributeTypeAndValue — SEQUENCE, countryName = US  [0x300+0xb]
                    type: "2.5.4.6" — OBJECT IDENTIFIER, countryName  [0x302+0x5]
                    value: "US" — PrintableString  [0x307+0x4]
              ▾ RelativeDistinguishedName — SET  [0x30b+0x12]
                ▾ AttributeTypeAndValue — SEQUENCE, organizationName = Example  [0x30d+0x10]
                    type: "2.5.4.10" — OBJECT IDENTIFIER, organizationName  [0x30f+0x5]
                    value: "Example" — PrintableString  [0x314+0x9]
              ▾ RelativeDistinguishedName — SET  [0x31d+0x1d]
                ▾ AttributeTypeAndValue — SEQUENCE, commonName = fillyfoal test new  [0x31f+0x1b]
                    type: "2.5.4.3" — OBJECT IDENTIFIER, commonName  [0x321+0x5]
                    value: "fillyfoal test new" — PrintableString  [0x326+0x14]
            ▾ validity — SEQUENCE, 2026-10-10 to 2054-02-25 (10000 days)  [0x33a+0x22]
                notBefore: 2026-10-10 18:09:19 UTC — UTCTime  [0x33c+0xf]
                notAfter: 2054-02-25 18:09:19 UTC — GeneralizedTime  [0x34b+0x11]
            ▾ subject — SEQUENCE, C=US, O=Example, CN=fillyfoal test new  [0x35c+0x3e]
              ▾ RelativeDistinguishedName — SET  [0x35e+0xd]
                ▾ AttributeTypeAndValue — SEQUENCE, countryName = US  [0x360+0xb]
                    type: "2.5.4.6" — OBJECT IDENTIFIER, countryName  [0x362+0x5]
                    value: "US" — PrintableString  [0x367+0x4]
              ▾ RelativeDistinguishedName — SET  [0x36b+0x12]
                ▾ AttributeTypeAndValue — SEQUENCE, organizationName = Example  [0x36d+0x10]
                    type: "2.5.4.10" — OBJECT IDENTIFIER, organizationName  [0x36f+0x5]
                    value: "Example" — PrintableString  [0x374+0x9]
              ▾ RelativeDistinguishedName — SET  [0x37d+0x1d]
                ▾ AttributeTypeAndValue — SEQUENCE, commonName = fillyfoal test new  [0x37f+0x1b]
                    type: "2.5.4.3" — OBJECT IDENTIFIER, commonName  [0x381+0x5]
                    value: "fillyfoal test new" — PrintableString  [0x386+0x14]
            ▾ subjectPublicKeyInfo — SEQUENCE, EC P-256 (prime256v1)  [0x39a+0x5b]
              ▾ algorithm — SEQUENCE, ecPublicKey = prime256v1  [0x39c+0x15]
                  algorithm: "1.2.840.10045.2.1" — OBJECT IDENTIFIER, ecPublicKey  [0x39e+0x9]
                  namedCurve: "1.2.840.10045.3.1.7" — OBJECT IDENTIFIER, prime256v1  [0x3a7+0xa]
              ▾ subjectPublicKey: 04 c6 88 ca 2b a7 e1 3b 05 50 52 3b 22 d7 f3 2f …  |....+..;.PR;"../| — BIT STRING, uncompressed point, 256-bit coordinates  [0x3b1+0x44]
                  format: uncompressed (0x4)  [0x3b4+0x1]
                  x: c6 88 ca 2b a7 e1 3b 05 50 52 3b 22 d7 f3 2f 4a …  |...+..;.PR;"../J| — 32 bytes  [0x3b5+0x20]
                  y: 74 26 be 01 e0 0b 26 27 36 6e 1a 0e 56 36 73 9b …  |t&....&'6n..V6s.| — 32 bytes  [0x3d5+0x20]
            ▾ extensions — [3]  [0x3f5+0x23]
              ▾ Extensions — SEQUENCE  [0x3f7+0x21]
                ▾ Extension — SEQUENCE, subjectKeyIdentifier: E3:21:1D:E7:DE:90:A7:42:41:D4:77:B5:37:F8:FC:62:BD:A8:52:83  [0x3f9+0x1f]
                    extnID: "2.5.29.14" — OBJECT IDENTIFIER, subjectKeyIdentifier  [0x3fb+0x5]
                  ▾ extnValue — OCTET STRING, 22 bytes, encapsulates DER  [0x400+0x18]
                      SubjectKeyIdentifier: "E3:21:1D:E7:DE:90:A7:42:41:D4:77:B5:37:F8:FC:62:BD:A8:52:83" — OCTET STRING, 20 bytes  [0x402+0x16]
          ▾ signatureAlgorithm — SEQUENCE, ecdsa-with-SHA384  [0x418+0xc]
              algorithm: "1.2.840.10045.4.3.3" — OBJECT IDENTIFIER, ecdsa-with-SHA384  [0x41a+0xa]
          ▾ signatureValue — BIT STRING, 568 bits, encapsulates DER  [0x424+0x4a]
            ▾ Dss-Sig-Value — SEQUENCE  [0x427+0x47]
                r: b5 ea c9 cb f8 bb 65 f5 c1 04 c4 63 ca 13 ad 16 …  |......e....c....| — INTEGER, 256-bit  [0x429+0x23]
                s: 5e c7 03 17 6e c4 60 b8 3d 47 ae 72 ea f5 03 04 …  |^...n.`.=G.r....| — INTEGER, 255-bit  [0x44c+0x22]
        Additional data length: 0  [0x46e+0x4]
        Public key length: 91  [0x472+0x4]
      ▾ Public key — ASN.1 DER, SEQUENCE, 91 bytes  [0x476+0x5b]
        ▾ SEQUENCE  [0x476+0x5b]
          ▾ SEQUENCE — ecPublicKey = prime256v1  [0x478+0x15]
              OBJECT IDENTIFIER: "1.2.840.10045.2.1" — ecPublicKey  [0x47a+0x9]
              OBJECT IDENTIFIER: "1.2.840.10045.3.1.7" — prime256v1  [0x483+0xa]
            BIT STRING: 04 c6 88 ca 2b a7 e1 3b 05 50 52 3b 22 d7 f3 2f …  |....+..;.PR;"../| — 520 bits  [0x48d+0x44]
        Signature algorithm: ECDSA_WITH_SHA256 (0x201)  [0x4d1+0x4]
        Signature length: 71  [0x4d5+0x4]
        Signature: 30 45 02 20 27 b3 e5 ae 51 13 a8 b6 c2 de 8c 69 …  |0E. '...Q......i|  [0x4d9+0x47]
    Merkle tree size: 4096  [0x520+0x4]
    Merkle tree  [0x524+0x1000]
