---
source: tests/formats.rs
expression: "common::explore(&display_name(&path), &data)"
---
▾ solid.ace — ACE 2.0 archive (solid), 3 files, 4.2 KiB uncompressed  [0x0+0x25e]
  ▾ Main header  [0x0+0x1e]
    ▾ Header  [0x0+0x1e]
        Header CRC: 0xd4dc — valid  [0x0+0x2]
        Header size: 26  [0x2+0x2]
        Header type: main header (0x0)  [0x4+0x1]
        Flags: 0x8100 [V20FORMAT | SOLID]  [0x5+0x2]
        Signature: "**ACE**"  [0x7+0x7]
        Version needed: 20 — 2.0  [0xe+0x1]
        Version created: 20 — 2.0  [0xf+0x1]
        Host OS: Win32 (0x2)  [0x10+0x1]
        Volume number: 0  [0x11+0x1]
        Creation time: 0x58221880 — 2024-01-02 03:04:00  [0x12+0x4]
        Reserved: 00 00 00 00 00 00 00 00  |........|  [0x16+0x8]
  ▾ ONE.TXT — 1.7 KiB, blocked  [0x1e+0xc6]
    ▾ Header  [0x1e+0x2a]
        Header CRC: 0xfa04 — valid  [0x1e+0x2]
        Header size: 38  [0x20+0x2]
        Header type: file (32-bit sizes) (0x1)  [0x22+0x1]
        Flags: 0x1 [ADDSIZE]  [0x23+0x2]
        Packed size: 156  [0x25+0x4]
        Original size: 1778  [0x29+0x4]
        Modification time: 0x58221880 — 2024-01-02 03:04:00  [0x2d+0x4]
        Attributes: 0x20 [ARCHIVE]  [0x31+0x4]
        CRC-32: 0x98972d26  [0x35+0x4]
        Compression type: blocked (0x2)  [0x39+0x1]
        Compression quality: normal (0x3)  [0x3a+0x1]
        Compression parameters: 0xa — dictionary 1 MiB  [0x3b+0x2]
        Reserved: 0  [0x3d+0x2]
        Name size: 7  [0x3f+0x2]
        Name: "ONE.TXT"  [0x41+0x7]
    ▾ Content — UTF-8 text, CRLF line endings, 14 lines  [0x48+0x9c]
        Encoding: "UTF-8"
        Line endings: "CRLF" — 0 LF, 14 CRLF, 0 CR
      ▾ Lines — 14 lines  [#2:0x0+0x6f2]
          Line 1: "the quick brown fox jumps over the lazy dog while the archiver packs every byte it can find into ever smaller blocks of bits "  [#2:0x0+0x7d]
          Line 2: " brown fox jumps over the lazy dog while the archiver packs every byte it can find into ever smaller blocks of bits the quick"  [#2:0x7f+0x7d]
          Line 3: "x jumps over the lazy dog while the archiver packs every byte it can find into ever smaller blocks of bits the quick brown fo"  [#2:0xfe+0x7d]
          Line 4: "ver the lazy dog while the archiver packs every byte it can find into ever smaller blocks of bits the quick brown fox jumps o"  [#2:0x17d+0x7d]
          Line 5: "azy dog while the archiver packs every byte it can find into ever smaller blocks of bits the quick brown fox jumps over the l"  [#2:0x1fc+0x7d]
          Line 6: "hile the archiver packs every byte it can find into ever smaller blocks of bits the quick brown fox jumps over the lazy dog w"  [#2:0x27b+0x7d]
          Line 7: "archiver packs every byte it can find into ever smaller blocks of bits the quick brown fox jumps over the lazy dog while the "  [#2:0x2fa+0x7d]
          Line 8: "the quick brown fox jumps over the lazy dog while the archiver packs every byte it can find into ever smaller blocks of bits "  [#2:0x379+0x7d]
          Line 9: " brown fox jumps over the lazy dog while the archiver packs every byte it can find into ever smaller blocks of bits the quick"  [#2:0x3f8+0x7d]
          Line 10: "x jumps over the lazy dog while the archiver packs every byte it can find into ever smaller blocks of bits the quick brown fo"  [#2:0x477+0x7d]
          Line 11: "ver the lazy dog while the archiver packs every byte it can find into ever smaller blocks of bits the quick brown fox jumps o"  [#2:0x4f6+0x7d]
          Line 12: "azy dog while the archiver packs every byte it can find into ever smaller blocks of bits the quick brown fox jumps over the l"  [#2:0x575+0x7d]
          Line 13: "hile the archiver packs every byte it can find into ever smaller blocks of bits the quick brown fox jumps over the lazy dog w"  [#2:0x5f4+0x7d]
          Line 14: "archiver packs every byte it can find into ever smaller blocks of bits the quick brown fox jumps over the lazy dog while the "  [#2:0x673+0x7d]
  ▾ TWO.TXT — 1.7 KiB, blocked  [0xe4+0x4e]
    ▾ Header  [0xe4+0x2a]
        Header CRC: 0x3bf7 — valid  [0xe4+0x2]
        Header size: 38  [0xe6+0x2]
        Header type: file (32-bit sizes) (0x1)  [0xe8+0x1]
        Flags: 0x8001 [ADDSIZE | SOLID]  [0xe9+0x2]
        Packed size: 36  [0xeb+0x4]
        Original size: 1778  [0xef+0x4]
        Modification time: 0x58221880 — 2024-01-02 03:04:00  [0xf3+0x4]
        Attributes: 0x20 [ARCHIVE]  [0xf7+0x4]
        CRC-32: 0xb1b74ea5  [0xfb+0x4]
        Compression type: blocked (0x2)  [0xff+0x1]
        Compression quality: normal (0x3)  [0x100+0x1]
        Compression parameters: 0xa — dictionary 1 MiB  [0x101+0x2]
        Reserved: 0  [0x103+0x2]
        Name size: 7  [0x105+0x2]
        Name: "TWO.TXT"  [0x107+0x7]
    ▾ Content — UTF-8 text, CRLF line endings, 15 lines  [0x10e+0x24]
        Encoding: "UTF-8"
        Line endings: "CRLF" — 0 LF, 14 CRLF, 0 CR
      ▾ Lines — 15 lines  [#2:0x6f2+0x6f2]
          Line 1: "the archiver packs every byte it can find into ever smaller blocks of bits "  [#2:0x6f2+0x4b]
          Line 2: " brown fox jumps over the lazy dog while the archiver packs every byte it can find into ever smaller blocks of bits the quick"  [#2:0x73f+0x7d]
          Line 3: "x jumps over the lazy dog while the archiver packs every byte it can find into ever smaller blocks of bits the quick brown fo"  [#2:0x7be+0x7d]
          Line 4: "ver the lazy dog while the archiver packs every byte it can find into ever smaller blocks of bits the quick brown fox jumps o"  [#2:0x83d+0x7d]
          Line 5: "azy dog while the archiver packs every byte it can find into ever smaller blocks of bits the quick brown fox jumps over the l"  [#2:0x8bc+0x7d]
          Line 6: "hile the archiver packs every byte it can find into ever smaller blocks of bits the quick brown fox jumps over the lazy dog w"  [#2:0x93b+0x7d]
          Line 7: "archiver packs every byte it can find into ever smaller blocks of bits the quick brown fox jumps over the lazy dog while the "  [#2:0x9ba+0x7d]
          Line 8: "the quick brown fox jumps over the lazy dog while the archiver packs every byte it can find into ever smaller blocks of bits "  [#2:0xa39+0x7d]
          Line 9: " brown fox jumps over the lazy dog while the archiver packs every byte it can find into ever smaller blocks of bits the quick"  [#2:0xab8+0x7d]
          Line 10: "x jumps over the lazy dog while the archiver packs every byte it can find into ever smaller blocks of bits the quick brown fo"  [#2:0xb37+0x7d]
          Line 11: "ver the lazy dog while the archiver packs every byte it can find into ever smaller blocks of bits the quick brown fox jumps o"  [#2:0xbb6+0x7d]
          Line 12: "azy dog while the archiver packs every byte it can find into ever smaller blocks of bits the quick brown fox jumps over the l"  [#2:0xc35+0x7d]
          Line 13: "hile the archiver packs every byte it can find into ever smaller blocks of bits the quick brown fox jumps over the lazy dog w"  [#2:0xcb4+0x7d]
          Line 14: "archiver packs every byte it can find into ever smaller blocks of bits the quick brown fox jumps over the lazy dog while the "  [#2:0xd33+0x7d]
          Line 15: "the quick brown fox jumps over the lazy dog while "  [#2:0xdb2+0x32]
  ▾ THREE.BIN — 700 bytes, blocked  [0x132+0x12c]
    ▾ Header  [0x132+0x2c]
        Header CRC: 0xe085 — valid  [0x132+0x2]
        Header size: 40  [0x134+0x2]
        Header type: file (32-bit sizes) (0x1)  [0x136+0x1]
        Flags: 0x8001 [ADDSIZE | SOLID]  [0x137+0x2]
        Packed size: 256  [0x139+0x4]
        Original size: 700  [0x13d+0x4]
        Modification time: 0x58221880 — 2024-01-02 03:04:00  [0x141+0x4]
        Attributes: 0x20 [ARCHIVE]  [0x145+0x4]
        CRC-32: 0x21303df8  [0x149+0x4]
        Compression type: blocked (0x2)  [0x14d+0x1]
        Compression quality: normal (0x3)  [0x14e+0x1]
        Compression parameters: 0xa — dictionary 1 MiB  [0x14f+0x2]
        Reserved: 0  [0x151+0x2]
        Name size: 9  [0x153+0x2]
        Name: "THREE.BIN"  [0x155+0x9]
    ▾ Content — 0x2bc bytes decompressed  [0x15e+0x100]
        Data  [#2:0xde4+0x2bc]
