---
source: tests/formats.rs
expression: "common::explore(&display_name(&path), &data)"
---
▾ sips.psd — 8×6, RGB, 8-bit, 3 channels  [0x0+0xda8]
  ▾ Header  [0x0+0x1a]
      Signature: "8BPS"  [0x0+0x4]
      Version: PSD (0x1)  [0x4+0x2]
      Reserved: 00 00 00 00 00 00  |......|  [0x6+0x6]
      Channels: 3  [0xc+0x2]
      Height: 6  [0xe+0x4]
      Width: 8  [0x12+0x4]
      Depth: 8  [0x16+0x2]
      Color mode: RGB (0x3)  [0x18+0x2]
    Color Mode Data — 0x0 bytes  [0x1a+0x4]
  ▾ Image Resources — 0xcc0 bytes  [0x1e+0xcc4]
    ▾ Resolution info: 1005 — 0x10 bytes  [0x22+0x1c]
        Signature: "8BIM"  [0x22+0x4]
        Resource ID: 1005 — Resolution info  [0x26+0x2]
        Name length: 0  [0x28+0x1]
        Name: ""  [0x29+0x0]
        Data size: 16  [0x2a+0x4]
      ▾ Resolution  [0x2e+0x10]
          Horizontal resolution: 4718592 — 72.00  [0x2e+0x4]
          Horizontal resolution unit: 1  [0x32+0x2]
          Width unit: 1  [0x34+0x2]
          Vertical resolution: 4718592 — 72.00  [0x36+0x4]
          Vertical resolution unit: 1  [0x3a+0x2]
          Height unit: 1  [0x3c+0x2]
    ▾ ICC profile: 1039 — 0xc48 bytes  [0x3e+0xc54]
        Signature: "8BIM"  [0x3e+0x4]
        Resource ID: 1039 — ICC profile  [0x42+0x2]
        Name length: 0  [0x44+0x1]
        Name: ""  [0x45+0x0]
        Data size: 3144  [0x46+0x4]
      ▾ ICC profile — ICC profile v2.1.0, Display device, RGB → XYZ, "sRGB IEC61966-2.1", by Hewlett-Packard  [0x4a+0xc48]
        ▾ Header  [0x4a+0x80]
            Profile size: 3144  [0x4a+0x4]
            Preferred CMM type: "Lino"  [0x4e+0x4]
            Version: 0x2100000 — 2.1.0  [0x52+0x4]
            Device class: Display device (0x6d6e7472)  [0x56+0x4]
            Data colour space: RGB (0x52474220)  [0x5a+0x4]
            Profile connection space: XYZ (0x58595a20)  [0x5e+0x4]
            Date and time: 1998-02-09 06:49:00 UTC  [0x62+0xc]
            Signature: "acsp"  [0x6e+0x4]
            Primary platform: Microsoft (0x4d534654)  [0x72+0x4]
            Profile flags: 0x0 []  [0x76+0x4]
            Device manufacturer: "IEC " — IEC  [0x7a+0x4]
            Device model: 0x73524742  [0x7e+0x4]
            Device attributes: 0x0 []  [0x82+0x8]
            Rendering intent: Perceptual (0x0)  [0x8a+0x4]
            PCS illuminant X: 0.964202880859375  [0x8e+0x4]
            PCS illuminant Y: 1  [0x92+0x4]
            PCS illuminant Z: 0.8249053955078125  [0x96+0x4]
            Profile creator: "HP  " — Hewlett-Packard  [0x9a+0x4]
            Profile ID: 00 00 00 00 00 00 00 00 00 00 00 00 00 00 00 00  |................|  [0x9e+0x10]
            Reserved: 00 00 00 00 00 00 00 00 00 00 00 00 00 00 00 00 …  |................|  [0xae+0x1c]
        ▾ Tag table — 17 tags  [0xca+0xd0]
          ▾ Copyright: "Copyright (c) 1998 Hewlett-Packard Company" — 'cprt', type 'text', 51 bytes  [0x19a+0x33]
              Type: "text"  [0x19a+0x4]
              Reserved: 0  [0x19e+0x4]
              Text: "Copyright (c) 1998 Hewlett-Packard Company"  [0x1a2+0x2b]
          ▾ Profile description: "sRGB IEC61966-2.1" — 'desc', type 'desc', 108 bytes  [0x1ce+0x6c]
              Type: "desc"  [0x1ce+0x4]
              Reserved: 0  [0x1d2+0x4]
              ASCII count: 18  [0x1d6+0x4]
              ASCII description: "sRGB IEC61966-2.1"  [0x1da+0x12]
              Unicode language: 0x0  [0x1ec+0x4]
              Unicode count: 0  [0x1f0+0x4]
              ScriptCode code: 0  [0x1f4+0x2]
              ScriptCode count: 18  [0x1f6+0x1]
              ScriptCode description: "sRGB IEC61966-2.1"  [0x1f7+0x12]
          ▾ Media white point: "X 0.9505, Y 1.0000, Z 1.0891" — 'wtpt', type 'XYZ ', 20 bytes  [0x23a+0x14]
              Type: "XYZ "  [0x23a+0x4]
              Reserved: 0  [0x23e+0x4]
              X: 0.9504547119140625  [0x242+0x4]
              Y: 1  [0x246+0x4]
              Z: 1.08905029296875  [0x24a+0x4]
          ▾ Media black point: "X 0.0000, Y 0.0000, Z 0.0000" — 'bkpt', type 'XYZ ', 20 bytes  [0x24e+0x14]
              Type: "XYZ "  [0x24e+0x4]
              Reserved: 0  [0x252+0x4]
              X: 0  [0x256+0x4]
              Y: 0  [0x25a+0x4]
              Z: 0  [0x25e+0x4]
          ▾ Red matrix column: "X 0.4361, Y 0.2225, Z 0.0139" — 'rXYZ', type 'XYZ ', 20 bytes  [0x262+0x14]
              Type: "XYZ "  [0x262+0x4]
              Reserved: 0  [0x266+0x4]
              X: 0.436065673828125  [0x26a+0x4]
              Y: 0.2224884033203125  [0x26e+0x4]
              Z: 0.013916015625  [0x272+0x4]
          ▾ Green matrix column: "X 0.3851, Y 0.7169, Z 0.0971" — 'gXYZ', type 'XYZ ', 20 bytes  [0x276+0x14]
              Type: "XYZ "  [0x276+0x4]
              Reserved: 0  [0x27a+0x4]
              X: 0.3851470947265625  [0x27e+0x4]
              Y: 0.7168731689453125  [0x282+0x4]
              Z: 0.097076416015625  [0x286+0x4]
          ▾ Blue matrix column: "X 0.1431, Y 0.0606, Z 0.7141" — 'bXYZ', type 'XYZ ', 20 bytes  [0x28a+0x14]
              Type: "XYZ "  [0x28a+0x4]
              Reserved: 0  [0x28e+0x4]
              X: 0.14306640625  [0x292+0x4]
              Y: 0.06060791015625  [0x296+0x4]
              Z: 0.7140960693359375  [0x29a+0x4]
          ▾ Device manufacturer description: "IEC http://www.iec.ch" — 'dmnd', type 'desc', 112 bytes  [0x29e+0x70]
              Type: "desc"  [0x29e+0x4]
              Reserved: 0  [0x2a2+0x4]
              ASCII count: 22  [0x2a6+0x4]
              ASCII description: "IEC http://www.iec.ch"  [0x2aa+0x16]
              Unicode language: 0x0  [0x2c0+0x4]
              Unicode count: 0  [0x2c4+0x4]
              ScriptCode code: 0  [0x2c8+0x2]
              ScriptCode count: 22  [0x2ca+0x1]
              ScriptCode description: "IEC http://www.iec.ch"  [0x2cb+0x16]
          ▾ Device model description: "IEC 61966-2.1 Default RGB colour space - sRGB" — 'dmdd', type 'desc', 136 bytes  [0x30e+0x88]
              Type: "desc"  [0x30e+0x4]
              Reserved: 0  [0x312+0x4]
              ASCII count: 46  [0x316+0x4]
              ASCII description: "IEC 61966-2.1 Default RGB colour space - sRGB"  [0x31a+0x2e]
              Unicode language: 0x0  [0x348+0x4]
              Unicode count: 0  [0x34c+0x4]
              ScriptCode code: 0  [0x350+0x2]
              ScriptCode count: 46  [0x352+0x1]
              ScriptCode description: "IEC 61966-2.1 Default RGB colour space - sRGB"  [0x353+0x2e]
          ▾ Viewing conditions description: "Reference Viewing Condition in IEC61966-2.1" — 'vued', type 'desc', 134 bytes  [0x396+0x86]
              Type: "desc"  [0x396+0x4]
              Reserved: 0  [0x39a+0x4]
              ASCII count: 44  [0x39e+0x4]
              ASCII description: "Reference Viewing Condition in IEC61966-2.1"  [0x3a2+0x2c]
              Unicode language: 0x0  [0x3ce+0x4]
              Unicode count: 0  [0x3d2+0x4]
              ScriptCode code: 0  [0x3d6+0x2]
              ScriptCode count: 44  [0x3d8+0x1]
              ScriptCode description: "Reference Viewing Condition in IEC61966-2.1"  [0x3d9+0x2c]
          ▾ Viewing conditions — 'view', type 'view', 36 bytes  [0x41e+0x24]
              Type: "view"  [0x41e+0x4]
              Reserved: 0  [0x422+0x4]
              Illuminant X: 19.644500732421875  [0x426+0x4]
              Illuminant Y: 20.371795654296875  [0x42a+0x4]
              Illuminant Z: 16.80889892578125  [0x42e+0x4]
              Surround X: 3.92889404296875  [0x432+0x4]
              Surround Y: 4.0743865966796875  [0x436+0x4]
              Surround Z: 3.361785888671875  [0x43a+0x4]
              Illuminant type: D50 (0x1)  [0x43e+0x4]
          ▾ Luminance: "X 76.0365, Y 80.0000, Z 87.1246" — 'lumi', type 'XYZ ', 20 bytes  [0x442+0x14]
              Type: "XYZ "  [0x442+0x4]
              Reserved: 0  [0x446+0x4]
              X: 76.03646850585938  [0x44a+0x4]
              Y: 80  [0x44e+0x4]
              Z: 87.12461853027344  [0x452+0x4]
          ▾ Measurement — 'meas', type 'meas', 36 bytes  [0x456+0x24]
              Type: "meas"  [0x456+0x4]
              Reserved: 0  [0x45a+0x4]
              Standard observer: CIE 1931 (2°) (0x1)  [0x45e+0x4]
              Backing X: 0  [0x462+0x4]
              Backing Y: 0  [0x466+0x4]
              Backing Z: 0  [0x46a+0x4]
              Geometry: Unknown (0x0)  [0x46e+0x4]
              Flare: 655 — 1.0%  [0x472+0x4]
              Illuminant: D65 (0x2)  [0x476+0x4]
          ▾ Technology: "Cathode ray tube display" — 'tech', type 'sig ', 12 bytes  [0x47a+0xc]
              Type: "sig "  [0x47a+0x4]
              Reserved: 0  [0x47e+0x4]
              Signature: "CRT " — Cathode ray tube display  [0x482+0x4]
          ▾ Red tone reproduction curve: "1024-point curve" — 'rTRC', type 'curv', 2.0 KiB  [0x486+0x80c]
              Type: "curv"  [0x486+0x4]
              Reserved: 0  [0x48a+0x4]
              Entries: 1024  [0x48e+0x4]
              Table — 1024 16-bit entries, about gamma 2.22  [0x492+0x800]
          ▾ Green tone reproduction curve: "1024-point curve" — 'gTRC', type 'curv', 2.0 KiB  [0x486+0x80c]
              Type: "curv"  [0x486+0x4]
              Reserved: 0  [0x48a+0x4]
              Entries: 1024  [0x48e+0x4]
              Table — 1024 16-bit entries, about gamma 2.22  [0x492+0x800]
          ▾ Blue tone reproduction curve: "1024-point curve" — 'bTRC', type 'curv', 2.0 KiB  [0x486+0x80c]
              Type: "curv"  [0x486+0x4]
              Reserved: 0  [0x48a+0x4]
              Entries: 1024  [0x48e+0x4]
              Table — 1024 16-bit entries, about gamma 2.22  [0x492+0x800]
    ▾ EXIF data 1: 1058 — 0x44 bytes  [0xc92+0x50]
        Signature: "8BIM"  [0xc92+0x4]
        Resource ID: 1058 — EXIF data 1  [0xc96+0x2]
        Name length: 0  [0xc98+0x1]
        Name: ""  [0xc99+0x0]
        Data size: 68  [0xc9a+0x4]
      ▾ Exif — Exif, 1 entries in IFD0  [0xc9e+0x44]
        ▾ Header  [0xc9e+0x8]
            Byte order: "MM" — big-endian  [0xc9e+0x2]
            Version: TIFF (0x2a)  [0xca0+0x2]
            First IFD offset: 0x8  [0xca2+0x4]
        ▾ IFD0 — 1 entries  [0xca6+0x12]
            Entry count: 1  [0xca6+0x2]
          ▾ ExifIFD: 0x1a  [0xca8+0xc]
              Tag: 0x8769 — ExifIFD  [0xca8+0x2]
              Type: LONG (0x4)  [0xcaa+0x2]
              Count: 1  [0xcac+0x4]
              Value: 00 00 00 1a  |....|  [0xcb0+0x4]
            ▾ Exif IFD — 3 entries  [0xcb8+0x2a]
                Entry count: 3  [0xcb8+0x2]
              ▾ ColorSpace: sRGB (0x1)  [0xcba+0xc]
                  Tag: 0xa001 — ColorSpace  [0xcba+0x2]
                  Type: SHORT (0x3)  [0xcbc+0x2]
                  Count: 1  [0xcbe+0x4]
                  Value: 00 01 00 00  |....|  [0xcc2+0x4]
              ▾ PixelXDimension: 8  [0xcc6+0xc]
                  Tag: 0xa002 — PixelXDimension  [0xcc6+0x2]
                  Type: LONG (0x4)  [0xcc8+0x2]
                  Count: 1  [0xcca+0x4]
                  Value: 00 00 00 08  |....|  [0xcce+0x4]
              ▾ PixelYDimension: 6  [0xcd2+0xc]
                  Tag: 0xa003 — PixelYDimension  [0xcd2+0x2]
                  Type: LONG (0x4)  [0xcd4+0x2]
                  Count: 1  [0xcd6+0x4]
                  Value: 00 00 00 06  |....|  [0xcda+0x4]
            Next IFD offset: 0x0  [0xcb4+0x4]
  ▾ Layer and Mask Information — 0 layers  [0xce2+0xc]
    ▾ Section length  [0xce2+0x4]
        Length: 8  [0xce2+0x4]
    ▾ Layer Info  [0xce6+0x4]
        Length: 0  [0xce6+0x4]
      Global Layer Mask Info  [0xcea+0x4]
  ▾ Image Data — RLE (PackBits)  [0xcee+0xba]
      Compression: RLE (PackBits) (0x1)  [0xcee+0x2]
      Data  [0xcf0+0xb8]
