---
source: tests/formats.rs
expression: "common::explore(&display_name(&path), &data)"
---
▾ floats.idx — IDX float32 array, shape 2×3  [0x0+0x24]
    Zero: 0  [0x0+0x2]
    Data type: float32 (0xd)  [0x2+0x1]
    Dimensions: 2  [0x3+0x1]
    Size: 2  [0x4+0x4]
    Size: 3  [0x8+0x4]
  ▾ Items: 2  [0xc+0x18]
      Item 0 — 0.5 1.5 -2  [0xc+0xc]
      Item 1 — 3.25 0 0.001  [0x18+0xc]
