---
source: tests/formats.rs
expression: "common::explore(&display_name(&path), &data)"
---
▾ picture.neo — NEOchrome picture, low (320×200, 16 colours), "PICTURE .NEO"  [0x0+0x7d80]
    Flag: 0  [0x0+0x2]
    Resolution: low (320×200, 16 colours) (0x0)  [0x2+0x2]
    Palette: 00 00 07 00 00 70 00 07 07 77 03 33 05 55 07 70 …  |.....p...w.3.U.p|  [0x4+0x20]
    File name: "PICTURE .NEO"  [0x24+0xc]
    Colour animation limits: 0x0  [0x30+0x2]
    Colour animation speed and direction: 0x0  [0x32+0x2]
    Colour animation steps: 0  [0x34+0x2]
    Image X offset: 0  [0x36+0x2]
    Image Y offset: 0  [0x38+0x2]
    Image width: 320  [0x3a+0x2]
    Image height: 200  [0x3c+0x2]
    Reserved: 00 00 00 00 00 00 00 00 00 00 00 00 00 00 00 00 …  |................|  [0x3e+0x42]
  ▾ Palette colours  [0x4+0x20]
      Colour 0: 0x0 — #000000  [0x4+0x2]
      Colour 1: 0x700 — #ee0000  [0x6+0x2]
      Colour 2: 0x70 — #00ee00  [0x8+0x2]
      Colour 3: 0x7 — #0000ee  [0xa+0x2]
      Colour 4: 0x777 — #eeeeee  [0xc+0x2]
      Colour 5: 0x333 — #666666  [0xe+0x2]
      Colour 6: 0x555 — #aaaaaa  [0x10+0x2]
      Colour 7: 0x770 — #eeee00  [0x12+0x2]
      Colour 8: 0x77 — #00eeee  [0x14+0x2]
      Colour 9: 0x707 — #ee00ee  [0x16+0x2]
      Colour 10: 0x123 — #224466  [0x18+0x2]
      Colour 11: 0x456 — #88aacc  [0x1a+0x2]
      Colour 12: 0x654 — #ccaa88  [0x1c+0x2]
      Colour 13: 0x321 — #664422  [0x1e+0x2]
      Colour 14: 0x111 — #222222  [0x20+0x2]
      Colour 15: 0x222 — #444444  [0x22+0x2]
    Bitmap (interleaved bitplanes)  [0x80+0x7d00]
