---
source: tests/formats.rs
expression: "common::explore(&display_name(&path), &data)"
---
▾ model.keras — Keras v3 model (3 entries)  [0x0+0x1d2]
  ▾ Central Directory — 3 entries  [0x109+0xb3]
    ▾ metadata.json — deflate, 58 → 63 bytes  [0x109+0x3b]
      ▾ Central Directory Header  [0x109+0x2e]
          Signature: 50 4b 01 02  |PK..|  [0x109+0x4]
          Version made by: 20  [0x10d+0x1]
          Host system: Unix (0x3)  [0x10e+0x1]
          Version needed to extract: 20  [0x10f+0x2]
          General purpose flags: 0x0 []  [0x111+0x2]
          Compression method: deflate (0x8)  [0x113+0x2]
          Modification time (DOS): 0x0 — 00:00:00  [0x115+0x2]
          Modification date (DOS): 0x5821 — 2024-01-01  [0x117+0x2]
          CRC-32: 0xeb4a84c  [0x119+0x4]
          Compressed size: 58  [0x11d+0x4]
          Uncompressed size: 63  [0x121+0x4]
          File name length: 13  [0x125+0x2]
          Extra field length: 0  [0x127+0x2]
          Comment length: 0  [0x129+0x2]
          Disk number start: 0  [0x12b+0x2]
          Internal attributes: 0x0  [0x12d+0x2]
          External attributes: 0x1800000  [0x12f+0x4]
          Local header offset: 0x0  [0x133+0x4]
        File name: "metadata.json"  [0x137+0xd]
      ▾ Local File Header  [0x0+0x1e]
          Signature: 50 4b 03 04  |PK..|  [0x0+0x4]
          Version needed to extract: 20  [0x4+0x2]
          General purpose flags: 0x0 []  [0x6+0x2]
          Compression method: deflate (0x8)  [0x8+0x2]
          Modification time (DOS): 0x0 — 00:00:00  [0xa+0x2]
          Modification date (DOS): 0x5821 — 2024-01-01  [0xc+0x2]
          CRC-32: 0xeb4a84c  [0xe+0x4]
          Compressed size: 58  [0x12+0x4]
          Uncompressed size: 63  [0x16+0x4]
          File name length: 13  [0x1a+0x2]
          Extra field length: 0  [0x1c+0x2]
      ▾ Content — JSON object, 2 members  [0x2b+0x3a]
          keras_version: "3.0.5"  [#1:0x12+0x7]
          date_saved: "2024-01-01@00:00:00"  [#1:0x29+0x15]
    ▾ config.json — deflate, 71 → 95 bytes  [0x144+0x39]
      ▾ Central Directory Header  [0x144+0x2e]
          Signature: 50 4b 01 02  |PK..|  [0x144+0x4]
          Version made by: 20  [0x148+0x1]
          Host system: Unix (0x3)  [0x149+0x1]
          Version needed to extract: 20  [0x14a+0x2]
          General purpose flags: 0x0 []  [0x14c+0x2]
          Compression method: deflate (0x8)  [0x14e+0x2]
          Modification time (DOS): 0x0 — 00:00:00  [0x150+0x2]
          Modification date (DOS): 0x5821 — 2024-01-01  [0x152+0x2]
          CRC-32: 0x9cc09b94  [0x154+0x4]
          Compressed size: 71  [0x158+0x4]
          Uncompressed size: 95  [0x15c+0x4]
          File name length: 11  [0x160+0x2]
          Extra field length: 0  [0x162+0x2]
          Comment length: 0  [0x164+0x2]
          Disk number start: 0  [0x166+0x2]
          Internal attributes: 0x0  [0x168+0x2]
          External attributes: 0x1800000  [0x16a+0x4]
          Local header offset: 0x65  [0x16e+0x4]
        File name: "config.json"  [0x172+0xb]
      ▾ Local File Header  [0x65+0x1e]
          Signature: 50 4b 03 04  |PK..|  [0x65+0x4]
          Version needed to extract: 20  [0x69+0x2]
          General purpose flags: 0x0 []  [0x6b+0x2]
          Compression method: deflate (0x8)  [0x6d+0x2]
          Modification time (DOS): 0x0 — 00:00:00  [0x6f+0x2]
          Modification date (DOS): 0x5821 — 2024-01-01  [0x71+0x2]
          CRC-32: 0x9cc09b94  [0x73+0x4]
          Compressed size: 71  [0x77+0x4]
          Uncompressed size: 95  [0x7b+0x4]
          File name length: 11  [0x7f+0x2]
          Extra field length: 0  [0x81+0x2]
      ▾ Content — JSON object, 3 members  [0x8e+0x47]
          module: "keras"  [#2:0xb+0x7]
          class_name: "Sequential"  [#2:0x22+0xc]
        ▾ config — object, 2 members  [#2:0x3a+0x24]
            name: "sequential"  [#2:0x43+0xc]
            layers — array, 0 elements  [#2:0x5b+0x2]
    ▾ model.weights.bin — deflate, 5 → 16 bytes  [0x17d+0x3f]
      ▾ Central Directory Header  [0x17d+0x2e]
          Signature: 50 4b 01 02  |PK..|  [0x17d+0x4]
          Version made by: 20  [0x181+0x1]
          Host system: Unix (0x3)  [0x182+0x1]
          Version needed to extract: 20  [0x183+0x2]
          General purpose flags: 0x0 []  [0x185+0x2]
          Compression method: deflate (0x8)  [0x187+0x2]
          Modification time (DOS): 0x0 — 00:00:00  [0x189+0x2]
          Modification date (DOS): 0x5821 — 2024-01-01  [0x18b+0x2]
          CRC-32: 0xecbb4b55  [0x18d+0x4]
          Compressed size: 5  [0x191+0x4]
          Uncompressed size: 16  [0x195+0x4]
          File name length: 17  [0x199+0x2]
          Extra field length: 0  [0x19b+0x2]
          Comment length: 0  [0x19d+0x2]
          Disk number start: 0  [0x19f+0x2]
          Internal attributes: 0x0  [0x1a1+0x2]
          External attributes: 0x1800000  [0x1a3+0x4]
          Local header offset: 0xd5  [0x1a7+0x4]
        File name: "model.weights.bin"  [0x1ab+0x11]
      ▾ Local File Header  [0xd5+0x1e]
          Signature: 50 4b 03 04  |PK..|  [0xd5+0x4]
          Version needed to extract: 20  [0xd9+0x2]
          General purpose flags: 0x0 []  [0xdb+0x2]
          Compression method: deflate (0x8)  [0xdd+0x2]
          Modification time (DOS): 0x0 — 00:00:00  [0xdf+0x2]
          Modification date (DOS): 0x5821 — 2024-01-01  [0xe1+0x2]
          CRC-32: 0xecbb4b55  [0xe3+0x4]
          Compressed size: 5  [0xe7+0x4]
          Uncompressed size: 16  [0xeb+0x4]
          File name length: 17  [0xef+0x2]
          Extra field length: 0  [0xf1+0x2]
      ▾ Content — 0x10 bytes decompressed  [0x104+0x5]
          Data  [#3:0x0+0x10]
  ▾ End of Central Directory — at 0x1bc  [0x1bc+0x16]
      Signature: 50 4b 05 06  |PK..|  [0x1bc+0x4]
      Number of this disk: 0  [0x1c0+0x2]
      Disk where the central directory starts: 0  [0x1c2+0x2]
      Entries on this disk: 3  [0x1c4+0x2]
      Total entries: 3  [0x1c6+0x2]
      Central directory size: 0xb3  [0x1c8+0x4]
      Central directory offset: 0x109  [0x1cc+0x4]
      Comment length: 0  [0x1d0+0x2]
